src/adapters/sovereign/DatabaseAdapter.ts(41,1): error TS6133: 'crypto' is declared but its value is never read.
src/adapters/sovereign/DatabaseAdapter.ts(203,34): error TS6133: 'params' is declared but its value is never read.
src/adapters/sovereign/DatabaseAdapter.ts(356,59): error TS6133: 'value' is declared but its value is never read.
src/adapters/sovereign/FileWatcherAdapter.ts(41,1): error TS6133: 'EventEmitter' is declared but its value is never read.
src/adapters/sovereign/FileWatcherAdapter.ts(97,28): error TS6133: 'filename' is declared but its value is never read.
src/adapters/sovereign/FileWatcherAdapter.ts(114,28): error TS6133: 'filename' is declared but its value is never read.
src/adapters/sovereign/FileWatcherAdapter.ts(161,28): error TS6133: 'filename' is declared but its value is never read.
src/adapters/sovereign/ProtocolAdapters.ts(279,11): error TS6133: 'inSeqNum' is declared but its value is never read.
src/adapters/sovereign/ProtocolAdapters.ts(524,18): error TS6133: 'data' is declared but its value is never read.
src/adapters/sovereign/SovereignAdapter.ts(35,20): error TS6133: 'Writable' is declared but its value is never read.
src/adapters/sovereign/WebhookIngestAdapter.ts(157,33): error TS6133: 'req' is declared but its value is never read.
src/adapters/sovereign/WebhookIngestAdapter.ts(162,68): error TS6133: 'req' is declared but its value is never read.
src/adapters/sovereign/WebhookIngestAdapter.ts(169,81): error TS6133: 'req' is declared but its value is never read.
src/adapters/sovereign/WebhookIngestAdapter.ts(174,71): error TS6133: 'req' is declared but its value is never read.
src/config/models/registry.ts(1,34): error TS2307: Cannot find module './modelZoo.js' or its corresponding type declarations.
src/config/modelZoo.ts(123,6): error TS2304: Cannot find name 'AGENT_MODEL_MAPPINGS'.
src/config/modelZoo.ts(124,6): error TS2304: Cannot find name 'VERTICAL_AGENT_MAPPINGS'.
src/config/modelZoo.ts(128,28): error TS2304: Cannot find name 'MODEL_REGISTRY'.
src/config/modelZoo.ts(129,32): error TS2304: Cannot find name 'MODEL_REGISTRY'.
src/config/modelZoo.ts(129,60): error TS18046: 'm' is of type 'unknown'.
src/config/modelZoo.ts(131,17): error TS2304: Cannot find name 'AGENT_MODEL_MAPPINGS'.
src/config/modelZoo.ts(132,19): error TS2304: Cannot find name 'VERTICAL_AGENT_MAPPINGS'.
src/config/modelZoo.ts(133,55): error TS2304: Cannot find name 'MODEL_REGISTRY'.
src/config/modelZoo.ts(133,84): error TS18046: 'm' is of type 'unknown'.
src/config/modelZoo.ts(134,28): error TS2571: Object is of type 'unknown'.
src/config/modelZoo.ts(134,42): error TS2304: Cannot find name 'MODEL_REGISTRY'.
src/config/modelZoo.ts(135,18): error TS18046: 'm' is of type 'unknown'.
src/config/modelZoo.ts(136,32): error TS18046: 'm' is of type 'unknown'.
src/config/modelZoo.ts(137,19): error TS2304: Cannot find name 'MODEL_REGISTRY'.
src/config/modelZoo.ts(137,47): error TS18046: 'm' is of type 'unknown'.
src/config/modelZoo.ts(148,19): error TS2304: Cannot find name 'getAgentMapping'.
src/config/modelZoo.ts(163,29): error TS2304: Cannot find name 'MODEL_REGISTRY'.
src/config/modelZoo.ts(165,21): error TS7053: Element implicitly has an 'any' type because expression of type 'any' can't be used to index type '{ strict: string; standard: string; flexible: string; }'.
src/config/modelZoo.ts(183,18): error TS2304: Cannot find name 'MODEL_REGISTRY'.
src/config/modelZoo.ts(185,10): error TS7053: Element implicitly has an 'any' type because expression of type 'any' can't be used to index type '{ strict: string; standard: string; flexible: string; }'.
src/config/neo4j.ts(14,31): error TS6133: 'Session' is declared but its value is never read.
src/config/sports/compliance-frameworks.ts(449,3): error TS6133: 'transactionType' is declared but its value is never read.
src/connectors/ConnectorRegistry.ts(20,44): error TS6133: 'ConnectorConfig' is declared but its value is never read.
src/connectors/core/ConnectorFactory.ts(175,11): error TS6133: 'metricsCollectionInterval' is declared but its value is never read.
src/connectors/core/FHIRConnector.ts(23,1): error TS6133: 'ConnectorMetadata' is declared but its value is never read.
src/connectors/core/FIXConnector.ts(22,1): error TS6133: 'EventEmitter' is declared but its value is never read.
src/connectors/core/FIXConnector.ts(26,61): error TS6133: 'ConnectorStatus' is declared but its value is never read.
src/connectors/core/FIXConnector.ts(27,1): error TS6133: 'logger' is declared but its value is never read.
src/connectors/core/FIXConnector.ts(327,11): error TS6133: 'SOH' is declared but its value is never read.
src/connectors/core/FIXConnector.ts(440,25): error TS6133: 'message' is declared but its value is never read.
src/connectors/core/FIXConnector.ts(452,29): error TS6133: 'message' is declared but its value is never read.
src/connectors/core/FIXConnector.ts(564,27): error TS6133: 'i' is declared but its value is never read.
src/connectors/core/FIXConnector.ts(595,19): error TS6133: 'params' is declared but its value is never read.
src/connectors/core/HttpConnector.ts(22,42): error TS6133: 'ConnectorMetadata' is declared but its value is never read.
src/connectors/core/HttpConnector.ts(22,61): error TS6133: 'ConnectorStatus' is declared but its value is never read.
src/connectors/core/HttpConnector.ts(23,1): error TS6133: 'logger' is declared but its value is never read.
src/connectors/core/WebSocketConnector.ts(22,1): error TS6133: 'EventEmitter' is declared but its value is never read.
src/connectors/core/WebSocketConnector.ts(24,42): error TS6133: 'ConnectorMetadata' is declared but its value is never read.
src/connectors/core/WebSocketConnector.ts(24,61): error TS6133: 'ConnectorStatus' is declared but its value is never read.
src/connectors/core/WebSocketConnector.ts(25,1): error TS6133: 'logger' is declared but its value is never read.
src/connectors/enterprise/OracleConnector.ts(240,11): error TS6133: 'buildKeyString' is declared but its value is never read.
src/connectors/government/index.ts(21,10): error TS6133: 'BaseConnector' is declared but its value is never read.
src/connectors/government/index.ts(21,25): error TS6133: 'ConnectorConfig' is declared but its value is never read.
src/core/caching.ts(178,5): error TS6133: 'target' is declared but its value is never read.
src/core/connectors/BaseConnector.ts(20,1): error TS6133: 'eventBus' is declared but its value is never read.
src/core/connectors/BaseConnector.ts(458,25): error TS6133: 'config' is declared but its value is never read.
src/core/connectors/BaseConnector.ts(466,27): error TS6133: 'webhookId' is declared but its value is never read.
src/core/connectors/BaseConnector.ts(474,23): error TS6133: 'payload' is declared but its value is never read.
src/core/connectors/BaseConnector.ts(474,37): error TS6133: 'signature' is declared but its value is never read.
src/core/connectors/implementations/SpreadsheetConnector.ts(21,1): error TS6133: 'ServiceHealth' is declared but its value is never read.
src/core/connectors/implementations/SpreadsheetConnector.ts(127,11): error TS6133: 'autoDetectTypes' is declared but its value is never read.
src/core/connectors/implementations/SpreadsheetConnector.ts(187,14): error TS6133: 'options' is declared but its value is never read.
src/core/connectors/implementations/SpreadsheetConnector.ts(495,47): error TS6133: 'hasHeaders' is declared but its value is never read.
src/core/events/EventBus.ts(446,9): error TS6133: 'lastError' is declared but its value is never read.
src/core/services/BaseService.ts(105,11): error TS6133: 'serviceName' is declared but its value is never read.
src/core/services/PlatformServices.ts(17,23): error TS6133: 'ServiceConfig' is declared but its value is never read.
src/core/subscriptions/SubscriptionTiers.ts(21,1): error TS6192: All imports in import declaration are unused.
src/features/premium/DecisionDebt.ts(22,1): error TS6192: All imports in import declaration are unused.
src/features/premium/DecisionDebt.ts(198,39): error TS6133: 'organizationId' is declared but its value is never read.
src/features/premium/DecisionDebt.ts(342,33): error TS6133: 'organizationId' is declared but its value is never read.
src/features/premium/DecisionDebt.ts(598,33): error TS6133: 'organizationId' is declared but its value is never read.
src/features/premium/DecisionDebt.ts(702,69): error TS6133: 'resolution' is declared but its value is never read.
src/features/premium/GhostBoard.ts(20,1): error TS6133: 'eventBus' is declared but its value is never read.
src/features/premium/GhostBoard.ts(23,1): error TS6192: All imports in import declaration are unused.
src/features/premium/GhostBoard.ts(286,39): error TS6133: 'organizationId' is declared but its value is never read.
src/features/premium/GhostBoard.ts(644,5): error TS6133: 'boardMembers' is declared but its value is never read.
src/features/premium/LiveDemoMode.ts(21,48): error TS6133: 'deterministicPercentage' is declared but its value is never read.
src/features/premium/LiveDemoMode.ts(21,73): error TS6133: 'deterministicPick' is declared but its value is never read.
src/features/premium/LiveDemoMode.ts(279,5): error TS6133: 'userId' is declared but its value is never read.
src/features/premium/LiveDemoMode.ts(312,43): error TS6133: 'authCode' is declared but its value is never read.
src/features/premium/LiveDemoMode.ts(604,5): error TS6133: 'question' is declared but its value is never read.
src/features/premium/LiveDemoMode.ts(608,11): error TS6133: 'perspectives' is declared but its value is never read.
src/features/premium/PreMortem.ts(23,1): error TS6192: All imports in import declaration are unused.
src/features/premium/PreMortem.ts(343,39): error TS6133: 'organizationId' is declared but its value is never read.
src/features/premium/RegulatoryAbsorb.ts(22,1): error TS6192: All imports in import declaration are unused.
src/features/premium/RegulatoryAbsorbV2.ts(323,11): error TS6133: 'chunkDocument' is declared but its value is never read.
src/features/premium/RegulatoryAbsorbV2.ts(376,11): error TS6133: 'getRecommendedModel' is declared but its value is never read.
src/features/premium/RegulatoryAbsorbV2.ts(510,51): error TS2345: Argument of type 'unknown' is not assignable to parameter of type 'Record<string, any> | undefined'.
src/features/premium/RegulatoryAbsorbV2.ts(559,55): error TS2345: Argument of type 'unknown' is not assignable to parameter of type 'Record<string, any> | undefined'.
src/features/premium/RegulatoryAbsorbV2.ts(1090,47): error TS6133: 'organizationId' is declared but its value is never read.
src/graphql/resolvers.ts(22,1): error TS6133: 'logger' is declared but its value is never read.
src/graphql/resolvers.ts(188,34): error TS6133: 'args' is declared but its value is never read.
src/graphql/resolvers.ts(194,32): error TS6133: 'args' is declared but its value is never read.
src/graphql/resolvers.ts(199,45): error TS6133: 'args' is declared but its value is never read.
src/graphql/resolvers.ts(206,13): error TS6133: 'orgId' is declared but its value is never read.
src/graphql/resolvers.ts(238,39): error TS6133: 'args' is declared but its value is never read.
src/graphql/resolvers.ts(243,40): error TS6133: 'args' is declared but its value is never read.
src/graphql/resolvers.ts(254,33): error TS6133: 'args' is declared but its value is never read.
src/graphql/resolvers.ts(259,43): error TS6133: 'args' is declared but its value is never read.
src/graphql/resolvers.ts(287,41): error TS6133: 'args' is declared but its value is never read.
src/graphql/resolvers.ts(455,39): error TS6133: 'args' is declared but its value is never read.
src/graphql/resolvers.ts(519,31): error TS6133: 'args' is declared but its value is never read.
src/graphql/resolvers.ts(525,38): error TS6133: 'args' is declared but its value is never read.
src/graphql/resolvers.ts(543,42): error TS6133: 'args' is declared but its value is never read.
src/graphql/resolvers.ts(745,10): error TS6133: 'mapWebhook' is declared but its value is never read.
src/instrumentation/telemetry.ts(73,7): error TS6133: 'prometheusExporter' is declared but its value is never read.
src/instrumentation/telemetry.ts(99,19): error TS6133: 'Counter' is declared but its value is never read.
src/instrumentation/telemetry.ts(99,28): error TS6133: 'Histogram' is declared but its value is never read.
src/instrumentation/telemetry.ts(99,39): error TS6133: 'UpDownCounter' is declared but its value is never read.
src/middleware/apiVersion.ts(42,11): error TS6133: 'durationMs' is declared but its value is never read.
src/middleware/auth.ts(68,3): error TS6133: 'res' is declared but its value is never read.
src/middleware/auth.ts(114,9): error TS2322: Type 'JsonValue' is not assignable to type 'Record<string, unknown> | undefined'.
  Type 'null' is not assignable to type 'Record<string, unknown> | undefined'.
src/middleware/auth.ts(121,5): error TS2322: Type 'AuthUser | null' is not assignable to type 'AuthUser | undefined'.
  Type 'null' is not assignable to type 'AuthUser | undefined'.
src/middleware/auth.ts(122,26): error TS18047: 'user' is possibly 'null'.
src/middleware/auth.ts(140,25): error TS6133: 'res' is declared but its value is never read.
src/middleware/auth.ts(271,27): error TS6133: 'err' is declared but its value is never read.
src/middleware/cacheMiddleware.ts(24,1): error TS6133: 'logger' is declared but its value is never read.
src/middleware/errorHandler.ts(73,3): error TS6133: 'next' is declared but its value is never read.
src/routes/adapters.ts(40,3): error TS6133: 'adapterRegistry' is declared but its value is never read.
src/routes/adapters.ts(42,3): error TS6133: 'DataClassification' is declared but its value is never read.
src/routes/adapters.ts(90,23): error TS6133: 'req' is declared but its value is never read.
src/routes/adapters.ts(128,43): error TS6133: 'req' is declared but its value is never read.
src/routes/adapters.ts(142,30): error TS2304: Cannot find name 'bodySchema0'.
src/routes/adapters.ts(355,46): error TS6133: 'req' is declared but its value is never read.
src/routes/adapters.ts(375,41): error TS6133: 'req' is declared but its value is never read.
src/routes/admin-settings.ts(403,24): error TS6133: 'req' is declared but its value is never read.
src/routes/admin-settings.ts(511,21): error TS7030: Not all code paths return a value.
src/routes/admin-settings.ts(705,27): error TS6133: 'req' is declared but its value is never read.
src/routes/admin.ts(31,48): error TS6133: 'deterministicPercentage' is declared but its value is never read.
src/routes/admin.ts(31,73): error TS6133: 'deterministicPick' is declared but its value is never read.
src/routes/admin.ts(66,7): error TS6133: 'createUserSchema' is declared but its value is never read.
src/routes/admin.ts(73,7): error TS6133: 'updateUserSchema' is declared but its value is never read.
src/routes/admin.ts(114,7): error TS2322: Type 'string' is not assignable to type '"pending" | "active" | "trial" | "churned" | "suspended" | undefined'.
src/routes/admin.ts(147,28): error TS7030: Not all code paths return a value.
src/routes/admin.ts(160,30): error TS7030: Not all code paths return a value.
src/routes/admin.ts(174,37): error TS7030: Not all code paths return a value.
src/routes/admin.ts(188,37): error TS7030: Not all code paths return a value.
src/routes/admin.ts(210,7): error TS2322: Type 'string' is not assignable to type '"active" | "expired" | "expiring" | "suspended" | undefined'.
src/routes/admin.ts(211,7): error TS2322: Type 'string' is not assignable to type '"custom" | "pilot" | "foundation" | "enterprise" | "strategic" | "trial" | undefined'.
src/routes/admin.ts(230,29): error TS7030: Not all code paths return a value.
src/routes/admin.ts(243,37): error TS7030: Not all code paths return a value.
src/routes/admin.ts(257,38): error TS7030: Not all code paths return a value.
src/routes/admin.ts(335,47): error TS7030: Not all code paths return a value.
src/routes/admin.ts(357,7): error TS2322: Type 'string' is not assignable to type '"pending" | "active" | "inactive" | "suspended" | undefined'.
src/routes/admin.ts(405,7): error TS2322: Type 'string' is not assignable to type 'FeatureType | undefined'.
src/routes/admin.ts(416,29): error TS7030: Not all code paths return a value.
src/routes/admin.ts(429,31): error TS7030: Not all code paths return a value.
src/routes/admin.ts(443,37): error TS7030: Not all code paths return a value.
src/routes/admin.ts(457,41): error TS7030: Not all code paths return a value.
src/routes/admin.ts(489,27): error TS7030: Not all code paths return a value.
src/routes/admin.ts(502,29): error TS7030: Not all code paths return a value.
src/routes/admin.ts(515,35): error TS7030: Not all code paths return a value.
src/routes/admin.ts(529,34): error TS7030: Not all code paths return a value.
src/routes/admin.ts(543,35): error TS7030: Not all code paths return a value.
src/routes/admin.ts(571,27): error TS7030: Not all code paths return a value.
src/routes/admin.ts(584,35): error TS7030: Not all code paths return a value.
src/routes/admin.ts(613,28): error TS7030: Not all code paths return a value.
src/routes/admin.ts(626,30): error TS7030: Not all code paths return a value.
src/routes/admin.ts(649,31): error TS7030: Not all code paths return a value.
src/routes/admin.ts(671,7): error TS2322: Type 'string' is not assignable to type 'ResearchStatus | undefined'.
src/routes/admin.ts(692,32): error TS7030: Not all code paths return a value.
src/routes/admin.ts(715,34): error TS7030: Not all code paths return a value.
src/routes/admin.ts(728,35): error TS7030: Not all code paths return a value.
src/routes/admin.ts(741,44): error TS7030: Not all code paths return a value.
src/routes/admin.ts(754,58): error TS7030: Not all code paths return a value.
src/routes/admin.ts(767,66): error TS7030: Not all code paths return a value.
src/routes/admin.ts(780,42): error TS7030: Not all code paths return a value.
src/routes/admin.ts(813,28): error TS7030: Not all code paths return a value.
src/routes/admin.ts(827,43): error TS7030: Not all code paths return a value.
src/routes/admin.ts(901,32): error TS6133: 'i' is declared but its value is never read.
src/routes/adversarial-redteam.ts(35,23): error TS7030: Not all code paths return a value.
src/routes/adversarial-redteam.ts(42,58): error TS2345: Argument of type '{}' is not assignable to parameter of type 'string'.
src/routes/adversarial-redteam.ts(51,27): error TS7030: Not all code paths return a value.
src/routes/aegis.ts(56,43): error TS2345: Argument of type 'string | undefined' is not assignable to parameter of type 'string'.
  Type 'undefined' is not assignable to type 'string'.
src/routes/aegis.ts(57,43): error TS2345: Argument of type 'string | undefined' is not assignable to parameter of type 'string'.
  Type 'undefined' is not assignable to type 'string'.
src/routes/aegis.ts(58,39): error TS2345: Argument of type 'string | undefined' is not assignable to parameter of type 'string'.
  Type 'undefined' is not assignable to type 'string'.
src/routes/aegis.ts(98,58): error TS2345: Argument of type 'string | undefined' is not assignable to parameter of type 'string'.
  Type 'undefined' is not assignable to type 'string'.
src/routes/aegis.ts(109,63): error TS2345: Argument of type 'string | undefined' is not assignable to parameter of type 'string'.
  Type 'undefined' is not assignable to type 'string'.
src/routes/aegis.ts(127,58): error TS2345: Argument of type 'string | undefined' is not assignable to parameter of type 'string'.
  Type 'undefined' is not assignable to type 'string'.
src/routes/aegis.ts(137,63): error TS2345: Argument of type 'string | undefined' is not assignable to parameter of type 'string'.
  Type 'undefined' is not assignable to type 'string'.
src/routes/aegis.ts(147,79): error TS2345: Argument of type 'unknown' is not assignable to parameter of type 'ThreatStatus'.
src/routes/aegis.ts(215,64): error TS2345: Argument of type 'string | undefined' is not assignable to parameter of type 'string'.
  Type 'undefined' is not assignable to type 'string'.
src/routes/aegis.ts(226,61): error TS2345: Argument of type 'string | undefined' is not assignable to parameter of type 'string'.
  Type 'undefined' is not assignable to type 'string'.
src/routes/aegis.ts(240,61): error TS2345: Argument of type 'string | undefined' is not assignable to parameter of type 'string'.
  Type 'undefined' is not assignable to type 'string'.
src/routes/aegis.ts(259,64): error TS2345: Argument of type 'string | undefined' is not assignable to parameter of type 'string'.
  Type 'undefined' is not assignable to type 'string'.
src/routes/aegis.ts(273,63): error TS2345: Argument of type 'string | undefined' is not assignable to parameter of type 'string'.
  Type 'undefined' is not assignable to type 'string'.
src/routes/aegis.ts(291,62): error TS2345: Argument of type 'string | undefined' is not assignable to parameter of type 'string'.
  Type 'undefined' is not assignable to type 'string'.
src/routes/aegis.ts(302,26): error TS7030: Not all code paths return a value.
src/routes/aegis.ts(309,64): error TS2345: Argument of type 'string | undefined' is not assignable to parameter of type 'string'.
  Type 'undefined' is not assignable to type 'string'.
src/routes/aegis.ts(324,59): error TS2345: Argument of type 'string | undefined' is not assignable to parameter of type 'string'.
  Type 'undefined' is not assignable to type 'string'.
src/routes/ai-insurance.ts(2,10): error TS2300: Duplicate identifier 'z'.
src/routes/ai-insurance.ts(4,7): error TS2451: Cannot redeclare block-scoped variable 'bodySchema0'.
src/routes/ai-insurance.ts(12,7): error TS2451: Cannot redeclare block-scoped variable 'bodySchema1'.
src/routes/ai-insurance.ts(18,7): error TS2451: Cannot redeclare block-scoped variable 'bodySchema2'.
src/routes/ai-insurance.ts(26,7): error TS2451: Cannot redeclare block-scoped variable 'bodySchema3'.
src/routes/ai-insurance.ts(56,10): error TS2300: Duplicate identifier 'z'.
src/routes/ai-insurance.ts(58,7): error TS2451: Cannot redeclare block-scoped variable 'bodySchema0'.
src/routes/ai-insurance.ts(66,7): error TS2451: Cannot redeclare block-scoped variable 'bodySchema1'.
src/routes/ai-insurance.ts(72,7): error TS2451: Cannot redeclare block-scoped variable 'bodySchema2'.
src/routes/ai-insurance.ts(80,7): error TS2451: Cannot redeclare block-scoped variable 'bodySchema3'.
src/routes/ai-insurance.ts(133,7): error TS2322: Type '{}' is not assignable to type 'string'.
src/routes/ai-insurance.ts(135,7): error TS2322: Type '{}' is not assignable to type 'number'.
src/routes/ai-insurance.ts(136,7): error TS2322: Type 'unknown' is not assignable to type 'string | undefined'.
src/routes/ai-insurance.ts(137,7): error TS2322: Type 'unknown' is not assignable to type 'string[] | undefined'.
src/routes/ai-insurance.ts(138,7): error TS2322: Type 'unknown' is not assignable to type 'number | undefined'.
src/routes/ai-insurance.ts(163,56): error TS2345: Argument of type '{}' is not assignable to parameter of type 'string'.
src/routes/ai-insurance.ts(222,7): error TS2322: Type '{}' is not assignable to type 'string'.
src/routes/ai-insurance.ts(223,7): error TS2322: Type '{}' is not assignable to type 'string'.
src/routes/ai-insurance.ts(224,7): error TS2322: Type 'unknown' is not assignable to type 'string | undefined'.
src/routes/ai-insurance.ts(225,7): error TS2322: Type '{}' is not assignable to type 'string'.
src/routes/ai-insurance.ts(226,7): error TS2322: Type '{} | null' is not assignable to type 'number'.
  Type 'null' is not assignable to type 'number'.
src/routes/ai-insurance.ts(227,7): error TS2322: Type 'unknown' is not assignable to type 'RiskFactor[] | undefined'.
src/routes/ai-insurance.ts(270,7): error TS2322: Type '{}' is not assignable to type 'string'.
src/routes/ai-insurance.ts(271,30): error TS2769: No overload matches this call.
  Overload 1 of 4, '(value: string | number | Date): Date', gave the following error.
    Argument of type '{}' is not assignable to parameter of type 'string | number | Date'.
  Overload 2 of 4, '(value: string | number): Date', gave the following error.
    Argument of type '{}' is not assignable to parameter of type 'string | number'.
src/routes/ai-insurance.ts(272,7): error TS2322: Type '{}' is not assignable to type 'string'.
src/routes/ai-insurance.ts(273,7): error TS2322: Type 'unknown' is not assignable to type 'string | undefined'.
src/routes/ai-insurance.ts(274,7): error TS2322: Type '{}' is not assignable to type 'number'.
src/routes/ai-insurance.ts(275,7): error TS2322: Type '{}' is not assignable to type 'string'.
src/routes/ai-insurance.ts(276,7): error TS2322: Type 'unknown' is not assignable to type 'string[] | undefined'.
src/routes/alerts.ts(18,1): error TS6133: 'logger' is declared but its value is never read.
src/routes/alerts.ts(354,11): error TS6133: 'note' is declared but its value is never read.
src/routes/apotheosis.ts(121,53): error TS2345: Argument of type 'unknown' is not assignable to parameter of type '"approved" | "rejected" | "deferred"'.
src/routes/auto-heal.ts(52,32): error TS2339: Property 'length' does not exist on type '{}'.
src/routes/auto-heal.ts(55,44): error TS2345: Argument of type '{}' is not assignable to parameter of type 'string'.
src/routes/auto-heal.ts(57,29): error TS2339: Property 'temperature' does not exist on type '{}'.
src/routes/auto-heal.ts(58,28): error TS2339: Property 'num_predict' does not exist on type '{}'.
src/routes/autopilot.ts(2,1): error TS6133: 'z' is declared but its value is never read.
src/routes/autopilot.ts(2,10): error TS2300: Duplicate identifier 'z'.
src/routes/autopilot.ts(24,10): error TS2300: Duplicate identifier 'z'.
src/routes/bias-detection.ts(59,25): error TS7030: Not all code paths return a value.
src/routes/bias-detection.ts(65,58): error TS2345: Argument of type '{}' is not assignable to parameter of type 'string'.
src/routes/bias-detection.ts(72,37): error TS7030: Not all code paths return a value.
src/routes/bias-detection.ts(78,67): error TS2345: Argument of type '{}' is not assignable to parameter of type 'string'.
src/routes/billing.ts(42,49): error TS7030: Not all code paths return a value.
src/routes/billing.ts(109,33): error TS7030: Not all code paths return a value.
src/routes/billing.ts(266,40): error TS7030: Not all code paths return a value.
src/routes/carbon-aware.ts(2,10): error TS2300: Duplicate identifier 'z'.
src/routes/carbon-aware.ts(4,7): error TS2451: Cannot redeclare block-scoped variable 'bodySchema0'.
src/routes/carbon-aware.ts(34,10): error TS2300: Duplicate identifier 'z'.
src/routes/carbon-aware.ts(36,7): error TS2451: Cannot redeclare block-scoped variable 'bodySchema0'.
src/routes/carbon-aware.ts(103,7): error TS2322: Type '{}' is not assignable to type 'string'.
src/routes/carbon-aware.ts(104,7): error TS2322: Type '{}' is not assignable to type 'string'.
src/routes/carbon-aware.ts(106,7): error TS2322: Type '{}' is not assignable to type 'number'.
src/routes/carbon-aware.ts(107,7): error TS2322: Type '{}' is not assignable to type 'number'.
src/routes/carbon-aware.ts(108,7): error TS2322: Type 'unknown' is not assignable to type 'string[] | undefined'.
src/routes/carbon-aware.ts(109,7): error TS2322: Type 'unknown' is not assignable to type 'number | undefined'.
src/routes/cascade.ts(65,3): error TS2724: '"../services/CendiaHorizonService.js"' has no exported member named 'ChangeType'. Did you mean 'ChangeSpec'?
src/routes/cascade.ts(66,3): error TS2614: Module '"../services/CendiaHorizonService.js"' has no exported member 'NodeType'. Did you mean to use 'import NodeType from "../services/CendiaHorizonService.js"' instead?
src/routes/cascade.ts(67,3): error TS2614: Module '"../services/CendiaHorizonService.js"' has no exported member 'EdgeType'. Did you mean to use 'import EdgeType from "../services/CendiaHorizonService.js"' instead?
src/routes/cascade.ts(232,31): error TS2345: Argument of type 'unknown' is not assignable to parameter of type 'string'.
src/routes/cascade.ts(241,64): error TS2345: Argument of type 'unknown' is not assignable to parameter of type '"approved" | "rejected" | "draft" | "executed" | "in_review"'.
src/routes/cascade.ts(261,62): error TS2345: Argument of type '{}' is not assignable to parameter of type 'string'.
src/routes/cascade.ts(795,29): error TS6133: 'req' is declared but its value is never read.
src/routes/cascade.ts(910,7): error TS2345: Argument of type '{}' is not assignable to parameter of type 'string'.
src/routes/cascade.ts(927,28): error TS6133: 'req' is declared but its value is never read.
src/routes/cascade.ts(1000,35): error TS6133: 'req' is declared but its value is never read.
src/routes/clamav.ts(47,45): error TS7030: Not all code paths return a value.
src/routes/clamav.ts(59,29): error TS7030: Not all code paths return a value.
src/routes/clamav.ts(65,32): error TS2769: No overload matches this call.
  Overload 1 of 4, '(arrayBuffer: WithImplicitCoercion<ArrayBufferLike>, byteOffset?: number | undefined, length?: number | undefined): Buffer<ArrayBufferLike>', gave the following error.
    Argument of type '{}' is not assignable to parameter of type 'WithImplicitCoercion<ArrayBufferLike>'.
  Overload 2 of 4, '(string: WithImplicitCoercion<string>, encoding?: BufferEncoding | undefined): Buffer<ArrayBuffer>', gave the following error.
    Argument of type '{}' is not assignable to parameter of type 'WithImplicitCoercion<string>'.
src/routes/clamav.ts(66,57): error TS2345: Argument of type '{}' is not assignable to parameter of type 'string'.
src/routes/collapse.ts(2,10): error TS2300: Duplicate identifier 'z'.
src/routes/collapse.ts(24,10): error TS6133: 'deterministicFloat' is declared but its value is never read.
src/routes/collapse.ts(24,48): error TS6133: 'deterministicPercentage' is declared but its value is never read.
src/routes/collapse.ts(24,73): error TS6133: 'deterministicPick' is declared but its value is never read.
src/routes/collapse.ts(26,10): error TS2300: Duplicate identifier 'z'.
src/routes/collapse.ts(103,30): error TS7030: Not all code paths return a value.
src/routes/collapse.ts(122,7): error TS2322: Type '{}' is not assignable to type 'string'.
src/routes/collapse.ts(123,7): error TS2322: Type '{}' is not assignable to type 'string'.
src/routes/collapse.ts(124,29): error TS2339: Property 'policyDomain' does not exist on type '{}'.
src/routes/collapse.ts(125,33): error TS2339: Property 'targetPopulation' does not exist on type '{}'.
src/routes/collapse.ts(126,32): error TS2339: Property 'geographicScope' does not exist on type '{}'.
src/routes/collapse.ts(127,29): error TS2339: Property 'budgetImpact' does not exist on type '{}'.
src/routes/collapse.ts(128,31): error TS2339: Property 'timelineMonths' does not exist on type '{}'.
src/routes/collapse.ts(129,35): error TS2339: Property 'existingConditions' does not exist on type '{}'.
src/routes/collapse.ts(130,29): error TS2339: Property 'stakeholders' does not exist on type '{}'.
src/routes/collapse.ts(131,36): error TS2339: Property 'historicalAnalogues' does not exist on type '{}'.
src/routes/collapse.ts(135,7): error TS2345: Argument of type '{}' is not assignable to parameter of type 'string'.
src/routes/collapse.ts(158,33): error TS7030: Not all code paths return a value.
src/routes/collapse.ts(204,29): error TS7030: Not all code paths return a value.
src/routes/collapse.ts(231,37): error TS7030: Not all code paths return a value.
src/routes/collapse.ts(285,36): error TS7030: Not all code paths return a value.
src/routes/collapse.ts(314,25): error TS7030: Not all code paths return a value.
src/routes/collapse.ts(331,7): error TS2322: Type '{}' is not assignable to type 'string'.
src/routes/collapse.ts(332,7): error TS2322: Type '{}' is not assignable to type 'string'.
src/routes/collapse.ts(333,30): error TS2339: Property 'policyDomain' does not exist on type '{}'.
src/routes/collapse.ts(334,34): error TS2339: Property 'targetPopulation' does not exist on type '{}'.
src/routes/collapse.ts(335,33): error TS2339: Property 'geographicScope' does not exist on type '{}'.
src/routes/collapse.ts(336,30): error TS2339: Property 'budgetImpact' does not exist on type '{}'.
src/routes/collapse.ts(337,32): error TS2339: Property 'timelineMonths' does not exist on type '{}'.
src/routes/collapse.ts(338,36): error TS2339: Property 'existingConditions' does not exist on type '{}'.
src/routes/collapse.ts(339,30): error TS2339: Property 'stakeholders' does not exist on type '{}'.
src/routes/collapse.ts(340,37): error TS2339: Property 'historicalAnalogues' does not exist on type '{}'.
src/routes/collapse.ts(346,7): error TS2345: Argument of type '{}' is not assignable to parameter of type 'string'.
src/routes/collapse.ts(374,38): error TS7030: Not all code paths return a value.
src/routes/collapse.ts(428,46): error TS7030: Not all code paths return a value.
src/routes/collapse.ts(504,31): error TS7030: Not all code paths return a value.
src/routes/collapse.ts(583,43): error TS7030: Not all code paths return a value.
src/routes/collapse.ts(615,30): error TS2339: Property 'name' does not exist on type '{}'.
src/routes/collapse.ts(616,31): error TS2339: Property 'title' does not exist on type '{}'.
src/routes/collapse.ts(617,31): error TS2339: Property 'email' does not exist on type '{}'.
src/routes/collapse.ts(618,36): error TS2339: Property 'department' does not exist on type '{}'.
src/routes/collapse.ts(627,52): error TS2345: Argument of type '{}' is not assignable to parameter of type 'string'.
src/routes/command.ts(2,10): error TS2300: Duplicate identifier 'z'.
src/routes/command.ts(4,7): error TS2451: Cannot redeclare block-scoped variable 'bodySchema0'.
src/routes/command.ts(8,7): error TS2451: Cannot redeclare block-scoped variable 'bodySchema1'.
src/routes/command.ts(8,7): error TS6133: 'bodySchema1' is declared but its value is never read.
src/routes/command.ts(12,7): error TS2451: Cannot redeclare block-scoped variable 'bodySchema2'.
src/routes/command.ts(16,7): error TS2451: Cannot redeclare block-scoped variable 'bodySchema3'.
src/routes/command.ts(16,7): error TS6133: 'bodySchema3' is declared but its value is never read.
src/routes/command.ts(42,10): error TS2300: Duplicate identifier 'z'.
src/routes/command.ts(44,7): error TS2451: Cannot redeclare block-scoped variable 'bodySchema0'.
src/routes/command.ts(48,7): error TS2451: Cannot redeclare block-scoped variable 'bodySchema1'.
src/routes/command.ts(52,7): error TS2451: Cannot redeclare block-scoped variable 'bodySchema2'.
src/routes/command.ts(56,7): error TS2451: Cannot redeclare block-scoped variable 'bodySchema3'.
src/routes/command.ts(141,31): error TS2339: Property 'verticalId' does not exist on type '{}'.
src/routes/command.ts(149,54): error TS2345: Argument of type '{}' is not assignable to parameter of type 'string'.
src/routes/command.ts(172,31): error TS2339: Property 'verticalId' does not exist on type '{}'.
src/routes/command.ts(180,65): error TS2345: Argument of type '{}' is not assignable to parameter of type 'string'.
src/routes/command.ts(200,19): error TS2339: Property 'verticalId' does not exist on type '{}'.
src/routes/command.ts(209,7): error TS2345: Argument of type '{}' is not assignable to parameter of type 'string'.
src/routes/command.ts(316,31): error TS2339: Property 'verticalId' does not exist on type '{}'.
src/routes/command.ts(325,54): error TS2345: Argument of type '{}' is not assignable to parameter of type 'string'.
src/routes/command.ts(329,7): error TS2345: Argument of type '{}' is not assignable to parameter of type 'string'.
src/routes/compliance-monitor.ts(2,10): error TS2300: Duplicate identifier 'z'.
src/routes/compliance-monitor.ts(4,7): error TS2451: Cannot redeclare block-scoped variable 'bodySchema0'.
src/routes/compliance-monitor.ts(8,7): error TS2451: Cannot redeclare block-scoped variable 'bodySchema1'.
src/routes/compliance-monitor.ts(8,7): error TS6133: 'bodySchema1' is declared but its value is never read.
src/routes/compliance-monitor.ts(12,7): error TS2451: Cannot redeclare block-scoped variable 'bodySchema2'.
src/routes/compliance-monitor.ts(15,7): error TS2451: Cannot redeclare block-scoped variable 'bodySchema3'.
src/routes/compliance-monitor.ts(39,10): error TS2300: Duplicate identifier 'z'.
src/routes/compliance-monitor.ts(41,7): error TS2451: Cannot redeclare block-scoped variable 'bodySchema0'.
src/routes/compliance-monitor.ts(45,7): error TS2451: Cannot redeclare block-scoped variable 'bodySchema1'.
src/routes/compliance-monitor.ts(49,7): error TS2451: Cannot redeclare block-scoped variable 'bodySchema2'.
src/routes/compliance-monitor.ts(52,7): error TS2451: Cannot redeclare block-scoped variable 'bodySchema3'.
src/routes/compliance-monitor.ts(97,7): error TS2345: Argument of type '{}' is not assignable to parameter of type 'string'.
src/routes/compliance-monitor.ts(120,7): error TS2345: Argument of type '{}' is not assignable to parameter of type 'string'.
src/routes/compliance-monitor.ts(209,90): error TS2345: Argument of type 'unknown' is not assignable to parameter of type 'string | undefined'.
src/routes/compliance-monitor.ts(225,7): error TS2345: Argument of type '{}' is not assignable to parameter of type '"resolved" | "false_positive"'.
src/routes/compliance.ts(78,31): error TS7030: Not all code paths return a value.
src/routes/compliance.ts(94,28): error TS6133: 'req' is declared but its value is never read.
src/routes/compliance.ts(121,42): error TS7030: Not all code paths return a value.
src/routes/compliance.ts(162,36): error TS7030: Not all code paths return a value.
src/routes/compliance.ts(207,39): error TS7030: Not all code paths return a value.
src/routes/compliance.ts(238,32): error TS7030: Not all code paths return a value.
src/routes/compliance.ts(254,28): error TS7030: Not all code paths return a value.
src/routes/compliance.ts(290,34): error TS7030: Not all code paths return a value.
src/routes/compliance.ts(341,28): error TS7030: Not all code paths return a value.
src/routes/compliance.ts(380,37): error TS7030: Not all code paths return a value.
src/routes/compliance.ts(401,36): error TS7030: Not all code paths return a value.
src/routes/compliance.ts(432,24): error TS7030: Not all code paths return a value.
src/routes/compliance.ts(520,25): error TS7030: Not all code paths return a value.
src/routes/compliance.ts(565,23): error TS7030: Not all code paths return a value.
src/routes/compliance.ts(580,7): error TS2322: Type 'string | undefined' is not assignable to type 'PillarId | undefined'.
  Type 'string' is not assignable to type 'PillarId | undefined'.
src/routes/compliance.ts(641,34): error TS7030: Not all code paths return a value.
src/routes/compliance.ts(726,36): error TS6133: 'req' is declared but its value is never read.
src/routes/connectors.ts(79,25): error TS6133: 'req' is declared but its value is never read.
src/routes/connectors.ts(129,28): error TS7030: Not all code paths return a value.
src/routes/connectors.ts(146,27): error TS6133: 'req' is declared but its value is never read.
src/routes/connectors.ts(160,25): error TS6133: 'req' is declared but its value is never read.
src/routes/connectors.ts(173,23): error TS7030: Not all code paths return a value.
src/routes/consolidated.ts(136,60): error TS2304: Cannot find name 'ghostBoardPrepSchema'.
src/routes/consolidated.ts(199,65): error TS2304: Cannot find name 'preMortemRunSchema'.
src/routes/consolidated.ts(399,54): error TS2304: Cannot find name 'complianceCheckSchema'.
src/routes/consolidated.ts(442,37): error TS2304: Cannot find name 'docContentSchema'.
src/routes/consolidated.ts(509,57): error TS2304: Cannot find name 'evidenceCreateSchema'.
src/routes/consolidated.ts(623,36): error TS2304: Cannot find name 'stressTestSchema'.
src/routes/constitutional-court.ts(118,7): error TS2322: Type '{}' is not assignable to type 'string'.
src/routes/constitutional-court.ts(120,7): error TS2740: Type '{}' is missing the following properties from type 'Omit<DisputeParty, "role">': agentId, confidence, evidence, agentName, and 2 more.
src/routes/constitutional-court.ts(121,7): error TS2740: Type '{}' is missing the following properties from type 'Omit<DisputeParty, "role">': agentId, confidence, evidence, agentName, and 2 more.
src/routes/constitutional-court.ts(122,7): error TS2322: Type 'unknown' is not assignable to type 'string | undefined'.
src/routes/constitutional-court.ts(123,7): error TS2322: Type 'unknown' is not assignable to type 'string | undefined'.
src/routes/constitutional-court.ts(124,7): error TS2322: Type '{}' is not assignable to type 'string'.
src/routes/constitutional-court.ts(205,85): error TS2769: No overload matches this call.
  Overload 1 of 4, '(value: string | number | Date): Date', gave the following error.
    Argument of type '{}' is not assignable to parameter of type 'string | number | Date'.
  Overload 2 of 4, '(value: string | number): Date', gave the following error.
    Argument of type '{}' is not assignable to parameter of type 'string | number'.
src/routes/constitutional-court.ts(247,7): error TS2322: Type '{}' is not assignable to type '"petitioner" | "respondent" | "partial_petitioner" | "partial_respondent" | "remanded"'.
src/routes/constitutional-court.ts(248,7): error TS2322: Type '{}' is not assignable to type 'string'.
src/routes/constitutional-court.ts(249,7): error TS2322: Type '{}' is not assignable to type 'string'.
src/routes/constitutional-court.ts(250,7): error TS2740: Type '{}' is missing the following properties from type 'string[]': length, pop, push, concat, and 29 more.
src/routes/constitutional-court.ts(251,7): error TS2740: Type '{}' is missing the following properties from type 'string[]': length, pop, push, concat, and 29 more.
src/routes/constitutional-court.ts(252,7): error TS2322: Type '{}' is not assignable to type 'string'.
src/routes/constitutional-court.ts(253,7): error TS2322: Type 'unknown' is not assignable to type 'PrecedentCitation[] | undefined'.
src/routes/constitutional-court.ts(254,7): error TS2322: Type 'unknown' is not assignable to type 'JudicialDissent[] | undefined'.
src/routes/constitutional-court.ts(293,71): error TS2345: Argument of type '{}' is not assignable to parameter of type 'string'.
src/routes/constitutional-court.ts(310,7): error TS2322: Type 'unknown' is not assignable to type 'DisputeCategory | undefined'.
src/routes/constitutional-court.ts(311,7): error TS2322: Type 'unknown' is not assignable to type 'string[] | undefined'.
src/routes/constitutional-court.ts(312,7): error TS2322: Type 'unknown' is not assignable to type 'number | undefined'.
src/routes/contact.ts(20,1): error TS6192: All imports in import declaration are unused.
src/routes/contact.ts(44,18): error TS7030: Not all code paths return a value.
src/routes/contact.ts(57,26): error TS2345: Argument of type '{}' is not assignable to parameter of type 'string'.
src/routes/contact.ts(65,26): error TS2339: Property 'split' does not exist on type '{}'.
src/routes/contact.ts(66,25): error TS2339: Property 'split' does not exist on type '{}'.
src/routes/contact.ts(67,9): error TS2322: Type '{}' is not assignable to type 'string'.
src/routes/contact.ts(68,9): error TS2322: Type '{}' is not assignable to type 'string'.
src/routes/contact.ts(69,9): error TS2322: Type '{}' is not assignable to type 'string'.
src/routes/contact.ts(70,9): error TS2322: Type '{}' is not assignable to type 'string'.
src/routes/contact.ts(73,9): error TS2322: Type '{}' is not assignable to type 'string'.
src/routes/core.ts(21,10): error TS2300: Duplicate identifier 'z'.
src/routes/core.ts(23,7): error TS2451: Cannot redeclare block-scoped variable 'featureCreateSchema'.
src/routes/core.ts(24,7): error TS2451: Cannot redeclare block-scoped variable 'featureIdSchema'.
src/routes/core.ts(25,7): error TS2451: Cannot redeclare block-scoped variable 'textSchema'.
src/routes/core.ts(26,7): error TS2451: Cannot redeclare block-scoped variable 'dateSchema'.
src/routes/core.ts(27,7): error TS2451: Cannot redeclare block-scoped variable 'runwaySchema'.
src/routes/core.ts(28,7): error TS2451: Cannot redeclare block-scoped variable 'pricingSchema'.
src/routes/core.ts(29,7): error TS2451: Cannot redeclare block-scoped variable 'subscriptionsSchema'.
src/routes/core.ts(30,7): error TS2451: Cannot redeclare block-scoped variable 'customerIdSchema'.
src/routes/core.ts(39,10): error TS2300: Duplicate identifier 'z'.
src/routes/core.ts(41,7): error TS2451: Cannot redeclare block-scoped variable 'featureCreateSchema'.
src/routes/core.ts(42,7): error TS2451: Cannot redeclare block-scoped variable 'featureIdSchema'.
src/routes/core.ts(43,7): error TS2451: Cannot redeclare block-scoped variable 'textSchema'.
src/routes/core.ts(44,7): error TS2451: Cannot redeclare block-scoped variable 'dateSchema'.
src/routes/core.ts(45,7): error TS2451: Cannot redeclare block-scoped variable 'runwaySchema'.
src/routes/core.ts(46,7): error TS2451: Cannot redeclare block-scoped variable 'pricingSchema'.
src/routes/core.ts(47,7): error TS2451: Cannot redeclare block-scoped variable 'subscriptionsSchema'.
src/routes/core.ts(48,7): error TS2451: Cannot redeclare block-scoped variable 'customerIdSchema'.
src/routes/core.ts(91,7): error TS2322: Type 'string | undefined' is not assignable to type 'string'.
  Type 'undefined' is not assignable to type 'string'.
src/routes/core.ts(98,7): error TS2322: Type 'string | undefined' is not assignable to type 'string'.
  Type 'undefined' is not assignable to type 'string'.
src/routes/core.ts(148,64): error TS2769: No overload matches this call.
  Overload 1 of 4, '(value: string | number | Date): Date', gave the following error.
    Argument of type 'string | undefined' is not assignable to parameter of type 'string | number | Date'.
      Type 'undefined' is not assignable to type 'string | number | Date'.
  Overload 2 of 4, '(value: string | number): Date', gave the following error.
    Argument of type 'string | undefined' is not assignable to parameter of type 'string | number'.
      Type 'undefined' is not assignable to type 'string | number'.
src/routes/core.ts(268,76): error TS2345: Argument of type 'number | undefined' is not assignable to parameter of type 'number'.
  Type 'undefined' is not assignable to type 'number'.
src/routes/cortex-core.ts(2,1): error TS6133: 'z' is declared but its value is never read.
src/routes/cortex-core.ts(2,10): error TS2300: Duplicate identifier 'z'.
src/routes/cortex-core.ts(24,10): error TS2300: Duplicate identifier 'z'.
src/routes/council.ts(17,10): error TS6133: 'cache' is declared but its value is never read.
src/routes/council.ts(20,23): error TS6133: 'MODEL_CONFIGS' is declared but its value is never read.
src/routes/council.ts(25,39): error TS6133: 'AGENT_MODEL_FALLBACKS' is declared but its value is never read.
src/routes/council.ts(26,1): error TS6192: All imports in import declaration are unused.
src/routes/council.ts(162,30): error TS6133: 'req' is declared but its value is never read.
src/routes/council.ts(829,43): error TS7030: Not all code paths return a value.
src/routes/council.ts(977,43): error TS7030: Not all code paths return a value.
src/routes/council.ts(1300,9): error TS6133: 'phases' is declared but its value is never read.
src/routes/council.ts(1454,42): error TS6133: 'd' is declared but its value is never read.
src/routes/council.ts(1493,36): error TS6133: 'query' is declared but its value is never read.
src/routes/cross-jurisdiction.ts(2,10): error TS2300: Duplicate identifier 'z'.
src/routes/cross-jurisdiction.ts(4,7): error TS2451: Cannot redeclare block-scoped variable 'bodySchema0'.
src/routes/cross-jurisdiction.ts(9,7): error TS2451: Cannot redeclare block-scoped variable 'bodySchema1'.
src/routes/cross-jurisdiction.ts(13,7): error TS2451: Cannot redeclare block-scoped variable 'bodySchema2'.
src/routes/cross-jurisdiction.ts(16,7): error TS2451: Cannot redeclare block-scoped variable 'bodySchema3'.
src/routes/cross-jurisdiction.ts(16,7): error TS6133: 'bodySchema3' is declared but its value is never read.
src/routes/cross-jurisdiction.ts(40,10): error TS2300: Duplicate identifier 'z'.
src/routes/cross-jurisdiction.ts(42,7): error TS2451: Cannot redeclare block-scoped variable 'bodySchema0'.
src/routes/cross-jurisdiction.ts(47,7): error TS2451: Cannot redeclare block-scoped variable 'bodySchema1'.
src/routes/cross-jurisdiction.ts(51,7): error TS2451: Cannot redeclare block-scoped variable 'bodySchema2'.
src/routes/cross-jurisdiction.ts(54,7): error TS2451: Cannot redeclare block-scoped variable 'bodySchema3'.
src/routes/cross-jurisdiction.ts(123,7): error TS2740: Type '{}' is missing the following properties from type 'string[]': length, pop, push, concat, and 29 more.
src/routes/cross-jurisdiction.ts(149,7): error TS2322: Type '{}' is not assignable to type 'string'.
src/routes/crucible-enterprise.ts(127,9): error TS2322: Type 'unknown' is not assignable to type 'TestCategory[] | undefined'.
src/routes/crucible-enterprise.ts(128,9): error TS2322: Type '{}' is not assignable to type 'boolean | undefined'.
src/routes/crucible-enterprise.ts(311,9): error TS2322: Type '{}' is not assignable to type 'string'.
src/routes/crucible-enterprise.ts(312,9): error TS2740: Type '{}' is missing the following properties from type 'TestCategory[]': length, pop, push, concat, and 29 more.
src/routes/crucible-enterprise.ts(313,9): error TS2322: Type '{}' is not assignable to type 'boolean'.
src/routes/crucible-enterprise.ts(314,9): error TS2740: Type '{}' is missing the following properties from type 'string[]': length, pop, push, concat, and 29 more.
src/routes/crucible-enterprise.ts(315,9): error TS2322: Type '{}' is not assignable to type 'boolean'.
src/routes/crucible-enterprise.ts(316,9): error TS2322: Type '{}' is not assignable to type 'boolean'.
src/routes/crucible.ts(106,33): error TS6133: 'req' is declared but its value is never read.
src/routes/crucible.ts(139,9): error TS2322: Type 'string' is not assignable to type 'SimulationStatus | undefined'.
src/routes/crucible.ts(140,9): error TS2322: Type 'string' is not assignable to type 'SimulationType | undefined'.
src/routes/crucible.ts(178,9): error TS2322: Type '{}' is not assignable to type 'string'.
src/routes/crucible.ts(179,9): error TS2322: Type 'unknown' is not assignable to type 'string | undefined'.
src/routes/crucible.ts(180,9): error TS2322: Type '{}' is not assignable to type 'SimulationType'.
src/routes/crucible.ts(181,9): error TS2322: Type '{} | { monteCarloRuns: number; confidenceLevel: number; timeHorizonDays: number; variables: never[]; constraints: never[]; }' is not assignable to type 'SimulationConfig'.
  Type '{}' is missing the following properties from type 'SimulationConfig': monteCarloRuns, confidenceLevel, timeHorizonDays, variables, constraints
src/routes/crucible.ts(188,9): error TS2739: Type '{}' is missing the following properties from type 'ScenarioDefinition': name, description, shocks
src/routes/crucible.ts(400,9): error TS2322: Type '{}' is not assignable to type 'SimulationType'.
src/routes/crucible.ts(408,9): error TS2322: Type '{ shocks: {}; name: string; description: string; triggers?: Trigger[]; }' is not assignable to type 'ScenarioDefinition'.
  Types of property 'shocks' are incompatible.
    Type '{}' is missing the following properties from type 'Shock[]': length, pop, push, concat, and 29 more.
src/routes/crucible.ts(505,44): error TS7030: Not all code paths return a value.
src/routes/crucible.ts(513,7): error TS2345: Argument of type '{}' is not assignable to parameter of type 'SimulationType'.
src/routes/crucible.ts(543,38): error TS7030: Not all code paths return a value.
src/routes/crucible.ts(549,71): error TS2345: Argument of type '{}' is not assignable to parameter of type 'string'.
src/routes/dcii.ts(80,7): error TS6133: 'iissDeliberationSchema' is declared but its value is never read.
src/routes/dcii.ts(129,7): error TS6133: 'timestampSchema' is declared but its value is never read.
src/routes/dcii.ts(147,7): error TS6133: 'similaritySearchSchema' is declared but its value is never read.
src/routes/dcii.ts(349,32): error TS7030: Not all code paths return a value.
src/routes/dcii.ts(365,43): error TS7030: Not all code paths return a value.
src/routes/dcii.ts(372,39): error TS7030: Not all code paths return a value.
src/routes/dcii.ts(406,46): error TS7030: Not all code paths return a value.
src/routes/dcii.ts(417,30): error TS7030: Not all code paths return a value.
src/routes/dcii.ts(425,7): error TS2322: Type '{}' is not assignable to type 'string'.
src/routes/dcii.ts(425,23): error TS2322: Type '{}' is not assignable to type 'string'.
src/routes/dcii.ts(425,39): error TS2322: Type '{}' is not assignable to type 'string'.
src/routes/dcii.ts(426,7): error TS2322: Type '{}' is not assignable to type 'number'.
src/routes/dcii.ts(427,7): error TS2322: Type '{}' is not assignable to type 'number'.
src/routes/dcii.ts(427,36): error TS2322: Type '{}' is not assignable to type 'number'.
src/routes/dcii.ts(428,7): error TS2322: Type '{}' is not assignable to type 'boolean'.
src/routes/dcii.ts(429,7): error TS2322: Type '{}' is not assignable to type 'number'.
src/routes/dcii.ts(429,44): error TS2322: Type '{}' is not assignable to type 'boolean'.
src/routes/dcii.ts(430,7): error TS2740: Type '{}' is missing the following properties from type '{ agentRole: string; position: string; evidence: string[]; sentiment: "support" | "neutral" | "oppose"; }[]': length, pop, push, concat, and 29 more.
src/routes/dcii.ts(440,42): error TS7030: Not all code paths return a value.
src/routes/dcii.ts(448,92): error TS2304: Cannot find name 'req'.
src/routes/dcii.ts(453,92): error TS2304: Cannot find name 'req'.
src/routes/dcii.ts(457,60): error TS7030: Not all code paths return a value.
src/routes/dcii.ts(467,63): error TS7030: Not all code paths return a value.
src/routes/dcii.ts(477,29): error TS7030: Not all code paths return a value.
src/routes/dcii.ts(492,38): error TS7030: Not all code paths return a value.
src/routes/dcii.ts(513,28): error TS7030: Not all code paths return a value.
src/routes/dcii.ts(521,33): error TS2345: Argument of type 'string' is not assignable to parameter of type 'MediaType'.
src/routes/dcii.ts(545,37): error TS7030: Not all code paths return a value.
src/routes/dcii.ts(574,40): error TS7030: Not all code paths return a value.
src/routes/dcii.ts(577,79): error TS2345: Argument of type 'string' is not assignable to parameter of type 'ProvenanceAction'.
src/routes/dcii.ts(587,37): error TS7030: Not all code paths return a value.
src/routes/dcii.ts(594,116): error TS2345: Argument of type 'string[]' is not assignable to parameter of type 'Jurisdiction[]'.
  Type 'string' is not assignable to type 'Jurisdiction'.
src/routes/dcii.ts(603,54): error TS7030: Not all code paths return a value.
src/routes/dcii.ts(611,97): error TS2304: Cannot find name 'req'.
src/routes/dcii.ts(616,95): error TS2304: Cannot find name 'req'.
src/routes/dcii.ts(625,50): error TS7030: Not all code paths return a value.
src/routes/dcii.ts(644,46): error TS7030: Not all code paths return a value.
src/routes/dcii.ts(652,23): error TS2345: Argument of type 'string' is not assignable to parameter of type 'Jurisdiction'.
src/routes/dcii.ts(663,101): error TS2304: Cannot find name 'req'.
src/routes/dcii.ts(672,51): error TS7030: Not all code paths return a value.
src/routes/dcii.ts(683,33): error TS7030: Not all code paths return a value.
src/routes/dcii.ts(690,7): error TS2345: Argument of type '{}' is not assignable to parameter of type 'string'.
src/routes/dcii.ts(701,33): error TS7030: Not all code paths return a value.
src/routes/dcii.ts(707,82): error TS2345: Argument of type 'Record<string, unknown>[]' is not assignable to parameter of type '{ dataHash: string; description: string; dataType: "deliberation" | "dissent" | "compliance" | "decision" | "document" | "evidence" | "override" | "media" | "generic"; referenceId?: string | undefined; }[]'.
  Type 'Record<string, unknown>' is missing the following properties from type '{ dataHash: string; description: string; dataType: "deliberation" | "dissent" | "compliance" | "decision" | "document" | "evidence" | "override" | "media" | "generic"; referenceId?: string | undefined; }': dataHash, description, dataType
src/routes/dcii.ts(728,41): error TS7030: Not all code paths return a value.
src/routes/dcii.ts(736,85): error TS2304: Cannot find name 'req'.
src/routes/dcii.ts(746,82): error TS2304: Cannot find name 'req'.
src/routes/dcii.ts(761,41): error TS7030: Not all code paths return a value.
src/routes/dcii.ts(772,35): error TS7030: Not all code paths return a value.
src/routes/dcii.ts(779,7): error TS2322: Type '{}' is not assignable to type 'string'.
src/routes/dcii.ts(779,23): error TS2322: Type '{}' is not assignable to type 'string'.
src/routes/dcii.ts(779,30): error TS2322: Type '{}' is not assignable to type 'string'.
src/routes/dcii.ts(779,40): error TS2322: Type '{}' is not assignable to type 'string'.
src/routes/dcii.ts(780,7): error TS2322: Type 'unknown' is not assignable to type 'string | undefined'.
src/routes/dcii.ts(780,21): error TS2322: Type 'unknown' is not assignable to type 'string | undefined'.
src/routes/dcii.ts(780,33): error TS2322: Type 'unknown' is not assignable to type '"critical" | "high" | "medium" | "low" | undefined'.
src/routes/dcii.ts(780,42): error TS2322: Type 'unknown' is not assignable to type 'string[] | undefined'.
src/routes/dcii.ts(781,7): error TS2322: Type 'unknown' is not assignable to type 'number | undefined'.
src/routes/dcii.ts(781,19): error TS2322: Type 'unknown' is not assignable to type 'number | undefined'.
src/routes/dcii.ts(781,34): error TS2322: Type 'unknown' is not assignable to type 'boolean | undefined'.
src/routes/dcii.ts(781,51): error TS2322: Type 'unknown' is not assignable to type 'boolean | undefined'.
src/routes/dcii.ts(791,38): error TS7030: Not all code paths return a value.
src/routes/dcii.ts(813,57): error TS7030: Not all code paths return a value.
src/routes/dcii.ts(816,28): error TS2345: Argument of type 'string' is not assignable to parameter of type 'OutcomeStatus'.
src/routes/dcii.ts(824,88): error TS2304: Cannot find name 'req'.
src/routes/dcii.ts(833,48): error TS7030: Not all code paths return a value.
src/routes/dcii.ts(852,87): error TS2304: Cannot find name 'req'.
src/routes/dcii.ts(857,70): error TS2304: Cannot find name 'req'.
src/routes/dcii.ts(861,44): error TS7030: Not all code paths return a value.
src/routes/decision-intel.ts(2,10): error TS2300: Duplicate identifier 'z'.
src/routes/decision-intel.ts(4,7): error TS2451: Cannot redeclare block-scoped variable 'bodySchema0'.
src/routes/decision-intel.ts(18,7): error TS2451: Cannot redeclare block-scoped variable 'pivotalMomentsSchema'.
src/routes/decision-intel.ts(19,7): error TS2451: Cannot redeclare block-scoped variable 'cascadeSchema'.
src/routes/decision-intel.ts(20,7): error TS2451: Cannot redeclare block-scoped variable 'forecastSchema'.
src/routes/decision-intel.ts(21,7): error TS2451: Cannot redeclare block-scoped variable 'timelineSchema'.
src/routes/decision-intel.ts(22,7): error TS2451: Cannot redeclare block-scoped variable 'counterfactualSchema'.
src/routes/decision-intel.ts(23,7): error TS2451: Cannot redeclare block-scoped variable 'eventCreateSchema'.
src/routes/decision-intel.ts(23,7): error TS6133: 'eventCreateSchema' is declared but its value is never read.
src/routes/decision-intel.ts(47,10): error TS2300: Duplicate identifier 'z'.
src/routes/decision-intel.ts(49,7): error TS2451: Cannot redeclare block-scoped variable 'bodySchema0'.
src/routes/decision-intel.ts(63,7): error TS2451: Cannot redeclare block-scoped variable 'pivotalMomentsSchema'.
src/routes/decision-intel.ts(64,7): error TS2451: Cannot redeclare block-scoped variable 'cascadeSchema'.
src/routes/decision-intel.ts(65,7): error TS2451: Cannot redeclare block-scoped variable 'forecastSchema'.
src/routes/decision-intel.ts(66,7): error TS2451: Cannot redeclare block-scoped variable 'timelineSchema'.
src/routes/decision-intel.ts(67,7): error TS2451: Cannot redeclare block-scoped variable 'counterfactualSchema'.
src/routes/decision-intel.ts(68,7): error TS2451: Cannot redeclare block-scoped variable 'eventCreateSchema'.
src/routes/decision-intel.ts(195,44): error TS7030: Not all code paths return a value.
src/routes/decision-intel.ts(228,41): error TS7030: Not all code paths return a value.
src/routes/decision-intel.ts(240,7): error TS2345: Argument of type '{ timestamp: Date; }' is not assignable to parameter of type 'TimelineEvent'.
  Type '{ timestamp: Date; }' is missing the following properties from type 'TimelineEvent': id, type, title, description, and 2 more.
src/routes/decision-intel.ts(240,44): error TS2769: No overload matches this call.
  Overload 1 of 4, '(value: string | number | Date): Date', gave the following error.
    Argument of type 'unknown' is not assignable to parameter of type 'string | number | Date'.
  Overload 2 of 4, '(value: string | number): Date', gave the following error.
    Argument of type 'unknown' is not assignable to parameter of type 'string | number'.
src/routes/decision-intel.ts(263,7): error TS2345: Argument of type 'Record<string, unknown>' is not assignable to parameter of type 'Record<string, number>'.
  'string' index signatures are incompatible.
    Type 'unknown' is not assignable to type 'number'.
src/routes/decision-intel.ts(279,45): error TS7030: Not all code paths return a value.
src/routes/decision-intel.ts(297,7): error TS2345: Argument of type 'Record<string, unknown> | undefined' is not assignable to parameter of type 'Record<string, number> | undefined'.
  Type 'Record<string, unknown>' is not assignable to type 'Record<string, number>'.
    'string' index signatures are incompatible.
      Type 'unknown' is not assignable to type 'number'.
src/routes/decision-intel.ts(308,36): error TS7030: Not all code paths return a value.
src/routes/decision-intel.ts(320,7): error TS2345: Argument of type '{ timestamp: Date; }' is not assignable to parameter of type 'TimelineEvent'.
  Type '{ timestamp: Date; }' is missing the following properties from type 'TimelineEvent': id, type, title, description, and 2 more.
src/routes/decision-intel.ts(320,39): error TS2769: No overload matches this call.
  Overload 1 of 4, '(value: string | number | Date): Date', gave the following error.
    Argument of type 'unknown' is not assignable to parameter of type 'string | number | Date'.
  Overload 2 of 4, '(value: string | number): Date', gave the following error.
    Argument of type 'unknown' is not assignable to parameter of type 'string | number'.
src/routes/decision-intel.ts(587,7): error TS2322: Type '{}' is not assignable to type 'ChronosEventType'.
src/routes/decision-intel.ts(588,7): error TS2322: Type '{}' is not assignable to type 'ChronosCategory'.
src/routes/decision-intel.ts(589,7): error TS2322: Type '{}' is not assignable to type 'ChronosSeverity | undefined'.
src/routes/decision-intel.ts(590,7): error TS2322: Type '{}' is not assignable to type 'string'.
src/routes/decision-intel.ts(591,7): error TS2322: Type '{}' is not assignable to type 'string'.
src/routes/decision-intel.ts(594,7): error TS2322: Type 'unknown' is not assignable to type 'string | undefined'.
src/routes/decision-intel.ts(595,7): error TS2322: Type 'unknown' is not assignable to type 'string | undefined'.
src/routes/decision-intel.ts(596,7): error TS2322: Type '{}' is not assignable to type 'Record<string, unknown>'.
  Index signature for type 'string' is missing in type '{}'.
src/routes/decision-intel.ts(597,7): error TS2322: Type 'unknown' is not assignable to type 'ChronosImpact | undefined'.
src/routes/decision-intel.ts(598,7): error TS2322: Type '{}' is not assignable to type 'number'.
src/routes/decisions.ts(124,20): error TS7030: Not all code paths return a value.
src/routes/decisions.ts(151,22): error TS7030: Not all code paths return a value.
src/routes/decisions.ts(189,29): error TS7030: Not all code paths return a value.
src/routes/decisions.ts(228,31): error TS7030: Not all code paths return a value.
src/routes/decisions.ts(270,32): error TS7030: Not all code paths return a value.
src/routes/decisions.ts(312,29): error TS7030: Not all code paths return a value.
src/routes/decisions.ts(343,28): error TS7030: Not all code paths return a value.
src/routes/decisions.ts(378,29): error TS7030: Not all code paths return a value.
src/routes/decisions.ts(431,29): error TS7030: Not all code paths return a value.
src/routes/decisions.ts(456,27): error TS7030: Not all code paths return a value.
src/routes/decisions.ts(477,26): error TS7030: Not all code paths return a value.
src/routes/defense.ts(99,27): error TS7030: Not all code paths return a value.
src/routes/defense.ts(128,35): error TS7030: Not all code paths return a value.
src/routes/defense.ts(131,97): error TS2345: Argument of type '{}' is not assignable to parameter of type 'string'.
src/routes/defense.ts(138,56): error TS2345: Argument of type '{}' is not assignable to parameter of type '"acquisition" | "cyber" | "planning" | "kinetic" | "intelligence"'.
src/routes/defense.ts(196,26): error TS7030: Not all code paths return a value.
src/routes/defense.ts(263,28): error TS7030: Not all code paths return a value.
src/routes/defense.ts(301,31): error TS7030: Not all code paths return a value.
src/routes/defense.ts(371,28): error TS7030: Not all code paths return a value.
src/routes/defense.ts(378,51): error TS2345: Argument of type '{}' is not assignable to parameter of type 'string'.
src/routes/defense.ts(389,79): error TS2345: Argument of type '{}' is not assignable to parameter of type 'string'.
src/routes/deliberations.ts(109,7): error TS2322: Type 'Record<string, unknown>[]' is not assignable to type 'AgentResponse[]'.
  Type 'Record<string, unknown>' is missing the following properties from type 'AgentResponse': agentId, agentName, agentRole, response, duration
src/routes/deliberations.ts(110,7): error TS2322: Type 'Record<string, unknown>[]' is not assignable to type 'CrossExamination[]'.
  Type 'Record<string, unknown>' is missing the following properties from type 'CrossExamination': challengerId, challengerName, targetId, targetName, and 2 more.
src/routes/deliberations.ts(113,7): error TS2322: Type 'string' is not assignable to type '"completed" | "in_progress" | "cancelled"'.
src/routes/deliberations.ts(166,20): error TS7030: Not all code paths return a value.
src/routes/deliberations.ts(245,27): error TS7030: Not all code paths return a value.
src/routes/deliberations.ts(277,26): error TS7030: Not all code paths return a value.
src/routes/deliberations.ts(324,44): error TS7030: Not all code paths return a value.
src/routes/deliberations.ts(348,52): error TS7030: Not all code paths return a value.
src/routes/deliberations.ts(354,9): error TS2322: Type 'string' is not assignable to type 'EvidenceType'.
src/routes/deliberations.ts(354,28): error TS2322: Type 'string | undefined' is not assignable to type '{ type: "internal" | "user" | "calculation" | "external"; name: string; url?: string | undefined; query?: string | undefined; timestamp?: Date | undefined; }'.
  Type 'undefined' is not assignable to type '{ type: "internal" | "user" | "calculation" | "external"; name: string; url?: string | undefined; query?: string | undefined; timestamp?: Date | undefined; }'.
src/routes/deliberations.ts(354,36): error TS2322: Type 'string | undefined' is not assignable to type '{ formula: string; inputs: Record<string, string | number>; steps: string[]; result: string | number; } | undefined'.
  Type 'string' is not assignable to type '{ formula: string; inputs: Record<string, string | number>; steps: string[]; result: string | number; }'.
src/routes/deliberations.ts(354,49): error TS2322: Type 'number | undefined' is not assignable to type '"strong" | "moderate" | "weak" | "circumstantial"'.
  Type 'undefined' is not assignable to type '"strong" | "moderate" | "weak" | "circumstantial"'.
src/routes/deliberations.ts(388,7): error TS2345: Argument of type 'string' is not assignable to parameter of type '"custom" | "pilot" | "foundation" | "enterprise" | "strategic" | "trial" | undefined'.
src/routes/deliberations.ts(401,53): error TS7030: Not all code paths return a value.
src/routes/deliberations.ts(426,7): error TS2345: Argument of type 'Record<string, string> | undefined' is not assignable to parameter of type 'Record<string, ActionPriority> | undefined'.
  Type 'Record<string, string>' is not assignable to type 'Record<string, ActionPriority>'.
    'string' index signatures are incompatible.
      Type 'string' is not assignable to type 'ActionPriority'.
src/routes/deliberations.ts(448,7): error TS2345: Argument of type 'string | undefined' is not assignable to parameter of type 'ActionPriority | undefined'.
  Type 'string' is not assignable to type 'ActionPriority | undefined'.
src/routes/deliberations.ts(467,73): error TS2345: Argument of type 'Record<string, string> | undefined' is not assignable to parameter of type 'Record<string, ActionPriority> | undefined'.
  Type 'Record<string, string>' is not assignable to type 'Record<string, ActionPriority>'.
    'string' index signatures are incompatible.
      Type 'string' is not assignable to type 'ActionPriority'.
src/routes/demo-seed.ts(2,1): error TS6133: 'z' is declared but its value is never read.
src/routes/demo-seed.ts(2,10): error TS2300: Duplicate identifier 'z'.
src/routes/demo-seed.ts(29,1): error TS6192: All imports in import declaration are unused.
src/routes/demo-seed.ts(31,10): error TS2300: Duplicate identifier 'z'.
src/routes/demo-seed.ts(39,7): error TS6133: 'DEMO_ORGANIZATION' is declared but its value is never read.
src/routes/demo-seed.ts(47,7): error TS6133: 'DEMO_USERS' is declared but its value is never read.
src/routes/demo-seed.ts(905,32): error TS7030: Not all code paths return a value.
src/routes/demo-seed.ts(966,32): error TS6133: 'req' is declared but its value is never read.
src/routes/demo-seed.ts(1033,30): error TS6133: 'req' is declared but its value is never read.
src/routes/demo.ts(44,30): error TS7030: Not all code paths return a value.
src/routes/dissent.ts(85,70): error TS2345: Argument of type '{ type: "emergency" | "formal" | "informal"; anonymous: boolean; severity: "LOW" | "MEDIUM" | "HIGH" | "CRITICAL"; reason: string; decisionId: string; supportingEvidence?: string | undefined; requestedOutcome?: string | undefined; }' is not assignable to parameter of type '{ decisionId: string; decisionTitle: string; decisionOwner: string; dissentType: "resource" | "strategic" | "other" | "risk" | "factual" | "ethical" | "process"; severity: "advisory" | "blocking" | "formal_objection"; ... 6 more ...; dissenterDepartment?: string | undefined; }'.
  Type '{ type: "emergency" | "formal" | "informal"; anonymous: boolean; severity: "LOW" | "MEDIUM" | "HIGH" | "CRITICAL"; reason: string; decisionId: string; supportingEvidence?: string | undefined; requestedOutcome?: string | undefined; }' is missing the following properties from type '{ decisionId: string; decisionTitle: string; decisionOwner: string; dissentType: "resource" | "strategic" | "other" | "risk" | "factual" | "ethical" | "process"; severity: "advisory" | "blocking" | "formal_objection"; ... 6 more ...; dissenterDepartment?: string | undefined; }': decisionTitle, decisionOwner, dissentType, statement, and 3 more.
src/routes/dissent.ts(108,70): error TS2345: Argument of type '{ type: "emergency" | "formal" | "informal"; anonymous: boolean; severity: "LOW" | "MEDIUM" | "HIGH" | "CRITICAL"; reason: string; decisionId: string; supportingEvidence?: string | undefined; requestedOutcome?: string | undefined; }' is not assignable to parameter of type '{ decisionId: string; decisionTitle: string; decisionOwner: string; dissentType: "resource" | "strategic" | "other" | "risk" | "factual" | "ethical" | "process"; severity: "advisory" | "blocking" | "formal_objection"; ... 6 more ...; dissenterDepartment?: string | undefined; }'.
  Type '{ type: "emergency" | "formal" | "informal"; anonymous: boolean; severity: "LOW" | "MEDIUM" | "HIGH" | "CRITICAL"; reason: string; decisionId: string; supportingEvidence?: string | undefined; requestedOutcome?: string | undefined; }' is missing the following properties from type '{ decisionId: string; decisionTitle: string; decisionOwner: string; dissentType: "resource" | "strategic" | "other" | "risk" | "factual" | "ethical" | "process"; severity: "advisory" | "blocking" | "formal_objection"; ... 6 more ...; dissenterDepartment?: string | undefined; }': decisionTitle, decisionOwner, dissentType, statement, and 3 more.
src/routes/dissent.ts(126,7): error TS2322: Type 'string' is not assignable to type '"pending" | "accepted" | "overruled" | "acknowledged" | "escalated" | "clarification_requested" | undefined'.
src/routes/dissent.ts(158,20): error TS7030: Not all code paths return a value.
src/routes/dissent.ts(182,63): error TS2345: Argument of type '{ action: "escalate" | "acknowledge" | "investigate" | "resolve" | "dismiss"; response: string; resolution?: string | undefined; respondedBy?: string | undefined; }' is not assignable to parameter of type '{ responderId: string; responderName: string; responderRole: string; responseType: "accept" | "partial_accept" | "acknowledge_proceed" | "request_clarification" | "escalate_together"; reasoning: string; mitigatingActions?: string[] | undefined; }'.
  Type '{ action: "escalate" | "acknowledge" | "investigate" | "resolve" | "dismiss"; response: string; resolution?: string | undefined; respondedBy?: string | undefined; }' is missing the following properties from type '{ responderId: string; responderName: string; responderRole: string; responseType: "accept" | "partial_accept" | "acknowledge_proceed" | "request_clarification" | "escalate_together"; reasoning: string; mitigatingActions?: string[] | undefined; }': responderId, responderName, responderRole, responseType, reasoning
src/routes/dissent.ts(256,61): error TS2345: Argument of type 'string' is not assignable to parameter of type '"performance_review" | "compensation" | "role_change" | "access_revocation" | "meeting_exclusion" | "communication_pattern"'.
src/routes/druid.ts(22,1): error TS6133: 'z' is declared but its value is never read.
src/routes/echo.ts(46,15): error TS2304: Cannot find name 'req'.
src/routes/echo.ts(47,15): error TS2304: Cannot find name 'req'.
src/routes/echo.ts(48,14): error TS2304: Cannot find name 'req'.
src/routes/echo.ts(340,44): error TS6133: 'req' is declared but its value is never read.
src/routes/enterprise-connectors.ts(108,46): error TS7030: Not all code paths return a value.
src/routes/enterprise-connectors.ts(144,45): error TS7030: Not all code paths return a value.
src/routes/enterprise-connectors.ts(146,33): error TS6133: 'state' is declared but its value is never read.
src/routes/enterprise-connectors.ts(180,35): error TS7030: Not all code paths return a value.
src/routes/enterprise-connectors.ts(207,38): error TS7030: Not all code paths return a value.
src/routes/enterprise-connectors.ts(231,41): error TS7030: Not all code paths return a value.
src/routes/enterprise-connectors.ts(256,36): error TS7030: Not all code paths return a value.
src/routes/enterprise-connectors.ts(280,34): error TS7030: Not all code paths return a value.
src/routes/enterprise-connectors.ts(298,42): error TS2345: Argument of type '{}' is not assignable to parameter of type 'string'.
src/routes/enterprise-connectors.ts(309,28): error TS7030: Not all code paths return a value.
src/routes/enterprise-connectors.ts(327,48): error TS2345: Argument of type '{}' is not assignable to parameter of type 'string'.
src/routes/enterprise-connectors.ts(338,29): error TS7030: Not all code paths return a value.
src/routes/enterprise-connectors.ts(356,49): error TS2345: Argument of type '{}' is not assignable to parameter of type 'string'.
src/routes/enterprise-connectors.ts(367,29): error TS7030: Not all code paths return a value.
src/routes/enterprise-security.ts(17,33): error TS6133: 'getOrgId' is declared but its value is never read.
src/routes/enterprise-security.ts(100,44): error TS2345: Argument of type 'unknown' is not assignable to parameter of type 'string'.
src/routes/enterprise-security.ts(133,50): error TS2345: Argument of type 'unknown' is not assignable to parameter of type 'string | undefined'.
src/routes/enterprise-security.ts(134,47): error TS2345: Argument of type 'unknown' is not assignable to parameter of type 'string | undefined'.
src/routes/enterprise-security.ts(157,50): error TS6133: 'req' is declared but its value is never read.
src/routes/enterprise-security.ts(178,7): error TS2345: Argument of type 'unknown' is not assignable to parameter of type 'string'.
src/routes/enterprise-security.ts(196,66): error TS2345: Argument of type 'unknown' is not assignable to parameter of type 'string'.
src/routes/enterprise-security.ts(215,32): error TS2769: No overload matches this call.
  Overload 1 of 4, '(arrayBuffer: WithImplicitCoercion<ArrayBufferLike>, byteOffset?: number | undefined, length?: number | undefined): Buffer<ArrayBufferLike>', gave the following error.
    Argument of type 'unknown' is not assignable to parameter of type 'WithImplicitCoercion<ArrayBufferLike>'.
  Overload 2 of 4, '(string: WithImplicitCoercion<string>, encoding?: BufferEncoding | undefined): Buffer<ArrayBuffer>', gave the following error.
    Argument of type 'unknown' is not assignable to parameter of type 'WithImplicitCoercion<string>'.
src/routes/enterprise-security.ts(218,50): error TS2345: Argument of type 'unknown' is not assignable to parameter of type 'string | undefined'.
src/routes/enterprise-security.ts(219,47): error TS2345: Argument of type 'unknown' is not assignable to parameter of type 'string | undefined'.
src/routes/enterprise-security.ts(241,32): error TS2769: No overload matches this call.
  Overload 1 of 4, '(arrayBuffer: WithImplicitCoercion<ArrayBufferLike>, byteOffset?: number | undefined, length?: number | undefined): Buffer<ArrayBufferLike>', gave the following error.
    Argument of type 'unknown' is not assignable to parameter of type 'WithImplicitCoercion<ArrayBufferLike>'.
  Overload 2 of 4, '(string: WithImplicitCoercion<string>, encoding?: BufferEncoding | undefined): Buffer<ArrayBuffer>', gave the following error.
    Argument of type 'unknown' is not assignable to parameter of type 'WithImplicitCoercion<string>'.
src/routes/enterprise-security.ts(258,41): error TS6133: 'req' is declared but its value is never read.
src/routes/enterprise-security.ts(270,40): error TS6133: 'req' is declared but its value is never read.
src/routes/enterprise-security.ts(286,39): error TS6133: 'req' is declared but its value is never read.
src/routes/env-config.ts(2,10): error TS2300: Duplicate identifier 'z'.
src/routes/env-config.ts(4,7): error TS2451: Cannot redeclare block-scoped variable 'bodySchema0'.
src/routes/env-config.ts(7,7): error TS2451: Cannot redeclare block-scoped variable 'bodySchema1'.
src/routes/env-config.ts(7,7): error TS6133: 'bodySchema1' is declared but its value is never read.
src/routes/env-config.ts(34,10): error TS2300: Duplicate identifier 'z'.
src/routes/env-config.ts(36,7): error TS2451: Cannot redeclare block-scoped variable 'bodySchema0'.
src/routes/env-config.ts(39,7): error TS2451: Cannot redeclare block-scoped variable 'bodySchema1'.
src/routes/env-config.ts(126,17): error TS7030: Not all code paths return a value.
src/routes/env-config.ts(169,18): error TS7030: Not all code paths return a value.
src/routes/env-config.ts(187,38): error TS2345: Argument of type 'object' is not assignable to parameter of type 'Record<string, string>'.
  Index signature for type 'string' is missing in type '{}'.
src/routes/env-config.ts(215,12): error TS18046: 'variables' is of type 'unknown'.
src/routes/env-config.ts(223,11): error TS18046: 'variables' is of type 'unknown'.
src/routes/env-config.ts(225,19): error TS18046: 'variables' is of type 'unknown'.
src/routes/env-config.ts(233,9): error TS18046: 'variables' is of type 'unknown'.
src/routes/env-config.ts(233,33): error TS18046: 'variables' is of type 'unknown'.
src/routes/env-config.ts(236,9): error TS18046: 'variables' is of type 'unknown'.
src/routes/env-config.ts(236,37): error TS18046: 'variables' is of type 'unknown'.
src/routes/env-config.ts(257,25): error TS7030: Not all code paths return a value.
src/routes/errors.ts(20,1): error TS6192: All imports in import declaration are unused.
src/routes/errors.ts(22,1): error TS6133: 'z' is declared but its value is never read.
src/routes/errors.ts(53,24): error TS7030: Not all code paths return a value.
src/routes/eternal.ts(51,41): error TS2345: Argument of type 'string | undefined' is not assignable to parameter of type 'string'.
  Type 'undefined' is not assignable to type 'string'.
src/routes/eternal.ts(52,42): error TS2345: Argument of type 'string | undefined' is not assignable to parameter of type 'string'.
  Type 'undefined' is not assignable to type 'string'.
src/routes/eternal.ts(53,42): error TS2345: Argument of type 'string | undefined' is not assignable to parameter of type 'string'.
  Type 'undefined' is not assignable to type 'string'.
src/routes/eternal.ts(94,65): error TS2345: Argument of type 'string | undefined' is not assignable to parameter of type 'string'.
  Type 'undefined' is not assignable to type 'string'.
src/routes/eternal.ts(105,63): error TS2345: Argument of type 'string | undefined' is not assignable to parameter of type 'string'.
  Type 'undefined' is not assignable to type 'string'.
src/routes/eternal.ts(117,30): error TS7030: Not all code paths return a value.
src/routes/eternal.ts(137,85): error TS2345: Argument of type 'unknown' is not assignable to parameter of type '"SCHEDULED" | "MANUAL" | "TRIGGERED" | "MIGRATION" | undefined'.
src/routes/eternal.ts(157,80): error TS2345: Argument of type 'unknown' is not assignable to parameter of type 'string'.
src/routes/eternal.ts(172,65): error TS2345: Argument of type 'string | undefined' is not assignable to parameter of type 'string'.
  Type 'undefined' is not assignable to type 'string'.
src/routes/eternal.ts(182,65): error TS2345: Argument of type 'string | undefined' is not assignable to parameter of type 'string'.
  Type 'undefined' is not assignable to type 'string'.
src/routes/eternal.ts(196,66): error TS2345: Argument of type 'string | undefined' is not assignable to parameter of type 'string'.
  Type 'undefined' is not assignable to type 'string'.
src/routes/eternal.ts(206,65): error TS2345: Argument of type 'string | undefined' is not assignable to parameter of type 'string'.
  Type 'undefined' is not assignable to type 'string'.
src/routes/eternal.ts(229,63): error TS2345: Argument of type 'string | undefined' is not assignable to parameter of type 'string'.
  Type 'undefined' is not assignable to type 'string'.
src/routes/eu-banking.ts(21,10): error TS2300: Duplicate identifier 'z'.
src/routes/eu-banking.ts(23,7): error TS2451: Cannot redeclare block-scoped variable 'bodySchema0'.
src/routes/eu-banking.ts(26,7): error TS2451: Cannot redeclare block-scoped variable 'bodySchema1'.
src/routes/eu-banking.ts(26,7): error TS6133: 'bodySchema1' is declared but its value is never read.
src/routes/eu-banking.ts(42,10): error TS2300: Duplicate identifier 'z'.
src/routes/eu-banking.ts(44,7): error TS2451: Cannot redeclare block-scoped variable 'bodySchema0'.
src/routes/eu-banking.ts(47,7): error TS2451: Cannot redeclare block-scoped variable 'bodySchema1'.
src/routes/eu-banking.ts(61,7): error TS6133: 'componentsSchema' is declared but its value is never read.
src/routes/eu-banking.ts(88,41): error TS7030: Not all code paths return a value.
src/routes/eu-banking.ts(95,7): error TS2352: Conversion of type 'Record<string, unknown>' to type 'CET1Components' may be a mistake because neither type sufficiently overlaps with the other. If this was intentional, convert the expression to 'unknown' first.
  Type 'Record<string, unknown>' is missing the following properties from type 'CET1Components': paidUpCapital, sharePremiun, retainedEarnings, accumulatedOCI, and 3 more.
src/routes/eu-banking.ts(96,7): error TS2352: Conversion of type 'Record<string, unknown>' to type 'AT1Components' may be a mistake because neither type sufficiently overlaps with the other. If this was intentional, convert the expression to 'unknown' first.
  Type 'Record<string, unknown>' is missing the following properties from type 'AT1Components': perpetualInstruments, sharePremiumAT1, deductions
src/routes/eu-banking.ts(97,7): error TS2352: Conversion of type 'Record<string, unknown>' to type 'Tier2Components' may be a mistake because neither type sufficiently overlaps with the other. If this was intentional, convert the expression to 'unknown' first.
  Type 'Record<string, unknown>' is missing the following properties from type 'Tier2Components': subordinatedDebt, sharePremiumT2, generalCreditRiskAdjustments, amortisationAdjustment, deductions
src/routes/eu-banking.ts(98,7): error TS2352: Conversion of type 'Record<string, unknown>[]' to type 'CreditRiskExposure[]' may be a mistake because neither type sufficiently overlaps with the other. If this was intentional, convert the expression to 'unknown' first.
  Type 'Record<string, unknown>' is missing the following properties from type 'CreditRiskExposure': id, exposureClass, exposureValue, riskWeight, and 5 more.
src/routes/eu-banking.ts(99,7): error TS2352: Conversion of type 'Record<string, unknown>[]' to type 'MarketRiskPosition[]' may be a mistake because neither type sufficiently overlaps with the other. If this was intentional, convert the expression to 'unknown' first.
  Type 'Record<string, unknown>' is missing the following properties from type 'MarketRiskPosition': id, assetClass, notionalValue, netPosition, and 3 more.
src/routes/eu-banking.ts(100,7): error TS2352: Conversion of type 'Record<string, unknown>' to type 'OperationalRiskData' may be a mistake because neither type sufficiently overlaps with the other. If this was intentional, convert the expression to 'unknown' first.
  Type 'Record<string, unknown>' is missing the following properties from type 'OperationalRiskData': method, grossIncomeHistory
src/routes/eu-banking.ts(101,7): error TS2345: Argument of type '{}' is not assignable to parameter of type 'number'.
src/routes/eu-banking.ts(112,35): error TS7030: Not all code paths return a value.
src/routes/eu-banking.ts(116,49): error TS2352: Conversion of type 'Record<string, unknown>[]' to type 'CreditRiskExposure[]' may be a mistake because neither type sufficiently overlaps with the other. If this was intentional, convert the expression to 'unknown' first.
  Type 'Record<string, unknown>' is missing the following properties from type 'CreditRiskExposure': id, exposureClass, exposureValue, riskWeight, and 5 more.
src/routes/eu-banking.ts(124,28): error TS7030: Not all code paths return a value.
src/routes/eu-banking.ts(137,29): error TS7030: Not all code paths return a value.
src/routes/eu-banking.ts(150,40): error TS7030: Not all code paths return a value.
src/routes/eu-banking.ts(156,54): error TS2345: Argument of type 'Record<string, unknown>[]' is not assignable to parameter of type '{ counterparty: string; exposureValue: number; }[]'.
  Type 'Record<string, unknown>' is missing the following properties from type '{ counterparty: string; exposureValue: number; }': counterparty, exposureValue
src/routes/eu-banking.ts(164,36): error TS7030: Not all code paths return a value.
src/routes/eu-banking.ts(168,47): error TS2345: Argument of type 'Record<string, unknown>' is not assignable to parameter of type 'Basel3CapitalResult'.
  Type 'Record<string, unknown>' is missing the following properties from type 'Basel3CapitalResult': cet1Capital, at1Capital, tier1Capital, tier2Capital, and 19 more.
src/routes/eu-banking.ts(181,33): error TS7030: Not all code paths return a value.
src/routes/eu-banking.ts(185,49): error TS2352: Conversion of type 'Record<string, unknown>' to type 'AISystemDescriptor' may be a mistake because neither type sufficiently overlaps with the other. If this was intentional, convert the expression to 'unknown' first.
  Type 'Record<string, unknown>' is missing the following properties from type 'AISystemDescriptor': id, name, version, description, and 19 more.
src/routes/eu-banking.ts(194,39): error TS7030: Not all code paths return a value.
src/routes/eu-banking.ts(198,61): error TS2352: Conversion of type 'Record<string, unknown>[]' to type 'AISystemDescriptor[]' may be a mistake because neither type sufficiently overlaps with the other. If this was intentional, convert the expression to 'unknown' first.
  Type 'Record<string, unknown>' is missing the following properties from type 'AISystemDescriptor': id, name, version, description, and 19 more.
src/routes/eu-banking.ts(207,29): error TS7030: Not all code paths return a value.
src/routes/eu-banking.ts(212,7): error TS2352: Conversion of type 'Record<string, unknown>' to type 'AISystemDescriptor' may be a mistake because neither type sufficiently overlaps with the other. If this was intentional, convert the expression to 'unknown' first.
  Type 'Record<string, unknown>' is missing the following properties from type 'AISystemDescriptor': id, name, version, description, and 19 more.
src/routes/eu-banking.ts(213,7): error TS2352: Conversion of type 'Record<string, unknown>[]' to type 'FundamentalRightAssessment[]' may be a mistake because neither type sufficiently overlaps with the other. If this was intentional, convert the expression to 'unknown' first.
  Type 'Record<string, unknown>' is missing the following properties from type 'FundamentalRightAssessment': right, charterArticle, riskLevel, impact, and 5 more.
src/routes/eu-banking.ts(214,7): error TS2352: Conversion of type 'Record<string, unknown>[]' to type 'MitigationMeasure[]' may be a mistake because neither type sufficiently overlaps with the other. If this was intentional, convert the expression to 'unknown' first.
  Type 'Record<string, unknown>' is missing the following properties from type 'MitigationMeasure': id, rightAddressed, measure, implementationStatus, and 3 more.
src/routes/eu-banking.ts(224,38): error TS7030: Not all code paths return a value.
src/routes/eu-banking.ts(228,57): error TS2352: Conversion of type 'Record<string, unknown>' to type 'AISystemDescriptor' may be a mistake because neither type sufficiently overlaps with the other. If this was intentional, convert the expression to 'unknown' first.
  Type 'Record<string, unknown>' is missing the following properties from type 'AISystemDescriptor': id, name, version, description, and 19 more.
src/routes/eu-banking.ts(236,49): error TS7030: Not all code paths return a value.
src/routes/eu-banking.ts(240,54): error TS2345: Argument of type 'Record<string, unknown>' is not assignable to parameter of type 'TechnicalDocumentation'.
  Type 'Record<string, unknown>' is missing the following properties from type 'TechnicalDocumentation': systemId, generalDescription, riskManagementSystem, dataGovernance, and 5 more.
src/routes/evidence-vault.ts(98,7): error TS2322: Type 'string' is not assignable to type '"all" | PacketStatus | undefined'.
src/routes/evidence-vault.ts(119,28): error TS7030: Not all code paths return a value.
src/routes/evidence-vault.ts(147,34): error TS7030: Not all code paths return a value.
src/routes/evidence-vault.ts(157,7): error TS2345: Argument of type '{}' is not assignable to parameter of type 'string'.
src/routes/evidence-vault.ts(186,47): error TS7030: Not all code paths return a value.
src/routes/evidence-vault.ts(200,7): error TS2345: Argument of type 'unknown' is not assignable to parameter of type 'string | undefined'.
src/routes/evidence-vault.ts(201,26): error TS2769: No overload matches this call.
  Overload 1 of 4, '(value: string | number | Date): Date', gave the following error.
    Argument of type '{}' is not assignable to parameter of type 'string | number | Date'.
  Overload 2 of 4, '(value: string | number): Date', gave the following error.
    Argument of type '{}' is not assignable to parameter of type 'string | number'.
src/routes/evidence-vault.ts(215,39): error TS7030: Not all code paths return a value.
src/routes/evidence-vault.ts(220,44): error TS2345: Argument of type 'unknown' is not assignable to parameter of type 'string'.
src/routes/evidence-vault.ts(227,7): error TS2345: Argument of type 'unknown' is not assignable to parameter of type '"approved" | "rejected"'.
src/routes/evidence-vault.ts(246,64): error TS7030: Not all code paths return a value.
src/routes/evidence-vault.ts(266,9): error TS2322: Type 'unknown' is not assignable to type 'string | undefined'.
src/routes/evidence-vault.ts(267,9): error TS2322: Type '{}' is not assignable to type '"legal" | "evidence" | "supporting" | "reference"'.
src/routes/evidence-vault.ts(311,41): error TS7030: Not all code paths return a value.
src/routes/evidence-vault.ts(323,7): error TS2345: Argument of type '{}' is not assignable to parameter of type 'string'.
src/routes/evidence.ts(56,7): error TS6133: 'ledgerBatchSchema' is declared but its value is never read.
src/routes/evidence.ts(60,7): error TS6133: 'suiteCreateSchema' is declared but its value is never read.
src/routes/evidence.ts(67,7): error TS6133: 'attestSchema' is declared but its value is never read.
src/routes/evidence.ts(75,7): error TS6133: 'exportBundleSchema' is declared but its value is never read.
src/routes/evidence.ts(97,24): error TS6133: 'req' is declared but its value is never read.
src/routes/evidence.ts(178,30): error TS7030: Not all code paths return a value.
src/routes/evidence.ts(228,35): error TS7030: Not all code paths return a value.
src/routes/evidence.ts(257,37): error TS6133: 'req' is declared but its value is never read.
src/routes/evidence.ts(270,35): error TS6133: 'req' is declared but its value is never read.
src/routes/evidence.ts(279,31): error TS6133: 'req' is declared but its value is never read.
src/routes/evidence.ts(288,38): error TS7030: Not all code paths return a value.
src/routes/evidence.ts(414,31): error TS6133: 'req' is declared but its value is never read.
src/routes/evidence.ts(423,34): error TS7030: Not all code paths return a value.
src/routes/evidence.ts(513,5): error TS2322: Type 'string' is not assignable to type '"suite_summary" | "test_execution" | "compliance_audit" | "security_assessment" | undefined'.
src/routes/evidence.ts(524,28): error TS7030: Not all code paths return a value.
src/routes/evidence.ts(573,39): error TS6133: 'req' is declared but its value is never read.
src/routes/evidence.ts(582,42): error TS7030: Not all code paths return a value.
src/routes/evidence.ts(652,41): error TS6133: 'req' is declared but its value is never read.
src/routes/evidence.ts(691,44): error TS6133: 'req' is declared but its value is never read.
src/routes/evidence.ts(744,5): error TS2322: Type 'string' is not assignable to type '"audit" | "legal" | "regulatory" | "due_diligence" | "investigation" | undefined'.
src/routes/evidence.ts(755,35): error TS7030: Not all code paths return a value.
src/routes/evidence.ts(784,44): error TS7030: Not all code paths return a value.
src/routes/evidence.ts(801,25): error TS6133: 'req' is declared but its value is never read.
src/routes/evidence.ts(801,54): error TS6133: 'next' is declared but its value is never read.
src/routes/express.ts(72,25): error TS7030: Not all code paths return a value.
src/routes/express.ts(93,66): error TS2345: Argument of type '{ organizationId: string; userId: string; query: {}; domain: {}; context: unknown; mode: unknown; }' is not assignable to parameter of type 'ExpressRequest'.
  Types of property 'query' are incompatible.
    Type '{}' is not assignable to type 'string'.
src/routes/express.ts(102,61): error TS2345: Argument of type '{ organizationId: string; userId: string; query: {}; domain: {}; context: unknown; mode: unknown; }' is not assignable to parameter of type 'ExpressRequest'.
  Types of property 'query' are incompatible.
    Type '{}' is not assignable to type 'string'.
src/routes/express.ts(118,34): error TS7030: Not all code paths return a value.
src/routes/express.ts(135,38): error TS7030: Not all code paths return a value.
src/routes/express.ts(144,7): error TS2345: Argument of type 'unknown' is not assignable to parameter of type 'string[] | undefined'.
src/routes/express.ts(161,33): error TS7030: Not all code paths return a value.
src/routes/express.ts(183,32): error TS7030: Not all code paths return a value.
src/routes/express.ts(204,34): error TS7030: Not all code paths return a value.
src/routes/express.ts(225,7): error TS2345: Argument of type '{}' is not assignable to parameter of type 'SimulationType'.
src/routes/express.ts(239,38): error TS7030: Not all code paths return a value.
src/routes/express.ts(260,35): error TS7030: Not all code paths return a value.
src/routes/express.ts(281,26): error TS7030: Not all code paths return a value.
src/routes/express.ts(292,68): error TS2345: Argument of type '{}' is not assignable to parameter of type 'string'.
src/routes/fhir.ts(20,1): error TS6133: 'z' is declared but its value is never read.
src/routes/fhir.ts(61,51): error TS7030: Not all code paths return a value.
src/routes/fhir.ts(90,26): error TS7030: Not all code paths return a value.
src/routes/flink.ts(84,49): error TS2345: Argument of type '{ timestamp: Date; }' is not assignable to parameter of type 'CEPEvent'.
  Type '{ timestamp: Date; }' is missing the following properties from type 'CEPEvent': id, type, source, payload
src/routes/flink.ts(84,87): error TS2339: Property 'timestamp' does not exist on type '{}'.
src/routes/gateway.ts(2,10): error TS2300: Duplicate identifier 'z'.
src/routes/gateway.ts(4,7): error TS2451: Cannot redeclare block-scoped variable 'bodySchema0'.
src/routes/gateway.ts(47,10): error TS2300: Duplicate identifier 'z'.
src/routes/gateway.ts(49,7): error TS2451: Cannot redeclare block-scoped variable 'bodySchema0'.
src/routes/gateway.ts(80,7): error TS2322: Type '{}' is not assignable to type 'string'.
src/routes/gateway.ts(500,31): error TS2345: Argument of type '{}' is not assignable to parameter of type 'string'.
src/routes/gateway.ts(614,7): error TS2322: Type 'string' is not assignable to type 'ShadowAIEventType | undefined'.
src/routes/gnosis.ts(36,57): error TS2304: Cannot find name 'req'.
src/routes/govern.ts(2,1): error TS6133: 'z' is declared but its value is never read.
src/routes/govern.ts(2,10): error TS2300: Duplicate identifier 'z'.
src/routes/govern.ts(22,10): error TS2300: Duplicate identifier 'z'.
src/routes/graph.ts(20,1): error TS6192: All imports in import declaration are unused.
src/routes/graph.ts(470,58): error TS6133: 'next' is declared but its value is never read.
src/routes/guardrails.ts(43,7): error TS6133: 'bodySchema4' is declared but its value is never read.
src/routes/guardrails.ts(192,5): error TS2322: Type 'unknown' is not assignable to type 'string[] | undefined'.
src/routes/guardrails.ts(193,5): error TS2322: Type 'unknown' is not assignable to type 'string[] | undefined'.
src/routes/guardrails.ts(194,5): error TS2322: Type 'unknown' is not assignable to type 'string[] | undefined'.
src/routes/guardrails.ts(195,5): error TS2322: Type 'unknown' is not assignable to type '{ claim: string; truth: string; source: string; }[] | undefined'.
src/routes/guardrails.ts(218,55): error TS2345: Argument of type '{}' is not assignable to parameter of type 'string'.
src/routes/guardrails.ts(239,56): error TS2345: Argument of type '{}' is not assignable to parameter of type 'string'.
src/routes/guardrails.ts(260,62): error TS2345: Argument of type '{}' is not assignable to parameter of type 'string'.
src/routes/guardrails.ts(284,7): error TS2322: Type '{}' is not assignable to type '"agent_response" | "decision" | "report" | "user_query"'.
src/routes/guardrails.ts(285,7): error TS2322: Type '{}' is not assignable to type 'string'.
src/routes/guardrails.ts(286,7): error TS2322: Type 'unknown' is not assignable to type 'string | undefined'.
src/routes/guardrails.ts(287,7): error TS2322: Type 'unknown' is not assignable to type 'string | undefined'.
src/routes/guardrails.ts(288,7): error TS2322: Type 'unknown' is not assignable to type 'string | undefined'.
src/routes/guardrails.ts(289,7): error TS2322: Type 'unknown' is not assignable to type 'Record<string, any> | undefined'.
src/routes/health.ts(15,1): error TS6133: 'logger' is declared but its value is never read.
src/routes/health.ts(135,38): error TS6133: 'req' is declared but its value is never read.
src/routes/health.ts(163,9): error TS6133: 'metricValues' is declared but its value is never read.
src/routes/health.ts(268,42): error TS6133: 'orgId' is declared but its value is never read.
src/routes/horizon.ts(44,26): error TS7030: Not all code paths return a value.
src/routes/horizon.ts(56,7): error TS2322: Type '{}' is not assignable to type 'string'.
src/routes/horizon.ts(57,7): error TS2322: Type 'unknown' is not assignable to type 'string | undefined'.
src/routes/horizon.ts(59,38): error TS2345: Argument of type 'unknown' is not assignable to parameter of type 'number'.
src/routes/horizon.ts(81,31): error TS7030: Not all code paths return a value.
src/routes/horizon.ts(192,36): error TS2538: Type 'unknown' cannot be used as an index type.
src/routes/hr.ts(70,7): error TS2322: Type 'unknown' is not assignable to type 'string | undefined'.
src/routes/hr.ts(71,7): error TS2322: Type 'unknown' is not assignable to type 'string | undefined'.
src/routes/hr.ts(72,7): error TS2322: Type 'unknown' is not assignable to type 'string | undefined'.
src/routes/hr.ts(73,7): error TS2322: Type 'unknown' is not assignable to type 'string | undefined'.
src/routes/hr.ts(74,7): error TS2322: Type 'unknown' is not assignable to type 'string | undefined'.
src/routes/hr.ts(75,7): error TS2322: Type 'unknown' is not assignable to type 'string | undefined'.
src/routes/hr.ts(150,44): error TS7030: Not all code paths return a value.
src/routes/hsm.ts(71,22): error TS7030: Not all code paths return a value.
src/routes/hsm.ts(77,48): error TS2322: Type '{}' is not assignable to type 'KeyAlgorithm'.
src/routes/hsm.ts(77,59): error TS2322: Type '{}' is not assignable to type 'string'.
src/routes/hsm.ts(77,66): error TS2322: Type 'unknown' is not assignable to type 'boolean | undefined'.
src/routes/hsm.ts(91,28): error TS7030: Not all code paths return a value.
src/routes/hsm.ts(102,22): error TS7030: Not all code paths return a value.
src/routes/hsm.ts(108,32): error TS2769: No overload matches this call.
  Overload 1 of 4, '(arrayBuffer: WithImplicitCoercion<ArrayBufferLike>, byteOffset?: number | undefined, length?: number | undefined): Buffer<ArrayBufferLike>', gave the following error.
    Argument of type '{}' is not assignable to parameter of type 'WithImplicitCoercion<ArrayBufferLike>'.
  Overload 2 of 4, '(string: WithImplicitCoercion<string>, encoding?: BufferEncoding | undefined): Buffer<ArrayBuffer>', gave the following error.
    Argument of type '{}' is not assignable to parameter of type 'WithImplicitCoercion<string>'.
src/routes/hsm.ts(109,42): error TS2345: Argument of type '{}' is not assignable to parameter of type 'string'.
src/routes/hsm.ts(116,24): error TS7030: Not all code paths return a value.
src/routes/hsm.ts(122,32): error TS2769: No overload matches this call.
  Overload 1 of 4, '(arrayBuffer: WithImplicitCoercion<ArrayBufferLike>, byteOffset?: number | undefined, length?: number | undefined): Buffer<ArrayBufferLike>', gave the following error.
    Argument of type '{}' is not assignable to parameter of type 'WithImplicitCoercion<ArrayBufferLike>'.
  Overload 2 of 4, '(string: WithImplicitCoercion<string>, encoding?: BufferEncoding | undefined): Buffer<ArrayBuffer>', gave the following error.
    Argument of type '{}' is not assignable to parameter of type 'WithImplicitCoercion<string>'.
src/routes/hsm.ts(123,43): error TS2345: Argument of type '{}' is not assignable to parameter of type 'string'.
src/routes/hsm.ts(130,22): error TS7030: Not all code paths return a value.
src/routes/hsm.ts(136,45): error TS2345: Argument of type '{}' is not assignable to parameter of type 'string'.
src/routes/i18n.ts(45,26): error TS7030: Not all code paths return a value.
src/routes/i18n.ts(45,33): error TS6133: 'req' is declared but its value is never read.
src/routes/i18n.ts(87,39): error TS7030: Not all code paths return a value.
src/routes/i18n.ts(132,35): error TS7030: Not all code paths return a value.
src/routes/i18n.ts(186,40): error TS7030: Not all code paths return a value.
src/routes/i18n.ts(259,32): error TS7030: Not all code paths return a value.
src/routes/i18n.ts(303,41): error TS2345: Argument of type 'unknown' is not assignable to parameter of type 'string | undefined'.
src/routes/i18n.ts(321,29): error TS6133: 'req' is declared but its value is never read.
src/routes/industrial-services.ts(2,1): error TS6133: 'z' is declared but its value is never read.
src/routes/industrial-services.ts(30,3): error TS6133: 'IndustrialServicesVerticalImpl' is declared but its value is never read.
src/routes/integrations.ts(104,17): error TS7030: Not all code paths return a value.
src/routes/integrations.ts(193,77): error TS7030: Not all code paths return a value.
src/routes/integrations.ts(559,34): error TS6133: 'integrationId' is declared but its value is never read.
src/routes/integrations.ts(661,31): error TS6133: 'connection' is declared but its value is never read.
src/routes/kafka.ts(200,31): error TS2345: Argument of type '{}' is not assignable to parameter of type 'string'.
src/routes/kafka.ts(208,22): error TS2345: Argument of type '{}' is not assignable to parameter of type 'string'.
src/routes/kafka.ts(245,7): error TS2322: Type '{}' is not assignable to type 'string'.
src/routes/kafka.ts(246,7): error TS2322: Type '{}' is not assignable to type 'string'.
src/routes/kafka.ts(247,7): error TS2322: Type 'unknown' is not assignable to type 'string | undefined'.
src/routes/kafka.ts(248,7): error TS2322: Type 'unknown' is not assignable to type 'Record<string, unknown> | undefined'.
src/routes/kms.ts(21,1): error TS6192: All imports in import declaration are unused.
src/routes/kms.ts(36,7): error TS6133: 'bodySchema2' is declared but its value is never read.
src/routes/kms.ts(128,32): error TS2769: No overload matches this call.
  Overload 1 of 4, '(arrayBuffer: WithImplicitCoercion<ArrayBufferLike>, byteOffset?: number | undefined, length?: number | undefined): Buffer<ArrayBufferLike>', gave the following error.
    Argument of type '{}' is not assignable to parameter of type 'WithImplicitCoercion<ArrayBufferLike>'.
  Overload 2 of 4, '(string: WithImplicitCoercion<string>, encoding?: BufferEncoding | undefined): Buffer<ArrayBuffer>', gave the following error.
    Argument of type '{}' is not assignable to parameter of type 'WithImplicitCoercion<string>'.
src/routes/kms.ts(130,32): error TS2769: No overload matches this call.
  Overload 1 of 4, '(arrayBuffer: WithImplicitCoercion<ArrayBufferLike>, byteOffset?: number | undefined, length?: number | undefined): Buffer<ArrayBufferLike>', gave the following error.
    Argument of type '{}' is not assignable to parameter of type 'WithImplicitCoercion<ArrayBufferLike>'.
  Overload 2 of 4, '(string: WithImplicitCoercion<string>, encoding?: BufferEncoding | undefined): Buffer<ArrayBuffer>', gave the following error.
    Argument of type '{}' is not assignable to parameter of type 'WithImplicitCoercion<string>'.
src/routes/kms.ts(132,32): error TS2769: No overload matches this call.
  Overload 1 of 4, '(arrayBuffer: WithImplicitCoercion<ArrayBufferLike>, byteOffset?: number | undefined, length?: number | undefined): Buffer<ArrayBufferLike>', gave the following error.
    Argument of type '{}' is not assignable to parameter of type 'WithImplicitCoercion<ArrayBufferLike>'.
  Overload 2 of 4, '(string: WithImplicitCoercion<string>, encoding?: BufferEncoding | undefined): Buffer<ArrayBuffer>', gave the following error.
    Argument of type '{}' is not assignable to parameter of type 'WithImplicitCoercion<string>'.
src/routes/kms.ts(135,64): error TS2345: Argument of type 'unknown' is not assignable to parameter of type 'string | undefined'.
src/routes/kms.ts(168,32): error TS2769: No overload matches this call.
  Overload 1 of 4, '(arrayBuffer: WithImplicitCoercion<ArrayBufferLike>, byteOffset?: number | undefined, length?: number | undefined): Buffer<ArrayBufferLike>', gave the following error.
    Argument of type '{}' is not assignable to parameter of type 'WithImplicitCoercion<ArrayBufferLike>'.
  Overload 2 of 4, '(string: WithImplicitCoercion<string>, encoding?: BufferEncoding | undefined): Buffer<ArrayBuffer>', gave the following error.
    Argument of type '{}' is not assignable to parameter of type 'WithImplicitCoercion<string>'.
src/routes/kms.ts(170,32): error TS2769: No overload matches this call.
  Overload 1 of 4, '(arrayBuffer: WithImplicitCoercion<ArrayBufferLike>, byteOffset?: number | undefined, length?: number | undefined): Buffer<ArrayBufferLike>', gave the following error.
    Argument of type '{}' is not assignable to parameter of type 'WithImplicitCoercion<ArrayBufferLike>'.
  Overload 2 of 4, '(string: WithImplicitCoercion<string>, encoding?: BufferEncoding | undefined): Buffer<ArrayBuffer>', gave the following error.
    Argument of type '{}' is not assignable to parameter of type 'WithImplicitCoercion<string>'.
src/routes/kms.ts(172,32): error TS2769: No overload matches this call.
  Overload 1 of 4, '(arrayBuffer: WithImplicitCoercion<ArrayBufferLike>, byteOffset?: number | undefined, length?: number | undefined): Buffer<ArrayBufferLike>', gave the following error.
    Argument of type '{}' is not assignable to parameter of type 'WithImplicitCoercion<ArrayBufferLike>'.
  Overload 2 of 4, '(string: WithImplicitCoercion<string>, encoding?: BufferEncoding | undefined): Buffer<ArrayBuffer>', gave the following error.
    Argument of type '{}' is not assignable to parameter of type 'WithImplicitCoercion<string>'.
src/routes/kms.ts(175,65): error TS2345: Argument of type '{}' is not assignable to parameter of type 'string'.
src/routes/kms.ts(212,32): error TS2769: No overload matches this call.
  Overload 1 of 4, '(arrayBuffer: WithImplicitCoercion<ArrayBufferLike>, byteOffset?: number | undefined, length?: number | undefined): Buffer<ArrayBufferLike>', gave the following error.
    Argument of type '{}' is not assignable to parameter of type 'WithImplicitCoercion<ArrayBufferLike>'.
  Overload 2 of 4, '(string: WithImplicitCoercion<string>, encoding?: BufferEncoding | undefined): Buffer<ArrayBuffer>', gave the following error.
    Argument of type '{}' is not assignable to parameter of type 'WithImplicitCoercion<string>'.
src/routes/kms.ts(214,32): error TS2769: No overload matches this call.
  Overload 1 of 4, '(arrayBuffer: WithImplicitCoercion<ArrayBufferLike>, byteOffset?: number | undefined, length?: number | undefined): Buffer<ArrayBufferLike>', gave the following error.
    Argument of type '{}' is not assignable to parameter of type 'WithImplicitCoercion<ArrayBufferLike>'.
  Overload 2 of 4, '(string: WithImplicitCoercion<string>, encoding?: BufferEncoding | undefined): Buffer<ArrayBuffer>', gave the following error.
    Argument of type '{}' is not assignable to parameter of type 'WithImplicitCoercion<string>'.
src/routes/kms.ts(216,32): error TS2769: No overload matches this call.
  Overload 1 of 4, '(arrayBuffer: WithImplicitCoercion<ArrayBufferLike>, byteOffset?: number | undefined, length?: number | undefined): Buffer<ArrayBufferLike>', gave the following error.
    Argument of type '{}' is not assignable to parameter of type 'WithImplicitCoercion<ArrayBufferLike>'.
  Overload 2 of 4, '(string: WithImplicitCoercion<string>, encoding?: BufferEncoding | undefined): Buffer<ArrayBuffer>', gave the following error.
    Argument of type '{}' is not assignable to parameter of type 'WithImplicitCoercion<string>'.
src/routes/kms.ts(219,67): error TS2345: Argument of type 'unknown' is not assignable to parameter of type 'string | undefined'.
src/routes/kms.ts(250,55): error TS2345: Argument of type '{}' is not assignable to parameter of type 'string'.
src/routes/kms.ts(290,34): error TS2345: Argument of type '{}' is not assignable to parameter of type 'string'.
src/routes/kms.ts(298,59): error TS2345: Argument of type '{}' is not assignable to parameter of type 'string'.
src/routes/ledger.ts(207,37): error TS7030: Not all code paths return a value.
src/routes/ledger.ts(287,42): error TS7030: Not all code paths return a value.
src/routes/ledger.ts(301,50): error TS7030: Not all code paths return a value.
src/routes/ledger.ts(325,41): error TS7030: Not all code paths return a value.
src/routes/ledger.ts(339,7): error TS2322: Type '{}' is not assignable to type 'string'.
src/routes/ledger.ts(340,7): error TS2322: Type '{}' is not assignable to type 'string'.
src/routes/ledger.ts(344,7): error TS2740: Type '{}' is missing the following properties from type 'string[]': length, pop, push, concat, and 29 more.
src/routes/ledger.ts(363,7): error TS2322: Type '{}' is not assignable to type 'string'.
src/routes/ledger.ts(404,44): error TS7030: Not all code paths return a value.
src/routes/ledger.ts(423,50): error TS7030: Not all code paths return a value.
src/routes/ledger.ts(433,28): error TS2322: Type 'unknown' is not assignable to type 'string'.
src/routes/ledger.ts(433,37): error TS2322: Type 'unknown' is not assignable to type 'string'.
src/routes/ledger.ts(433,43): error TS2322: Type 'unknown' is not assignable to type 'number'.
src/routes/ledger.ts(447,7): error TS2322: Type 'unknown' is not assignable to type 'string | undefined'.
src/routes/ledger.ts(448,23): error TS18046: 'vote' is of type 'unknown'.
src/routes/ledger.ts(449,7): error TS2322: Type '{}' is not assignable to type 'string'.
src/routes/ledger.ts(451,7): error TS2322: Type 'unknown' is not assignable to type '"veto" | "approve" | "reject" | "abstain" | undefined'.
src/routes/ledger.ts(452,7): error TS2322: Type 'unknown' is not assignable to type 'number | undefined'.
src/routes/ledger.ts(477,54): error TS7030: Not all code paths return a value.
src/routes/ledger.ts(486,5): error TS2322: Type 'unknown' is not assignable to type '"approved" | "rejected" | "deliberating" | "executed" | "vetoed" | "proposed" | "voting"'.
src/routes/ledger.ts(487,5): error TS2322: Type 'unknown' is not assignable to type 'number | undefined'.
src/routes/ledger.ts(503,26): error TS18046: 'status' is of type 'unknown'.
src/routes/ledger.ts(506,7): error TS2322: Type 'unknown' is not assignable to type 'number | undefined'.
src/routes/ledger.ts(531,51): error TS7030: Not all code paths return a value.
src/routes/ledger.ts(566,7): error TS2322: Type 'unknown' is not assignable to type 'string'.
src/routes/ledger.ts(569,30): error TS2322: Type 'unknown' is not assignable to type 'ComplianceFramework'.
src/routes/ledger.ts(593,51): error TS7030: Not all code paths return a value.
src/routes/legal-research.ts(31,10): error TS2300: Duplicate identifier 'z'.
src/routes/legal-research.ts(33,7): error TS2451: Cannot redeclare block-scoped variable 'caseSearchSchema'.
src/routes/legal-research.ts(34,7): error TS2451: Cannot redeclare block-scoped variable 'titleSearchSchema'.
src/routes/legal-research.ts(35,7): error TS2451: Cannot redeclare block-scoped variable 'stateSearchSchema'.
src/routes/legal-research.ts(36,7): error TS2451: Cannot redeclare block-scoped variable 'regSearchSchema'.
src/routes/legal-research.ts(37,7): error TS2451: Cannot redeclare block-scoped variable 'secSearchSchema'.
src/routes/legal-research.ts(38,7): error TS2451: Cannot redeclare block-scoped variable 'fullSearchSchema'.
src/routes/legal-research.ts(39,7): error TS2451: Cannot redeclare block-scoped variable 'multiSearchSchema'.
src/routes/legal-research.ts(40,7): error TS2451: Cannot redeclare block-scoped variable 'toolCallSchema'.
src/routes/legal-research.ts(41,7): error TS2451: Cannot redeclare block-scoped variable 'configStatusSchema'.
src/routes/legal-research.ts(70,23): error TS7030: Not all code paths return a value.
src/routes/legal-research.ts(99,32): error TS7030: Not all code paths return a value.
src/routes/legal-research.ts(124,29): error TS7030: Not all code paths return a value.
src/routes/legal-research.ts(132,75): error TS2322: Type 'string | undefined' is not assignable to type 'number | undefined'.
  Type 'string' is not assignable to type 'number'.
src/routes/legal-research.ts(152,23): error TS7030: Not all code paths return a value.
src/routes/legal-research.ts(180,34): error TS7030: Not all code paths return a value.
src/routes/legal-research.ts(189,7): error TS2322: Type 'string | undefined' is not assignable to type '"RULE" | "PRORULE" | "NOTICE" | undefined'.
  Type 'string' is not assignable to type '"RULE" | "PRORULE" | "NOTICE" | undefined'.
src/routes/legal-research.ts(213,21): error TS7030: Not all code paths return a value.
src/routes/legal-research.ts(241,25): error TS7030: Not all code paths return a value.
src/routes/legal-research.ts(253,7): error TS2322: Type 'string | undefined' is not assignable to type '"cases" | "statutes" | "regulations" | "secondary" | undefined'.
  Type 'string' is not assignable to type '"cases" | "statutes" | "regulations" | "secondary" | undefined'.
src/routes/legal-research.ts(271,36): error TS7030: Not all code paths return a value.
src/routes/legal-research.ts(296,25): error TS7030: Not all code paths return a value.
src/routes/legal-research.ts(305,7): error TS2322: Type 'string[] | undefined' is not assignable to type '("cases" | "regulations" | "westlaw" | "bills" | "federal-register" | "sec")[] | undefined'.
  Type 'string[]' is not assignable to type '("cases" | "regulations" | "westlaw" | "bills" | "federal-register" | "sec")[]'.
    Type 'string' is not assignable to type '"cases" | "regulations" | "westlaw" | "bills" | "federal-register" | "sec"'.
src/routes/legal-research.ts(328,30): error TS7030: Not all code paths return a value.
src/routes/legal-research.ts(414,10): error TS2300: Duplicate identifier 'z'.
src/routes/legal-research.ts(416,7): error TS2451: Cannot redeclare block-scoped variable 'caseSearchSchema'.
src/routes/legal-research.ts(417,7): error TS2451: Cannot redeclare block-scoped variable 'titleSearchSchema'.
src/routes/legal-research.ts(418,7): error TS2451: Cannot redeclare block-scoped variable 'stateSearchSchema'.
src/routes/legal-research.ts(419,7): error TS2451: Cannot redeclare block-scoped variable 'regSearchSchema'.
src/routes/legal-research.ts(420,7): error TS2451: Cannot redeclare block-scoped variable 'secSearchSchema'.
src/routes/legal-research.ts(421,7): error TS2451: Cannot redeclare block-scoped variable 'fullSearchSchema'.
src/routes/legal-research.ts(422,7): error TS2451: Cannot redeclare block-scoped variable 'multiSearchSchema'.
src/routes/legal-research.ts(423,7): error TS2451: Cannot redeclare block-scoped variable 'toolCallSchema'.
src/routes/legal-research.ts(424,7): error TS2451: Cannot redeclare block-scoped variable 'configStatusSchema'.
src/routes/legal-research.ts(449,35): error TS7030: Not all code paths return a value.
src/routes/legal-research.ts(479,11): error TS6133: 'materialsDir' is declared but its value is never read.
src/routes/legal-research.ts(510,35): error TS7030: Not all code paths return a value.
src/routes/legal-services.ts(23,1): error TS6133: 'z' is declared but its value is never read.
src/routes/legal.ts(82,49): error TS2304: Cannot find name 'importCasesSchema'.
src/routes/legal.ts(156,26): error TS2304: Cannot find name 'citationSchema'.
src/routes/legal.ts(311,27): error TS2304: Cannot find name 'citationsSchema'.
src/routes/legal.ts(331,24): error TS2304: Cannot find name 'claimsSchema'.
src/routes/legal.ts(403,35): error TS2304: Cannot find name 'importBySchema'.
src/routes/legal.ts(449,41): error TS2304: Cannot find name 'fileImportSchema'.
src/routes/legal.ts(493,35): error TS2304: Cannot find name 'importBySchema'.
src/routes/legal.ts(526,40): error TS2304: Cannot find name 'csvImportSchema'.
src/routes/legal.ts(810,41): error TS2304: Cannot find name 'modeSchema'.
src/routes/legal.ts(969,49): error TS2304: Cannot find name 'compositionSchema'.
src/routes/lineage.ts(15,1): error TS6133: 'prisma' is declared but its value is never read.
src/routes/lineage.ts(17,1): error TS6133: 'logger' is declared but its value is never read.
src/routes/marketing-leads.ts(46,18): error TS7030: Not all code paths return a value.
src/routes/marketing-leads.ts(61,26): error TS2339: Property 'split' does not exist on type '{}'.
src/routes/marketing-leads.ts(62,25): error TS2339: Property 'split' does not exist on type '{}'.
src/routes/marketing-leads.ts(64,9): error TS2322: Type '{}' is not assignable to type 'string'.
src/routes/marketing-leads.ts(65,9): error TS2322: Type '{}' is not assignable to type 'string'.
src/routes/marketing-leads.ts(66,9): error TS2322: Type '{}' is not assignable to type 'string'.
src/routes/marketing-leads.ts(70,9): error TS2322: Type '{}' is not assignable to type 'string'.
src/routes/marketing-leads.ts(98,28): error TS7030: Not all code paths return a value.
src/routes/marketing-leads.ts(107,26): error TS2345: Argument of type '{}' is not assignable to parameter of type 'string'.
src/routes/marketing-leads.ts(116,9): error TS2322: Type '{}' is not assignable to type 'string'.
src/routes/marketing-leads.ts(119,9): error TS2322: Type '{}' is not assignable to type 'string'.
src/routes/marketing-studio.ts(2,10): error TS2300: Duplicate identifier 'z'.
src/routes/marketing-studio.ts(4,7): error TS2451: Cannot redeclare block-scoped variable 'bodySchema0'.
src/routes/marketing-studio.ts(9,7): error TS2451: Cannot redeclare block-scoped variable 'bodySchema1'.
src/routes/marketing-studio.ts(14,7): error TS2451: Cannot redeclare block-scoped variable 'bodySchema2'.
src/routes/marketing-studio.ts(18,7): error TS2451: Cannot redeclare block-scoped variable 'bodySchema3'.
src/routes/marketing-studio.ts(23,7): error TS2451: Cannot redeclare block-scoped variable 'bodySchema4'.
src/routes/marketing-studio.ts(53,10): error TS2300: Duplicate identifier 'z'.
src/routes/marketing-studio.ts(55,7): error TS2451: Cannot redeclare block-scoped variable 'bodySchema0'.
src/routes/marketing-studio.ts(60,7): error TS2451: Cannot redeclare block-scoped variable 'bodySchema1'.
src/routes/marketing-studio.ts(65,7): error TS2451: Cannot redeclare block-scoped variable 'bodySchema2'.
src/routes/marketing-studio.ts(69,7): error TS2451: Cannot redeclare block-scoped variable 'bodySchema3'.
src/routes/marketing-studio.ts(74,7): error TS2451: Cannot redeclare block-scoped variable 'bodySchema4'.
src/routes/marketing-studio.ts(196,42): error TS2345: Argument of type '{}' is not assignable to parameter of type 'string'.
src/routes/marketing-studio.ts(220,42): error TS2345: Argument of type '{}' is not assignable to parameter of type 'string'.
src/routes/marketing-studio.ts(243,40): error TS2345: Argument of type '{}' is not assignable to parameter of type 'string'.
src/routes/marketing-studio.ts(265,35): error TS2345: Argument of type '{}' is not assignable to parameter of type 'string'.
src/routes/marketing-studio.ts(290,102): error TS2339: Property 'join' does not exist on type '{}'.
src/routes/marketing-studio.ts(290,146): error TS2339: Property 'join' does not exist on type '{}'.
src/routes/mesh.ts(2,1): error TS6133: 'z' is declared but its value is never read.
src/routes/mesh.ts(2,10): error TS2300: Duplicate identifier 'z'.
src/routes/mesh.ts(23,10): error TS2300: Duplicate identifier 'z'.
src/routes/mesh.ts(33,29): error TS6133: 'req' is declared but its value is never read.
src/routes/mesh.ts(176,28): error TS7030: Not all code paths return a value.
src/routes/mfa.ts(34,1): error TS6133: 'crypto' is declared but its value is never read.
src/routes/models.ts(25,3): error TS6133: 'getAllModels' is declared but its value is never read.
src/routes/models.ts(26,3): error TS6133: 'getAllAgents' is declared but its value is never read.
src/routes/models.ts(30,8): error TS6133: 'ModelConfig' is declared but its value is never read.
src/routes/models.ts(31,8): error TS6133: 'UserModelPreferences' is declared but its value is never read.
src/routes/models.ts(43,24): error TS6133: 'req' is declared but its value is never read.
src/routes/models.ts(79,30): error TS6133: 'req' is declared but its value is never read.
src/routes/models.ts(104,23): error TS7030: Not all code paths return a value.
src/routes/models.ts(104,30): error TS6133: 'req' is declared but its value is never read.
src/routes/models.ts(201,35): error TS6133: 'req' is declared but its value is never read.
src/routes/omnitranslate.ts(73,85): error TS2304: Cannot find name 'req'.
src/routes/omnitranslate.ts(76,27): error TS7030: Not all code paths return a value.
src/routes/omnitranslate.ts(91,7): error TS2322: Type 'string | undefined' is not assignable to type '"legal" | "financial" | "general" | "medical" | "technical" | "business" | undefined'.
  Type 'string' is not assignable to type '"legal" | "financial" | "general" | "medical" | "technical" | "business" | undefined'.
src/routes/omnitranslate.ts(160,12): error TS7053: Element implicitly has an 'any' type because expression of type 'string | number | symbol' can't be used to index type '{ readonly en: { readonly name: "English"; readonly nativeName: "English"; readonly rtl: false; readonly region: "global"; }; readonly es: { readonly name: "Spanish"; readonly nativeName: "Espa├▒ol"; readonly rtl: false; readonly region: "europe"; }; ... 92 more ...; readonly fj: { ...; }; }'.
  No index signature with a parameter of type 'string' was found on type '{ readonly en: { readonly name: "English"; readonly nativeName: "English"; readonly rtl: false; readonly region: "global"; }; readonly es: { readonly name: "Spanish"; readonly nativeName: "Espa├▒ol"; readonly rtl: false; readonly region: "europe"; }; ... 92 more ...; readonly fj: { ...; }; }'.
src/routes/omnitranslate.ts(177,27): error TS7030: Not all code paths return a value.
src/routes/omnitranslate.ts(193,7): error TS2322: Type 'string | undefined' is not assignable to type '"legal" | "financial" | "general" | "medical" | "technical" | "business" | undefined'.
  Type 'string' is not assignable to type '"legal" | "financial" | "general" | "medical" | "technical" | "business" | undefined'.
src/routes/omnitranslate.ts(213,33): error TS7030: Not all code paths return a value.
src/routes/omnitranslate.ts(248,24): error TS7030: Not all code paths return a value.
src/routes/omnitranslate.ts(276,39): error TS7030: Not all code paths return a value.
src/routes/omnitranslate.ts(302,38): error TS7030: Not all code paths return a value.
src/routes/omnitranslate.ts(332,26): error TS7030: Not all code paths return a value.
src/routes/omnitranslate.ts(357,35): error TS7030: Not all code paths return a value.
src/routes/omnitranslate.ts(390,22): error TS7030: Not all code paths return a value.
src/routes/opa.ts(192,33): error TS2339: Property 'organizationId' does not exist on type '{}'.
src/routes/opa.ts(200,9): error TS2698: Spread types may only be created from object types.
src/routes/opa.ts(204,39): error TS2345: Argument of type '{ subject: { organizationId: any; }; action: {}; resource: {}; context: any; }' is not assignable to parameter of type 'OPAInput'.
  Types of property 'subject' are incompatible.
    Property 'id' is missing in type '{ organizationId: any; }' but required in type '{ id: string; roles?: string[] | undefined; attributes?: Record<string, unknown> | undefined; organizationId?: string | undefined; department?: string | undefined; clearanceLevel?: string | undefined; }'.
src/routes/opa.ts(211,39): error TS2339: Property 'id' does not exist on type '{ organizationId: any; }'.
src/routes/opa.ts(213,46): error TS2339: Property 'type' does not exist on type '{}'.
src/routes/opa.ts(214,44): error TS2339: Property 'id' does not exist on type '{}'.
src/routes/openbao.ts(102,53): error TS2345: Argument of type '{}' is not assignable to parameter of type 'Record<string, unknown>'.
  Index signature for type 'string' is missing in type '{}'.
src/routes/openbao.ts(128,53): error TS2345: Argument of type '{}' is not assignable to parameter of type 'string'.
src/routes/openbao.ts(141,52): error TS2345: Argument of type '{}' is not assignable to parameter of type 'string'.
src/routes/openbao.ts(154,48): error TS2345: Argument of type '{}' is not assignable to parameter of type 'string'.
src/routes/openbao.ts(177,51): error TS2322: Type '{}' is not assignable to type 'string'.
src/routes/openbao.ts(177,63): error TS2322: Type 'unknown' is not assignable to type 'string[] | undefined'.
src/routes/openbao.ts(177,73): error TS2322: Type 'unknown' is not assignable to type 'string | undefined'.
src/routes/openbao.ts(177,78): error TS2322: Type 'unknown' is not assignable to type 'string | undefined'.
src/routes/openbao.ts(177,84): error TS2322: Type 'unknown' is not assignable to type 'string | undefined'.
src/routes/openbao.ts(254,63): error TS2345: Argument of type '{}' is not assignable to parameter of type 'string'.
src/routes/organizations.ts(17,1): error TS6133: 'cache' is declared but its value is never read.
src/routes/panopticon.ts(18,35): error TS2724: '"../services/CendiaPanopticonService.js"' has no exported member named 'REGULATORY_FRAMEWORKS'. Did you mean 'RegulationFramework'?
src/routes/panopticon.ts(48,58): error TS2345: Argument of type 'string | undefined' is not assignable to parameter of type 'string'.
  Type 'undefined' is not assignable to type 'string'.
src/routes/panopticon.ts(49,49): error TS2345: Argument of type 'string | undefined' is not assignable to parameter of type 'string'.
  Type 'undefined' is not assignable to type 'string'.
src/routes/panopticon.ts(50,49): error TS2345: Argument of type 'string | undefined' is not assignable to parameter of type 'string'.
  Type 'undefined' is not assignable to type 'string'.
src/routes/panopticon.ts(139,7): error TS2345: Argument of type 'string | undefined' is not assignable to parameter of type 'string'.
  Type 'undefined' is not assignable to type 'string'.
src/routes/panopticon.ts(158,82): error TS2345: Argument of type 'string | undefined' is not assignable to parameter of type 'string'.
  Type 'undefined' is not assignable to type 'string'.
src/routes/panopticon.ts(181,7): error TS2345: Argument of type 'string | undefined' is not assignable to parameter of type 'string'.
  Type 'undefined' is not assignable to type 'string'.
src/routes/panopticon.ts(197,66): error TS2345: Argument of type 'string | undefined' is not assignable to parameter of type 'string'.
  Type 'undefined' is not assignable to type 'string'.
src/routes/panopticon.ts(217,71): error TS2345: Argument of type 'string | undefined' is not assignable to parameter of type 'string'.
  Type 'undefined' is not assignable to type 'string'.
src/routes/panopticon.ts(231,72): error TS2345: Argument of type 'string | undefined' is not assignable to parameter of type 'string'.
  Type 'undefined' is not assignable to type 'string'.
src/routes/panopticon.ts(270,71): error TS2345: Argument of type 'string | undefined' is not assignable to parameter of type 'string'.
  Type 'undefined' is not assignable to type 'string'.
src/routes/panopticon.ts(284,66): error TS2345: Argument of type 'string | undefined' is not assignable to parameter of type 'string'.
  Type 'undefined' is not assignable to type 'string'.
src/routes/panopticon.ts(303,68): error TS2345: Argument of type 'string | undefined' is not assignable to parameter of type 'string'.
  Type 'undefined' is not assignable to type 'string'.
src/routes/panopticon.ts(321,66): error TS2345: Argument of type 'string | undefined' is not assignable to parameter of type 'string'.
  Type 'undefined' is not assignable to type 'string'.
src/routes/panopticon.ts(339,70): error TS2345: Argument of type 'string | undefined' is not assignable to parameter of type 'string'.
  Type 'undefined' is not assignable to type 'string'.
src/routes/panopticon.ts(354,75): error TS2345: Argument of type 'string | undefined' is not assignable to parameter of type 'string'.
  Type 'undefined' is not assignable to type 'string'.
src/routes/panopticon.ts(372,75): error TS2345: Argument of type 'string | undefined' is not assignable to parameter of type 'string'.
  Type 'undefined' is not assignable to type 'string'.
src/routes/panopticon.ts(387,77): error TS2345: Argument of type 'string | undefined' is not assignable to parameter of type 'string'.
  Type 'undefined' is not assignable to type 'string'.
src/routes/persona.ts(2,1): error TS6133: 'z' is declared but its value is never read.
src/routes/persona.ts(2,10): error TS2300: Duplicate identifier 'z'.
src/routes/persona.ts(24,10): error TS2300: Duplicate identifier 'z'.
src/routes/persona.ts(49,26): error TS7030: Not all code paths return a value.
src/routes/pillars.ts(146,60): error TS2345: Argument of type 'unknown' is not assignable to parameter of type 'number'.
src/routes/pillars.ts(411,70): error TS2345: Argument of type 'string | undefined' is not assignable to parameter of type 'string'.
  Type 'undefined' is not assignable to type 'string'.
src/routes/pillars.ts(513,62): error TS2345: Argument of type 'string' is not assignable to parameter of type 'ThreatStatus'.
src/routes/pillars.ts(610,65): error TS2345: Argument of type 'string' is not assignable to parameter of type 'ReviewResult'.
src/routes/pillars.ts(633,81): error TS2345: Argument of type 'string | undefined' is not assignable to parameter of type 'string'.
  Type 'undefined' is not assignable to type 'string'.
src/routes/pillars.ts(688,61): error TS2345: Argument of type 'string' is not assignable to parameter of type 'AgentStatus'.
src/routes/platform-assistant.ts(2,10): error TS2300: Duplicate identifier 'z'.
src/routes/platform-assistant.ts(4,7): error TS2451: Cannot redeclare block-scoped variable 'bodySchema0'.
src/routes/platform-assistant.ts(30,10): error TS2300: Duplicate identifier 'z'.
src/routes/platform-assistant.ts(32,7): error TS2451: Cannot redeclare block-scoped variable 'bodySchema0'.
src/routes/platform-assistant.ts(310,20): error TS6133: 'conversationHistory' is declared but its value is never read.
src/routes/platform-assistant.ts(311,38): error TS2339: Property 'toLowerCase' does not exist on type '{}'.
src/routes/platform.ts(25,3): error TS6133: 'getServicesForTier' is declared but its value is never read.
src/routes/platform.ts(45,30): error TS6133: 'req' is declared but its value is never read.
src/routes/platform.ts(90,29): error TS7030: Not all code paths return a value.
src/routes/platform.ts(90,36): error TS6133: 'req' is declared but its value is never read.
src/routes/platform.ts(123,25): error TS6133: 'req' is declared but its value is never read.
src/routes/platform.ts(145,36): error TS6133: 'req' is declared but its value is never read.
src/routes/platform.ts(225,26): error TS6133: 'req' is declared but its value is never read.
src/routes/platform.ts(242,25): error TS6133: 'req' is declared but its value is never read.
src/routes/platform.ts(261,24): error TS6133: 'req' is declared but its value is never read.
src/routes/platform.ts(315,31): error TS6133: 'req' is declared but its value is never read.
src/routes/platform.ts(340,38): error TS7030: Not all code paths return a value.
src/routes/platform.ts(367,33): error TS6133: 'req' is declared but its value is never read.
src/routes/platform.ts(389,42): error TS7030: Not all code paths return a value.
src/routes/platform.ts(413,31): error TS6133: 'req' is declared but its value is never read.
src/routes/post-quantum.ts(2,10): error TS2300: Duplicate identifier 'z'.
src/routes/post-quantum.ts(4,7): error TS2451: Cannot redeclare block-scoped variable 'bodySchema0'.
src/routes/post-quantum.ts(9,7): error TS2451: Cannot redeclare block-scoped variable 'bodySchema1'.
src/routes/post-quantum.ts(13,7): error TS2451: Cannot redeclare block-scoped variable 'bodySchema2'.
src/routes/post-quantum.ts(38,10): error TS2300: Duplicate identifier 'z'.
src/routes/post-quantum.ts(40,7): error TS2451: Cannot redeclare block-scoped variable 'bodySchema0'.
src/routes/post-quantum.ts(45,7): error TS2451: Cannot redeclare block-scoped variable 'bodySchema1'.
src/routes/post-quantum.ts(49,7): error TS2451: Cannot redeclare block-scoped variable 'bodySchema2'.
src/routes/post-quantum.ts(105,7): error TS2322: Type 'unknown' is not assignable to type 'KeyStrength | undefined'.
src/routes/post-quantum.ts(106,7): error TS2322: Type 'unknown' is not assignable to type 'number | undefined'.
src/routes/post-quantum.ts(191,56): error TS2345: Argument of type '{}' is not assignable to parameter of type 'string | Buffer<ArrayBufferLike>'.
src/routes/post-quantum.ts(211,55): error TS2345: Argument of type '{}' is not assignable to parameter of type 'string | Buffer<ArrayBufferLike>'.
src/routes/premium-features.ts(31,3): error TS6133: 'FEATURE_DEFINITIONS' is declared but its value is never read.
src/routes/premium-features.ts(267,37): error TS7030: Not all code paths return a value.
src/routes/premium-features.ts(293,7): error TS2322: Type 'string | undefined' is not assignable to type 'BoardType | undefined'.
  Type 'string' is not assignable to type 'BoardType | undefined'.
src/routes/premium-features.ts(294,7): error TS2322: Type 'string | undefined' is not assignable to type '"medium" | "easy" | "hard" | "brutal" | undefined'.
  Type 'string' is not assignable to type '"medium" | "easy" | "hard" | "brutal" | undefined'.
src/routes/premium-features.ts(296,7): error TS2322: Type 'Record<string, unknown> | undefined' is not assignable to type 'Record<string, string> | undefined'.
  Type 'Record<string, unknown>' is not assignable to type 'Record<string, string>'.
    'string' index signatures are incompatible.
      Type 'unknown' is not assignable to type 'string'.
src/routes/premium-features.ts(377,79): error TS2559: Type '{ [k: string]: unknown; data?: Record<string, unknown> | undefined; }' has no properties in common with type 'Partial<PendingDecision>'.
src/routes/premium-features.ts(431,35): error TS7030: Not all code paths return a value.
src/routes/premium-features.ts(444,7): error TS2345: Argument of type 'string' is not assignable to parameter of type 'DemoConnectorType'.
src/routes/premium-features.ts(449,57): error TS2345: Argument of type 'string' is not assignable to parameter of type 'DemoConnectorType'.
src/routes/premium-features.ts(469,35): error TS7030: Not all code paths return a value.
src/routes/premium-features.ts(497,38): error TS7030: Not all code paths return a value.
src/routes/premium-features.ts(513,38): error TS7030: Not all code paths return a value.
src/routes/premium-features.ts(527,7): error TS2322: Type 'string' is not assignable to type 'DemoConnectorType'.
src/routes/premium-features.ts(551,35): error TS7030: Not all code paths return a value.
src/routes/premium-features.ts(555,32): error TS2339: Property 'content' does not exist on type 'string'.
src/routes/premium-features.ts(566,7): error TS2322: Type 'string' is not assignable to type 'DocumentUpload'.
src/routes/premium-features.ts(567,7): error TS2322: Type 'Record<string, unknown> | undefined' is not assignable to type 'ProcessMapping[] | undefined'.
  Type 'Record<string, unknown>' is missing the following properties from type 'ProcessMapping[]': length, pop, push, concat, and 29 more.
src/routes/premium-features.ts(640,38): error TS7030: Not all code paths return a value.
src/routes/premium-features.ts(644,32): error TS2339: Property 'content' does not exist on type 'string'.
src/routes/premium-features.ts(662,7): error TS2322: Type 'string' is not assignable to type 'DocumentUploadV2'.
src/routes/premium-features.ts(663,7): error TS2741: Property 'name' is missing in type 'Record<string, unknown>' but required in type 'DocumentMetadata'.
src/routes/premium-features.ts(698,7): error TS2322: Type 'string' is not assignable to type 'RegulatoryDocStatus | undefined'.
src/routes/premium-features.ts(721,44): error TS7030: Not all code paths return a value.
src/routes/premium-features.ts(772,53): error TS7030: Not all code paths return a value.
src/routes/premium-features.ts(802,52): error TS7030: Not all code paths return a value.
src/routes/premium-features.ts(832,61): error TS7030: Not all code paths return a value.
src/routes/rag.ts(70,35): error TS6133: 'req' is declared but its value is never read.
src/routes/rag.ts(70,64): error TS6133: 'next' is declared but its value is never read.
src/routes/rag.ts(219,29): error TS6133: 'req' is declared but its value is never read.
src/routes/rag.ts(219,58): error TS6133: 'next' is declared but its value is never read.
src/routes/rapids.ts(86,7): error TS2739: Type '{}' is missing the following properties from type 'DataFrameSpec': columns, rows
src/routes/rapids.ts(87,7): error TS2740: Type '{}' is missing the following properties from type 'string[]': length, pop, push, concat, and 29 more.
src/routes/rapids.ts(88,7): error TS2322: Type '{}' is not assignable to type 'string'.
src/routes/rapids.ts(90,7): error TS2322: Type 'unknown' is not assignable to type 'number | undefined'.
src/routes/rapids.ts(114,15): error TS2339: Property 'length' does not exist on type '{}'.
src/routes/rapids.ts(119,48): error TS2740: Type '{}' is missing the following properties from type '{ id: string; properties?: Record<string, unknown> | undefined; }[]': length, pop, push, concat, and 29 more.
src/routes/rapids.ts(119,55): error TS2740: Type '{}' is missing the following properties from type '{ source: string; target: string; weight?: number | undefined; properties?: Record<string, unknown> | undefined; }[]': length, pop, push, concat, and 29 more.
src/routes/rapids.ts(142,54): error TS2740: Type '{}' is missing the following properties from type 'number[]': length, pop, push, concat, and 29 more.
src/routes/rapids.ts(142,62): error TS2740: Type '{}' is missing the following properties from type 'number[]': length, pop, push, concat, and 29 more.
src/routes/rapids.ts(142,70): error TS2322: Type '{}' is not assignable to type '"ttest" | "mannwhitney" | "chisquare" | "ks" | "anova"'.
src/routes/rapids.ts(142,80): error TS2322: Type 'unknown' is not assignable to type 'number | undefined'.
src/routes/rapids.ts(163,63): error TS2322: Type 'unknown' is not assignable to type 'number | undefined'.
src/routes/rapids.ts(163,76): error TS2322: Type 'unknown' is not assignable to type '"isolation_forest" | "dbscan" | "zscore" | "mad" | undefined'.
src/routes/rapids.ts(197,67): error TS2345: Argument of type 'unknown' is not assignable to parameter of type 'string | undefined'.
src/routes/recall.ts(69,33): error TS7030: Not all code paths return a value.
src/routes/recall.ts(76,7): error TS2345: Argument of type '{}' is not assignable to parameter of type 'string'.
src/routes/recall.ts(91,76): error TS2322: Type 'string' is not assignable to type 'OutcomeStatus | undefined'.
src/routes/recall.ts(98,36): error TS7030: Not all code paths return a value.
src/routes/recall.ts(112,44): error TS7030: Not all code paths return a value.
src/routes/recall.ts(119,7): error TS2322: Type '{}' is not assignable to type 'string'.
src/routes/recall.ts(120,7): error TS2322: Type '{} | null' is not assignable to type 'string | number'.
  Type 'null' is not assignable to type 'string | number'.
src/routes/recall.ts(121,7): error TS2322: Type '{}' is not assignable to type 'string'.
src/routes/recall.ts(123,7): error TS2322: Type '{}' is not assignable to type 'string'.
src/routes/recall.ts(124,7): error TS2322: Type '{}' is not assignable to type 'boolean'.
src/routes/recall.ts(132,41): error TS7030: Not all code paths return a value.
src/routes/recall.ts(138,77): error TS2345: Argument of type '{} | null' is not assignable to parameter of type 'number'.
  Type 'null' is not assignable to type 'number'.
src/routes/recall.ts(152,75): error TS2345: Argument of type '{}' is not assignable to parameter of type 'string'.
src/routes/recall.ts(162,74): error TS2345: Argument of type '{}' is not assignable to parameter of type 'string[]'.
  Type '{}' is missing the following properties from type 'string[]': length, pop, push, concat, and 29 more.
src/routes/recall.ts(200,75): error TS2345: Argument of type '{}' is not assignable to parameter of type 'string'.
src/routes/regulators-receipt.ts(33,7): error TS6133: 'bodySchema2' is declared but its value is never read.
src/routes/regulators-receipt.ts(38,7): error TS6133: 'bodySchema3' is declared but its value is never read.
src/routes/regulators-receipt.ts(41,7): error TS6133: 'bodySchema4' is declared but its value is never read.
src/routes/regulators-receipt.ts(44,7): error TS6133: 'bodySchema5' is declared but its value is never read.
src/routes/regulators-receipt.ts(95,26): error TS7030: Not all code paths return a value.
src/routes/regulators-receipt.ts(104,7): error TS2345: Argument of type '{}' is not assignable to parameter of type 'string'.
src/routes/regulators-receipt.ts(119,28): error TS7030: Not all code paths return a value.
src/routes/regulators-receipt.ts(130,37): error TS2339: Property 'generatedAt' does not exist on type '{}'.
src/routes/regulators-receipt.ts(132,20): error TS2339: Property 'decision' does not exist on type '{}'.
src/routes/regulators-receipt.ts(133,37): error TS2339: Property 'decision' does not exist on type '{}'.
src/routes/regulators-receipt.ts(134,39): error TS2339: Property 'decision' does not exist on type '{}'.
src/routes/regulators-receipt.ts(137,20): error TS2339: Property 'retention' does not exist on type '{}'.
src/routes/regulators-receipt.ts(138,42): error TS2339: Property 'retention' does not exist on type '{}'.
src/routes/regulators-receipt.ts(141,20): error TS2339: Property 'cryptographicProof' does not exist on type '{}'.
src/routes/regulators-receipt.ts(142,27): error TS2339: Property 'cryptographicProof' does not exist on type '{}'.
src/routes/regulators-receipt.ts(142,74): error TS2339: Property 'cryptographicProof' does not exist on type '{}'.
src/routes/regulators-receipt.ts(144,28): error TS2339: Property 'auditTrail' does not exist on type '{}'.
src/routes/regulators-receipt.ts(151,75): error TS2345: Argument of type '{ generatedAt: Date; decision: any; retention: any; cryptographicProof: any; auditTrail: any; }' is not assignable to parameter of type '{ receiptId: string; version: string; generatedAt: Date; generatedBy: string; decision: { id: string; question: string; finalDecision: string; councilMode: string; vertical?: string | undefined; consensusScore: number; createdAt: Date; completedAt: Date; }; ... 10 more ...; retention: { ...; }; }'.
  Type '{ generatedAt: Date; decision: any; retention: any; cryptographicProof: any; auditTrail: any; }' is missing the following properties from type '{ receiptId: string; version: string; generatedAt: Date; generatedBy: string; decision: { id: string; question: string; finalDecision: string; councilMode: string; vertical?: string | undefined; consensusScore: number; createdAt: Date; completedAt: Date; }; ... 10 more ...; retention: { ...; }; }': receiptId, version, generatedBy, participants, and 2 more.
src/routes/regulators-receipt.ts(153,73): error TS2345: Argument of type '{ generatedAt: Date; decision: any; retention: any; cryptographicProof: any; auditTrail: any; }' is not assignable to parameter of type '{ receiptId: string; version: string; generatedAt: Date; generatedBy: string; decision: { id: string; question: string; finalDecision: string; councilMode: string; vertical?: string | undefined; consensusScore: number; createdAt: Date; completedAt: Date; }; ... 10 more ...; retention: { ...; }; }'.
  Type '{ generatedAt: Date; decision: any; retention: any; cryptographicProof: any; auditTrail: any; }' is missing the following properties from type '{ receiptId: string; version: string; generatedAt: Date; generatedBy: string; decision: { id: string; question: string; finalDecision: string; councilMode: string; vertical?: string | undefined; consensusScore: number; createdAt: Date; completedAt: Date; }; ... 10 more ...; retention: { ...; }; }': receiptId, version, generatedBy, participants, and 2 more.
src/routes/regulators-receipt.ts(155,65): error TS2345: Argument of type '{ generatedAt: Date; decision: any; retention: any; cryptographicProof: any; auditTrail: any; }' is not assignable to parameter of type '{ receiptId: string; version: string; generatedAt: Date; generatedBy: string; decision: { id: string; question: string; finalDecision: string; councilMode: string; vertical?: string | undefined; consensusScore: number; createdAt: Date; completedAt: Date; }; ... 10 more ...; retention: { ...; }; }'.
  Type '{ generatedAt: Date; decision: any; retention: any; cryptographicProof: any; auditTrail: any; }' is missing the following properties from type '{ receiptId: string; version: string; generatedAt: Date; generatedBy: string; decision: { id: string; question: string; finalDecision: string; councilMode: string; vertical?: string | undefined; consensusScore: number; createdAt: Date; completedAt: Date; }; ... 10 more ...; retention: { ...; }; }': receiptId, version, generatedBy, participants, and 2 more.
src/routes/regulators-receipt.ts(173,30): error TS7030: Not all code paths return a value.
src/routes/regulators-receipt.ts(182,7): error TS2345: Argument of type '{}' is not assignable to parameter of type 'string'.
src/routes/regulators-receipt.ts(190,60): error TS2345: Argument of type '{}' is not assignable to parameter of type 'string'.
src/routes/regulators-receipt.ts(213,29): error TS7030: Not all code paths return a value.
src/routes/regulators-receipt.ts(220,54): error TS2345: Argument of type '{}' is not assignable to parameter of type 'RegulatorsReceipt'.
  Type '{}' is missing the following properties from type 'RegulatorsReceipt': receiptId, version, generatedAt, generatedBy, and 9 more.
src/routes/regulators-receipt.ts(229,29): error TS7030: Not all code paths return a value.
src/routes/regulators-receipt.ts(236,54): error TS2345: Argument of type '{}' is not assignable to parameter of type 'RegulatorsReceipt'.
  Type '{}' is missing the following properties from type 'RegulatorsReceipt': receiptId, version, generatedAt, generatedBy, and 9 more.
src/routes/regulators-receipt.ts(245,32): error TS7030: Not all code paths return a value.
src/routes/regulators-receipt.ts(268,24): error TS7030: Not all code paths return a value.
src/routes/regulators-receipt.ts(275,63): error TS2345: Argument of type '{}' is not assignable to parameter of type 'RegulatorsReceipt'.
  Type '{}' is missing the following properties from type 'RegulatorsReceipt': receiptId, version, generatedAt, generatedBy, and 9 more.
src/routes/regulatory-sandbox.ts(2,10): error TS2300: Duplicate identifier 'z'.
src/routes/regulatory-sandbox.ts(4,7): error TS2451: Cannot redeclare block-scoped variable 'bodySchema0'.
src/routes/regulatory-sandbox.ts(34,10): error TS2300: Duplicate identifier 'z'.
src/routes/regulatory-sandbox.ts(36,7): error TS2451: Cannot redeclare block-scoped variable 'bodySchema0'.
src/routes/regulatory-sandbox.ts(68,7): error TS2322: Type 'string' is not assignable to type 'RegulationStatus | undefined'.
src/routes/regulatory-sandbox.ts(123,7): error TS2322: Type '{}' is not assignable to type 'string'.
src/routes/regulatory-sandbox.ts(124,7): error TS2322: Type '{}' is not assignable to type 'string'.
src/routes/regulatory-sandbox.ts(125,7): error TS2322: Type '{}' is not assignable to type 'string'.
src/routes/regulatory-sandbox.ts(126,7): error TS2322: Type 'unknown' is not assignable to type 'string[] | undefined'.
src/routes/regulatory-sandbox.ts(127,7): error TS2322: Type 'unknown' is not assignable to type 'string | undefined'.
src/routes/regulatory-sandbox.ts(128,7): error TS2322: Type 'unknown' is not assignable to type 'string | undefined'.
src/routes/regulatory-sandbox.ts(129,7): error TS2322: Type '{}' is not assignable to type 'string'.
src/routes/responsibility.ts(59,7): error TS2322: Type '{}' is not assignable to type 'string'.
src/routes/responsibility.ts(60,7): error TS2322: Type 'unknown' is not assignable to type 'string | undefined'.
src/routes/responsibility.ts(61,7): error TS2322: Type '{}' is not assignable to type 'string'.
src/routes/responsibility.ts(63,7): error TS2322: Type '{}' is not assignable to type 'AccountabilityAction'.
src/routes/responsibility.ts(64,7): error TS2322: Type '{}' is not assignable to type 'string'.
src/routes/responsibility.ts(66,7): error TS2322: Type '{}' is not assignable to type 'string'.
src/routes/responsibility.ts(67,7): error TS2322: Type 'unknown' is not assignable to type 'string | undefined'.
src/routes/responsibility.ts(68,7): error TS2322: Type 'unknown' is not assignable to type 'number | undefined'.
src/routes/responsibility.ts(69,7): error TS2322: Type 'unknown' is not assignable to type 'string[] | undefined'.
src/routes/responsibility.ts(70,7): error TS2322: Type 'unknown' is not assignable to type 'HumanAuthority[] | undefined'.
src/routes/responsibility.ts(111,7): error TS2322: Type '{}' is not assignable to type 'string'.
src/routes/responsibility.ts(112,7): error TS2322: Type '{}' is not assignable to type 'string'.
src/routes/responsibility.ts(114,7): error TS2322: Type '{}' is not assignable to type 'string'.
src/routes/responsibility.ts(115,7): error TS2322: Type '{}' is not assignable to type 'string'.
src/routes/responsibility.ts(116,7): error TS2322: Type '{}' is not assignable to type 'string'.
src/routes/responsibility.ts(158,7): error TS2322: Type '{}' is not assignable to type 'string'.
src/routes/responsibility.ts(159,7): error TS2322: Type '{}' is not assignable to type 'string'.
src/routes/responsibility.ts(161,7): error TS2322: Type '{}' is not assignable to type 'string'.
src/routes/responsibility.ts(162,7): error TS2322: Type '{}' is not assignable to type 'number'.
src/routes/responsibility.ts(164,7): error TS2322: Type 'unknown' is not assignable to type 'string | undefined'.
src/routes/responsibility.ts(204,7): error TS2322: Type '{}' is not assignable to type 'string'.
src/routes/responsibility.ts(205,7): error TS2322: Type '{}' is not assignable to type 'string'.
src/routes/responsibility.ts(207,7): error TS2322: Type '{}' is not assignable to type 'string'.
src/routes/responsibility.ts(208,7): error TS2322: Type '{}' is not assignable to type 'string'.
src/routes/responsibility.ts(209,7): error TS2322: Type 'unknown' is not assignable to type 'string | undefined'.
src/routes/responsibility.ts(251,7): error TS2740: Type '{}' is missing the following properties from type 'string[]': length, pop, push, concat, and 29 more.
src/routes/responsibility.ts(252,7): error TS2322: Type '{}' is not assignable to type 'string'.
src/routes/responsibility.ts(330,62): error TS2345: Argument of type '{}' is not assignable to parameter of type 'AccountabilityRecord'.
  Type '{}' is missing the following properties from type 'AccountabilityRecord': id, decisionId, organizationId, humanAuthority, and 7 more.
src/routes/roi-metrics.ts(20,1): error TS6133: 'z' is declared but its value is never read.
src/routes/salary.ts(33,7): error TS6133: 'bodySchema1' is declared but its value is never read.
src/routes/salary.ts(42,7): error TS6133: 'bodySchema2' is declared but its value is never read.
src/routes/salary.ts(62,38): error TS7030: Not all code paths return a value.
src/routes/salary.ts(89,37): error TS7030: Not all code paths return a value.
src/routes/salary.ts(117,41): error TS7030: Not all code paths return a value.
src/routes/salary.ts(125,34): error TS2322: Type '{}' is not assignable to type 'string'.
src/routes/salary.ts(125,41): error TS2322: Type 'unknown' is not assignable to type 'string | undefined'.
src/routes/salary.ts(125,48): error TS2322: Type 'unknown' is not assignable to type 'string | undefined'.
src/routes/salary.ts(125,58): error TS2322: Type 'unknown' is not assignable to type 'string | undefined'.
src/routes/salary.ts(125,68): error TS2322: Type 'unknown' is not assignable to type 'number | undefined'.
src/routes/salary.ts(125,85): error TS2322: Type 'unknown' is not assignable to type '"medium" | "small" | "enterprise" | "large" | "startup" | undefined'.
src/routes/salary.ts(126,71): error TS2345: Argument of type '{}' is not assignable to parameter of type 'number'.
src/routes/salary.ts(141,41): error TS7030: Not all code paths return a value.
src/routes/salary.ts(149,34): error TS2322: Type '{}' is not assignable to type 'string'.
src/routes/salary.ts(149,41): error TS2322: Type 'unknown' is not assignable to type 'string | undefined'.
src/routes/salary.ts(149,48): error TS2322: Type 'unknown' is not assignable to type 'string | undefined'.
src/routes/salary.ts(149,58): error TS2322: Type 'unknown' is not assignable to type 'string | undefined'.
src/routes/salary.ts(149,68): error TS2322: Type 'unknown' is not assignable to type 'number | undefined'.
src/routes/salary.ts(149,85): error TS2322: Type 'unknown' is not assignable to type '"medium" | "small" | "enterprise" | "large" | "startup" | undefined'.
src/routes/salary.ts(150,70): error TS2345: Argument of type '{}' is not assignable to parameter of type 'number'.
src/routes/salary.ts(161,46): error TS7030: Not all code paths return a value.
src/routes/salary.ts(169,34): error TS2322: Type '{}' is not assignable to type 'string'.
src/routes/salary.ts(169,41): error TS2322: Type 'unknown' is not assignable to type 'string | undefined'.
src/routes/salary.ts(169,48): error TS2322: Type 'unknown' is not assignable to type 'string | undefined'.
src/routes/salary.ts(169,58): error TS2322: Type 'unknown' is not assignable to type 'string | undefined'.
src/routes/salary.ts(169,68): error TS2322: Type 'unknown' is not assignable to type 'number | undefined'.
src/routes/salary.ts(169,85): error TS2322: Type 'unknown' is not assignable to type '"medium" | "small" | "enterprise" | "large" | "startup" | undefined'.
src/routes/salary.ts(173,49): error TS2345: Argument of type '{}' is not assignable to parameter of type 'number'.
src/routes/salary.ts(174,46): error TS2345: Argument of type '{}' is not assignable to parameter of type 'number'.
src/routes/salary.ts(186,61): error TS2363: The right-hand side of an arithmetic operation must be of type 'any', 'number', 'bigint' or an enum type.
src/routes/salary.ts(187,81): error TS2363: The right-hand side of an arithmetic operation must be of type 'any', 'number', 'bigint' or an enum type.
src/routes/salary.ts(187,98): error TS2363: The right-hand side of an arithmetic operation must be of type 'any', 'number', 'bigint' or an enum type.
src/routes/salary.ts(201,39): error TS7030: Not all code paths return a value.
src/routes/sample-data.ts(20,1): error TS6133: 'z' is declared but its value is never read.
src/routes/scge.ts(177,7): error TS2345: Argument of type '{}' is not assignable to parameter of type 'string'.
src/routes/scge.ts(272,7): error TS2345: Argument of type '{}' is not assignable to parameter of type 'number'.
src/routes/scge.ts(327,7): error TS2345: Argument of type '{}' is not assignable to parameter of type 'number'.
src/routes/scge.ts(344,23): error TS18046: 'stressorIds' is of type 'unknown'.
src/routes/scge.ts(384,31): error TS2339: Property 'size' does not exist on type '{}'.
src/routes/scge.ts(385,46): error TS2339: Property 'accessVarianceLevel' does not exist on type '{}'.
src/routes/scge.ts(386,52): error TS2339: Property 'informationAsymmetryLevel' does not exist on type '{}'.
src/routes/scge.ts(387,50): error TS2339: Property 'mobilityConstraintLevel' does not exist on type '{}'.
src/routes/scge.ts(388,48): error TS2339: Property 'resourceScarcityLevel' does not exist on type '{}'.
src/routes/scge.ts(389,50): error TS2339: Property 'complianceVarianceLevel' does not exist on type '{}'.
src/routes/scge.ts(390,7): error TS2322: Type '{}' is not assignable to type 'number'.
src/routes/scge.ts(395,8): error TS2339: Property 'map' does not exist on type '{}'.
src/routes/scge.ts(400,84): error TS2345: Argument of type '{}' is not assignable to parameter of type 'number'.
src/routes/scge.ts(405,23): error TS2339: Property 'count' does not exist on type '{}'.
src/routes/scge.ts(406,7): error TS2345: Argument of type '{}' is not assignable to parameter of type 'number'.
src/routes/scge.ts(413,7): error TS2322: Type '{}' is not assignable to type 'string'.
src/routes/scge.ts(414,7): error TS2322: Type '{}' is not assignable to type 'string'.
src/routes/scge.ts(429,7): error TS2322: Type '{}' is not assignable to type 'number'.
src/routes/scge.ts(431,7): error TS2322: Type '{}' is not assignable to type 'number'.
src/routes/scheduler.ts(117,25): error TS7030: Not all code paths return a value.
src/routes/scheduler.ts(139,22): error TS7030: Not all code paths return a value.
src/routes/scheduler.ts(154,7): error TS2322: Type 'string | undefined' is not assignable to type 'string'.
  Type 'undefined' is not assignable to type 'string'.
src/routes/scheduler.ts(155,7): error TS2322: Type '{}' is not assignable to type 'JobType'.
src/routes/scheduler.ts(156,7): error TS2322: Type '{}' is not assignable to type 'string'.
src/routes/scheduler.ts(157,7): error TS2322: Type 'unknown' is not assignable to type 'string | undefined'.
src/routes/scheduler.ts(158,7): error TS2322: Type '{}' is not assignable to type 'string'.
src/routes/scheduler.ts(159,7): error TS2322: Type 'unknown' is not assignable to type 'string | undefined'.
src/routes/scheduler.ts(160,7): error TS2322: Type 'unknown' is not assignable to type 'Record<string, unknown> | undefined'.
src/routes/scheduler.ts(162,7): error TS2322: Type '{}' is not assignable to type 'boolean | undefined'.
src/routes/scheduler.ts(176,27): error TS7030: Not all code paths return a value.
src/routes/scheduler.ts(181,7): error TS2322: Type 'unknown' is not assignable to type 'string | undefined'.
src/routes/scheduler.ts(182,7): error TS2322: Type 'unknown' is not assignable to type 'string | undefined'.
src/routes/scheduler.ts(183,7): error TS2322: Type 'unknown' is not assignable to type 'string | undefined'.
src/routes/scheduler.ts(184,7): error TS2322: Type 'unknown' is not assignable to type 'Record<string, unknown> | undefined'.
src/routes/scheduler.ts(185,7): error TS2322: Type 'unknown' is not assignable to type 'boolean | undefined'.
src/routes/scheduler.ts(206,28): error TS7030: Not all code paths return a value.
src/routes/schema.ts(119,60): error TS2345: Argument of type '{}' is not assignable to parameter of type 'string'.
src/routes/schema.ts(152,51): error TS2345: Argument of type '{}' is not assignable to parameter of type 'string'.
src/routes/schema.ts(174,7): error TS2345: Argument of type '{}' is not assignable to parameter of type 'string[]'.
  Type '{}' is missing the following properties from type 'string[]': length, pop, push, concat, and 29 more.
src/routes/schema.ts(226,10): error TS18046: 'mapping' is of type 'unknown'.
src/routes/schema.ts(226,35): error TS18046: 'mapping' is of type 'unknown'.
src/routes/schema.ts(234,25): error TS18046: 'mapping' is of type 'unknown'.
src/routes/security-services.ts(2,10): error TS2300: Duplicate identifier 'z'.
src/routes/security-services.ts(4,7): error TS2451: Cannot redeclare block-scoped variable 'bodySchema0'.
src/routes/security-services.ts(10,7): error TS2451: Cannot redeclare block-scoped variable 'bodySchema1'.
src/routes/security-services.ts(47,10): error TS2300: Duplicate identifier 'z'.
src/routes/security-services.ts(49,7): error TS2451: Cannot redeclare block-scoped variable 'bodySchema0'.
src/routes/security-services.ts(55,7): error TS2451: Cannot redeclare block-scoped variable 'bodySchema1'.
src/routes/security-services.ts(75,30): error TS7030: Not all code paths return a value.
src/routes/security-services.ts(120,30): error TS7030: Not all code paths return a value.
src/routes/security-services.ts(129,7): error TS2322: Type '{}' is not assignable to type 'string'.
src/routes/security-services.ts(130,27): error TS2769: No overload matches this call.
  Overload 1 of 4, '(value: string | number | Date): Date', gave the following error.
    Argument of type '{}' is not assignable to parameter of type 'string | number | Date'.
  Overload 2 of 4, '(value: string | number): Date', gave the following error.
    Argument of type '{}' is not assignable to parameter of type 'string | number'.
src/routes/security-services.ts(131,25): error TS2769: No overload matches this call.
  Overload 1 of 4, '(value: string | number | Date): Date', gave the following error.
    Argument of type '{}' is not assignable to parameter of type 'string | number | Date'.
  Overload 2 of 4, '(value: string | number): Date', gave the following error.
    Argument of type '{}' is not assignable to parameter of type 'string | number'.
src/routes/security-services.ts(132,7): error TS2322: Type '{}' is not assignable to type 'string'.
src/routes/security-services.ts(164,34): error TS7030: Not all code paths return a value.
src/routes/security-services.ts(196,35): error TS7030: Not all code paths return a value.
src/routes/security-services.ts(235,41): error TS7030: Not all code paths return a value.
src/routes/security-services.ts(288,35): error TS7030: Not all code paths return a value.
src/routes/security-services.ts(297,35): error TS2345: Argument of type '{}' is not assignable to parameter of type 'ComplianceFramework'.
src/routes/security-services.ts(302,7): error TS2322: Type '{}' is not assignable to type 'string'.
src/routes/security-services.ts(303,7): error TS2322: Type '{}' is not assignable to type 'ComplianceFramework'.
src/routes/security-services.ts(304,27): error TS2769: No overload matches this call.
  Overload 1 of 4, '(value: string | number | Date): Date', gave the following error.
    Argument of type '{}' is not assignable to parameter of type 'string | number | Date'.
  Overload 2 of 4, '(value: string | number): Date', gave the following error.
    Argument of type '{}' is not assignable to parameter of type 'string | number'.
src/routes/security-services.ts(305,25): error TS2769: No overload matches this call.
  Overload 1 of 4, '(value: string | number | Date): Date', gave the following error.
    Argument of type '{}' is not assignable to parameter of type 'string | number | Date'.
  Overload 2 of 4, '(value: string | number): Date', gave the following error.
    Argument of type '{}' is not assignable to parameter of type 'string | number'.
src/routes/security-services.ts(306,7): error TS2322: Type '{}' is not assignable to type 'string'.
src/routes/security-services.ts(307,7): error TS2322: Type '{}' is not assignable to type 'boolean'.
src/routes/security-services.ts(308,7): error TS2322: Type '{}' is not assignable to type 'boolean'.
src/routes/security-services.ts(322,35): error TS7030: Not all code paths return a value.
src/routes/security-services.ts(367,36): error TS6133: 'req' is declared but its value is never read.
src/routes/sentry.ts(50,7): error TS6133: 'bodySchema4' is declared but its value is never read.
src/routes/sentry.ts(75,7): error TS2322: Type 'string | undefined' is not assignable to type 'string'.
  Type 'undefined' is not assignable to type 'string'.
src/routes/sentry.ts(76,7): error TS2322: Type '{}' is not assignable to type 'string'.
src/routes/sentry.ts(77,7): error TS2322: Type '{}' is not assignable to type '"agent_response" | "decision" | "report" | "user_query"'.
src/routes/sentry.ts(78,7): error TS2322: Type 'unknown' is not assignable to type 'string'.
src/routes/sentry.ts(79,7): error TS2322: Type 'unknown' is not assignable to type 'string | undefined'.
src/routes/sentry.ts(80,7): error TS2322: Type 'unknown' is not assignable to type 'string | undefined'.
src/routes/sentry.ts(81,7): error TS2322: Type 'unknown' is not assignable to type 'string | undefined'.
src/routes/sentry.ts(82,7): error TS2322: Type 'unknown' is not assignable to type 'Record<string, any> | undefined'.
src/routes/sentry.ts(94,26): error TS7030: Not all code paths return a value.
src/routes/sentry.ts(113,59): error TS2345: Argument of type 'string | undefined' is not assignable to parameter of type 'string'.
  Type 'undefined' is not assignable to type 'string'.
src/routes/sentry.ts(128,44): error TS2345: Argument of type 'string | undefined' is not assignable to parameter of type 'string'.
  Type 'undefined' is not assignable to type 'string'.
src/routes/sentry.ts(143,31): error TS7030: Not all code paths return a value.
src/routes/sentry.ts(151,7): error TS2322: Type 'string | undefined' is not assignable to type 'string'.
  Type 'undefined' is not assignable to type 'string'.
src/routes/sentry.ts(152,7): error TS2322: Type '{}' is not assignable to type 'string'.
src/routes/sentry.ts(153,7): error TS2322: Type '{}' is not assignable to type '"agent_response" | "decision" | "report" | "user_query"'.
src/routes/sentry.ts(154,7): error TS2322: Type 'unknown' is not assignable to type 'string'.
src/routes/sentry.ts(155,7): error TS2322: Type 'unknown' is not assignable to type 'string | undefined'.
src/routes/sentry.ts(156,7): error TS2322: Type 'unknown' is not assignable to type 'string | undefined'.
src/routes/sentry.ts(157,7): error TS2322: Type 'unknown' is not assignable to type 'string | undefined'.
src/routes/sentry.ts(158,7): error TS2322: Type '{}' is not assignable to type '"legal" | "financial" | "general" | "medical" | "technical" | "hr"'.
src/routes/sentry.ts(159,7): error TS2322: Type 'unknown' is not assignable to type 'Record<string, any> | undefined'.
src/routes/sentry.ts(171,33): error TS7030: Not all code paths return a value.
src/routes/sentry.ts(187,25): error TS7030: Not all code paths return a value.
src/routes/sentry.ts(195,7): error TS2322: Type 'string | undefined' is not assignable to type 'string'.
  Type 'undefined' is not assignable to type 'string'.
src/routes/sentry.ts(196,7): error TS2322: Type '{}' is not assignable to type 'string'.
src/routes/sentry.ts(197,7): error TS2322: Type '{}' is not assignable to type 'GuardrailType'.
src/routes/sentry.ts(198,7): error TS2322: Type '{}' is not assignable to type '"BLOCKED" | "PASSED" | "FLAGGED"'.
src/routes/sentry.ts(199,7): error TS2322: Type '{}' is not assignable to type 'string'.
src/routes/sentry.ts(200,7): error TS2322: Type '{}' is not assignable to type 'string'.
src/routes/sentry.ts(215,69): error TS2345: Argument of type 'string | undefined' is not assignable to parameter of type 'string'.
  Type 'undefined' is not assignable to type 'string'.
src/routes/sentry.ts(231,7): error TS2322: Type 'string | undefined' is not assignable to type 'string'.
  Type 'undefined' is not assignable to type 'string'.
src/routes/sentry.ts(232,7): error TS2322: Type '{}' is not assignable to type 'string'.
src/routes/sentry.ts(233,7): error TS2322: Type '{}' is not assignable to type '"agent_response" | "decision" | "report" | "user_query"'.
src/routes/sentry.ts(234,7): error TS2322: Type 'unknown' is not assignable to type 'string'.
src/routes/sentry.ts(235,7): error TS2322: Type 'unknown' is not assignable to type 'string | undefined'.
src/routes/sentry.ts(236,7): error TS2322: Type 'unknown' is not assignable to type 'string | undefined'.
src/routes/sentry.ts(237,7): error TS2322: Type 'unknown' is not assignable to type 'string | undefined'.
src/routes/sentry.ts(238,7): error TS2322: Type 'unknown' is not assignable to type 'Record<string, any> | undefined'.
src/routes/settings.ts(81,29): error TS7030: Not all code paths return a value.
src/routes/settings.ts(104,31): error TS7030: Not all code paths return a value.
src/routes/settings.ts(110,7): error TS2322: Type 'Record<string, unknown> | undefined' is not assignable to type 'TenantSettings | undefined'.
  Type 'Record<string, unknown>' is missing the following properties from type 'TenantSettings': timezone, dateFormat, currency, language, and 2 more.
src/routes/settings.ts(133,7): error TS2322: Type 'string' is not assignable to type '"pending" | "active" | "inactive" | "suspended" | undefined'.
src/routes/settings.ts(155,7): error TS2322: Type '"VIEWER" | "ANALYST" | "ADMIN" | "SUPER_ADMIN" | "OWNER"' is not assignable to type '"admin" | "viewer" | "owner" | "editor"'.
  Type '"VIEWER"' is not assignable to type '"admin" | "viewer" | "owner" | "editor"'. Did you mean '"viewer"'?
src/routes/settings.ts(167,26): error TS7030: Not all code paths return a value.
src/routes/settings.ts(180,28): error TS7030: Not all code paths return a value.
src/routes/settings.ts(183,72): error TS2345: Argument of type '{ status?: "ACTIVE" | "INVITED" | "DISABLED" | undefined; name?: string | undefined; role?: "VIEWER" | "ANALYST" | "ADMIN" | "SUPER_ADMIN" | "OWNER" | undefined; title?: string | undefined; department?: string | undefined; }' is not assignable to parameter of type 'Partial<User>'.
  Types of property 'role' are incompatible.
    Type '"VIEWER" | "ANALYST" | "ADMIN" | "SUPER_ADMIN" | "OWNER" | undefined' is not assignable to type '"admin" | "viewer" | "owner" | "editor" | undefined'.
      Type '"VIEWER"' is not assignable to type '"admin" | "viewer" | "owner" | "editor" | undefined'. Did you mean '"viewer"'?
src/routes/settings.ts(194,29): error TS7030: Not all code paths return a value.
src/routes/settings.ts(207,48): error TS6133: 'req' is declared but its value is never read.
src/routes/settings.ts(250,26): error TS7030: Not all code paths return a value.
src/routes/settings.ts(263,28): error TS7030: Not all code paths return a value.
src/routes/settings.ts(277,29): error TS7030: Not all code paths return a value.
src/routes/settings.ts(290,35): error TS7030: Not all code paths return a value.
src/routes/settings.ts(304,45): error TS7030: Not all code paths return a value.
src/routes/settings.ts(337,7): error TS2322: Type 'unknown' is not assignable to type 'string'.
src/routes/settings.ts(338,7): error TS2322: Type 'unknown' is not assignable to type 'string'.
src/routes/settings.ts(339,7): error TS2322: Type 'unknown' is not assignable to type 'string[]'.
src/routes/settings.ts(348,29): error TS7030: Not all code paths return a value.
src/routes/settings.ts(383,7): error TS2322: Type 'unknown' is not assignable to type 'string'.
src/routes/settings.ts(384,7): error TS2322: Type 'unknown' is not assignable to type 'string[]'.
src/routes/settings.ts(385,39): error TS2769: No overload matches this call.
  Overload 1 of 4, '(value: string | number | Date): Date', gave the following error.
    Argument of type '{}' is not assignable to parameter of type 'string | number | Date'.
  Overload 2 of 4, '(value: string | number): Date', gave the following error.
    Argument of type '{}' is not assignable to parameter of type 'string | number'.
src/routes/settings.ts(400,32): error TS7030: Not all code paths return a value.
src/routes/settings.ts(417,24): error TS7030: Not all code paths return a value.
src/routes/settings.ts(454,36): error TS6133: 'req' is declared but its value is never read.
src/routes/settings.ts(481,35): error TS6133: 'req' is declared but its value is never read.
src/routes/sgas.ts(58,3): error TS6133: 'HistoricalBaseline' is declared but its value is never read.
src/routes/sgas.ts(96,30): error TS7030: Not all code paths return a value.
src/routes/sgas.ts(110,7): error TS2345: Argument of type 'unknown' is not assignable to parameter of type 'number | undefined'.
src/routes/sgas.ts(138,33): error TS7030: Not all code paths return a value.
src/routes/sgas.ts(179,38): error TS7030: Not all code paths return a value.
src/routes/sgas.ts(271,50): error TS7030: Not all code paths return a value.
src/routes/sgas.ts(281,89): error TS2345: Argument of type 'unknown' is not assignable to parameter of type 'number | undefined'.
src/routes/sgas.ts(292,55): error TS7030: Not all code paths return a value.
src/routes/sgas.ts(305,7): error TS2345: Argument of type '{}' is not assignable to parameter of type 'DecisionAgentOutput[]'.
  Type '{}' is missing the following properties from type 'DecisionAgentOutput[]': length, pop, push, concat, and 29 more.
src/routes/sgas.ts(318,53): error TS7030: Not all code paths return a value.
src/routes/sgas.ts(331,7): error TS2345: Argument of type '{}' is not assignable to parameter of type 'InstitutionalAgentOutput[]'.
  Type '{}' is missing the following properties from type 'InstitutionalAgentOutput[]': length, pop, push, concat, and 29 more.
src/routes/sgas.ts(351,72): error TS2345: Argument of type 'unknown' is not assignable to parameter of type 'number | undefined'.
src/routes/sgas.ts(380,37): error TS7030: Not all code paths return a value.
src/routes/sgas.ts(384,53): error TS2345: Argument of type 'unknown' is not assignable to parameter of type 'InstitutionalState'.
src/routes/sgas.ts(388,54): error TS2345: Argument of type 'unknown' is not assignable to parameter of type 'InstitutionalState'.
src/routes/sovereign-arch.ts(20,10): error TS2300: Duplicate identifier 'z'.
src/routes/sovereign-arch.ts(22,7): error TS2451: Cannot redeclare block-scoped variable 'bodySchema0'.
src/routes/sovereign-arch.ts(40,10): error TS2300: Duplicate identifier 'z'.
src/routes/sovereign-arch.ts(42,7): error TS2451: Cannot redeclare block-scoped variable 'bodySchema0'.
src/routes/sovereign-arch.ts(308,65): error TS2345: Argument of type 'unknown' is not assignable to parameter of type 'string'.
src/routes/sovereign-organs.ts(58,33): error TS7030: Not all code paths return a value.
src/routes/sovereign-organs.ts(70,39): error TS7030: Not all code paths return a value.
src/routes/sovereign-organs.ts(140,36): error TS7030: Not all code paths return a value.
src/routes/sovereign-organs.ts(220,34): error TS7030: Not all code paths return a value.
src/routes/sovereign-organs.ts(253,73): error TS2345: Argument of type 'unknown' is not assignable to parameter of type 'string'.
src/routes/sovereign-organs.ts(309,36): error TS7030: Not all code paths return a value.
src/routes/sovereign-organs.ts(362,30): error TS7030: Not all code paths return a value.
src/routes/sovereign-security.ts(140,29): error TS7030: Not all code paths return a value.
src/routes/sovereign-security.ts(185,62): error TS2345: Argument of type 'unknown' is not assignable to parameter of type 'string'.
src/routes/sovereign-security.ts(195,59): error TS2345: Argument of type 'unknown' is not assignable to parameter of type 'string'.
src/routes/sovereign-security.ts(238,31): error TS7030: Not all code paths return a value.
src/routes/sovereign-security.ts(317,35): error TS7030: Not all code paths return a value.
src/routes/sovereign-security.ts(406,34): error TS7030: Not all code paths return a value.
src/routes/sovereign.ts(2,10): error TS2300: Duplicate identifier 'z'.
src/routes/sovereign.ts(32,10): error TS2300: Duplicate identifier 'z'.
src/routes/sovereign.ts(178,9): error TS2322: Type 'string | undefined' is not assignable to type '"druid" | "clickhouse" | undefined'.
  Type 'string' is not assignable to type '"druid" | "clickhouse" | undefined'.
src/routes/sovereign.ts(209,9): error TS2322: Type 'string | undefined' is not assignable to type '"druid" | "clickhouse" | undefined'.
  Type 'string' is not assignable to type '"druid" | "clickhouse" | undefined'.
src/routes/sovereign.ts(254,36): error TS6133: 'req' is declared but its value is never read.
src/routes/sovereign.ts(358,38): error TS6133: 'req' is declared but its value is never read.
src/routes/sovereign.ts(619,7): error TS2322: Type 'string' is not assignable to type '"semantic" | "episodic" | "procedural"'.
src/routes/sovereign.ts(652,37): error TS6133: 'req' is declared but its value is never read.
src/routes/sovereign.ts(677,7): error TS2322: Type 'string | undefined' is not assignable to type 'string'.
  Type 'undefined' is not assignable to type 'string'.
src/routes/sovereign.ts(679,7): error TS2322: Type 'string[] | undefined' is not assignable to type 'string[]'.
  Type 'undefined' is not assignable to type 'string[]'.
src/routes/sovereign.ts(696,25): error TS6133: 'fileName' is declared but its value is never read.
src/routes/sovereign.ts(702,7): error TS2322: Type 'string | undefined' is not assignable to type 'string'.
  Type 'undefined' is not assignable to type 'string'.
src/routes/sovereign.ts(718,35): error TS6133: 'req' is declared but its value is never read.
src/routes/sovereign.ts(749,36): error TS6133: 'req' is declared but its value is never read.
src/routes/sovereign.ts(819,41): error TS6133: 'req' is declared but its value is never read.
src/routes/sovereign.ts(841,37): error TS6133: 'req' is declared but its value is never read.
src/routes/sovereign.ts(895,34): error TS6133: 'req' is declared but its value is never read.
src/routes/sovereign.ts(921,40): error TS6133: 'req' is declared but its value is never read.
src/routes/sovereign.ts(971,38): error TS6133: 'req' is declared but its value is never read.
src/routes/sovereign.ts(989,30): error TS6133: 'req' is declared but its value is never read.
src/routes/sports.ts(2,10): error TS2300: Duplicate identifier 'z'.
src/routes/sports.ts(29,10): error TS2300: Duplicate identifier 'z'.
src/routes/sports.ts(31,7): error TS6133: 'transferCreateSchema' is declared but its value is never read.
src/routes/sports.ts(228,5): error TS2322: Type '{}' is not assignable to type 'string'.
src/routes/sports.ts(229,5): error TS2322: Type '{}' is not assignable to type 'string'.
src/routes/sports.ts(230,5): error TS2322: Type '{}' is not assignable to type 'string'.
src/routes/sports.ts(231,5): error TS2322: Type '{}' is not assignable to type '"inbound" | "loan_out" | "outbound" | "loan_in"'.
src/routes/sports.ts(234,5): error TS2322: Type '{}' is not assignable to type 'number'.
src/routes/sports.ts(235,5): error TS2322: Type 'unknown' is not assignable to type 'number | undefined'.
src/routes/sports.ts(236,5): error TS2322: Type 'unknown' is not assignable to type 'number | undefined'.
src/routes/sports.ts(295,7): error TS2345: Argument of type 'Record<string, unknown>' is not assignable to parameter of type '{ matchesObserved: number; videoAnalysisComplete: boolean; dataProfile: string; characterReferences: number; recommendation: "pass" | "conditional" | "buy" | "strong_buy"; }'.
  Type 'Record<string, unknown>' is missing the following properties from type '{ matchesObserved: number; videoAnalysisComplete: boolean; dataProfile: string; characterReferences: number; recommendation: "pass" | "conditional" | "buy" | "strong_buy"; }': matchesObserved, videoAnalysisComplete, dataProfile, characterReferences, recommendation
src/routes/sports.ts(319,7): error TS2345: Argument of type 'Record<string, unknown>' is not assignable to parameter of type '{ methodology: string; marketComparables: string; internalValuation: number; dataValuation?: number | undefined; negotiatedFee: number; premium: number; }'.
  Type 'Record<string, unknown>' is missing the following properties from type '{ methodology: string; marketComparables: string; internalValuation: number; dataValuation?: number | undefined; negotiatedFee: number; premium: number; }': methodology, marketComparables, internalValuation, negotiatedFee, premium
src/routes/sports.ts(343,7): error TS2345: Argument of type 'Record<string, unknown>' is not assignable to parameter of type '{ playerName: string; reason: string; whyNotSelected: string; }'.
  Type 'Record<string, unknown>' is missing the following properties from type '{ playerName: string; reason: string; whyNotSelected: string; }': playerName, reason, whyNotSelected
src/routes/sports.ts(372,7): error TS2345: Argument of type 'Record<string, unknown>' is not assignable to parameter of type '{ type: string; filename: string; mimeType?: string | undefined; sizeBytes?: number | undefined; content?: Buffer<ArrayBufferLike> | undefined; description?: string | undefined; }'.
  Type 'Record<string, unknown>' is missing the following properties from type '{ type: string; filename: string; mimeType?: string | undefined; sizeBytes?: number | undefined; content?: Buffer<ArrayBufferLike> | undefined; description?: string | undefined; }': type, filename
src/routes/sports.ts(546,5): error TS2322: Type 'string[] | undefined' is not assignable to type 'RegulationSource[] | undefined'.
  Type 'string[]' is not assignable to type 'RegulationSource[]'.
    Type 'string' is not assignable to type 'RegulationSource'.
src/routes/sports.ts(547,5): error TS2322: Type 'string[] | undefined' is not assignable to type 'RegulationType[] | undefined'.
  Type 'string[]' is not assignable to type 'RegulationType[]'.
    Type 'string' is not assignable to type 'RegulationType'.
src/routes/sports.ts(658,5): error TS2322: Type 'string' is not assignable to type 'SportsWorkflow'.
src/routes/sports.ts(659,5): error TS2322: Type 'string | undefined' is not assignable to type '{ name: string; age: number; position: string; currentClub?: string | undefined; marketValue?: number | undefined; } | undefined'.
  Type 'string' is not assignable to type '{ name: string; age: number; position: string; currentClub?: string | undefined; marketValue?: number | undefined; }'.
src/routes/sports.ts(661,5): error TS2322: Type 'string | undefined' is not assignable to type 'Record<string, unknown> | undefined'.
  Type 'string' is not assignable to type 'Record<string, unknown>'.
src/routes/sso.ts(20,1): error TS6133: 'z' is declared but its value is never read.
src/routes/sso.ts(47,24): error TS7030: Not all code paths return a value.
src/routes/sso.ts(120,36): error TS7030: Not all code paths return a value.
src/routes/strategic.ts(137,7): error TS6133: 'orgIdSchema' is declared but its value is never read.
src/routes/strategic.ts(160,7): error TS2322: Type 'string[]' is not assignable to type 'AgentParticipant[]'.
  Type 'string' is not assignable to type 'AgentParticipant'.
src/routes/strategic.ts(161,7): error TS2322: Type 'string' is not assignable to type '"rapid" | "consensus" | "debate" | "adversarial"'.
src/routes/strategic.ts(255,86): error TS2345: Argument of type 'Record<string, unknown>[]' is not assignable to parameter of type '{ agentId: string; prompt: string; model?: string | undefined; }[]'.
  Type 'Record<string, unknown>' is missing the following properties from type '{ agentId: string; prompt: string; model?: string | undefined; }': agentId, prompt
src/routes/strategic.ts(295,69): error TS2345: Argument of type 'string' is not assignable to parameter of type '"standard" | "edge" | "air-gapped" | "portable"'.
src/routes/strategic.ts(385,23): error TS2345: Argument of type 'string' is not assignable to parameter of type 'EntityType'.
src/routes/strategic.ts(404,55): error TS2345: Argument of type 'string' is not assignable to parameter of type 'RelationshipType'.
src/routes/strategic.ts(415,71): error TS2559: Type 'string' has no properties in common with type 'GraphQuery'.
src/routes/strategic.ts(475,83): error TS2345: Argument of type 'Record<string, unknown>' is not assignable to parameter of type 'IngestSource'.
  Type 'Record<string, unknown>' is missing the following properties from type 'IngestSource': type, config, documents
src/routes/strategic.ts(586,92): error TS2345: Argument of type 'string | undefined' is not assignable to parameter of type 'string'.
  Type 'undefined' is not assignable to type 'string'.
src/routes/strategic.ts(649,82): error TS2345: Argument of type 'string' is not assignable to parameter of type '"red_team" | "external_intel" | "internal_detection" | "user_report"'.
src/routes/strategic.ts(661,67): error TS2345: Argument of type 'unknown' is not assignable to parameter of type 'string'.
src/routes/summaries.ts(143,20): error TS7030: Not all code paths return a value.
src/routes/summaries.ts(172,27): error TS7030: Not all code paths return a value.
src/routes/symbiont.ts(52,41): error TS2345: Argument of type 'string | undefined' is not assignable to parameter of type 'string'.
  Type 'undefined' is not assignable to type 'string'.
src/routes/symbiont.ts(53,46): error TS2345: Argument of type 'string | undefined' is not assignable to parameter of type 'string'.
  Type 'undefined' is not assignable to type 'string'.
src/routes/symbiont.ts(54,46): error TS2345: Argument of type 'string | undefined' is not assignable to parameter of type 'string'.
  Type 'undefined' is not assignable to type 'string'.
src/routes/symbiont.ts(94,58): error TS2345: Argument of type 'string | undefined' is not assignable to parameter of type 'string'.
  Type 'undefined' is not assignable to type 'string'.
src/routes/symbiont.ts(105,62): error TS2345: Argument of type 'string | undefined' is not assignable to parameter of type 'string'.
  Type 'undefined' is not assignable to type 'string'.
src/routes/symbiont.ts(123,75): error TS2345: Argument of type 'string | undefined' is not assignable to parameter of type 'string'.
  Type 'undefined' is not assignable to type 'string'.
src/routes/symbiont.ts(134,72): error TS2345: Argument of type 'string | undefined' is not assignable to parameter of type 'string'.
  Type 'undefined' is not assignable to type 'string'.
src/routes/symbiont.ts(144,92): error TS2345: Argument of type 'unknown' is not assignable to parameter of type 'OpportunityStatus'.
src/routes/symbiont.ts(158,84): error TS2345: Argument of type 'unknown' is not assignable to parameter of type '"PARTNERSHIP_MODEL" | "JV_STRUCTURE" | "ACQUISITION_INTEGRATION" | "MARKET_ENTRY" | "TECHNOLOGY_TRANSFER"'.
src/routes/symbiont.ts(183,7): error TS2345: Argument of type 'string | undefined' is not assignable to parameter of type 'string'.
  Type 'undefined' is not assignable to type 'string'.
src/routes/symbiont.ts(194,72): error TS2345: Argument of type 'string | undefined' is not assignable to parameter of type 'string'.
  Type 'undefined' is not assignable to type 'string'.
src/routes/symbiont.ts(217,64): error TS2345: Argument of type 'string | undefined' is not assignable to parameter of type 'string'.
  Type 'undefined' is not assignable to type 'string'.
src/routes/temporal.ts(40,7): error TS6133: 'bodySchema3' is declared but its value is never read.
src/routes/temporal.ts(118,7): error TS2322: Type 'unknown' is not assignable to type 'string | undefined'.
src/routes/temporal.ts(119,7): error TS2322: Type '{}' is not assignable to type 'string'.
src/routes/temporal.ts(120,7): error TS2322: Type 'unknown' is not assignable to type 'string | undefined'.
src/routes/temporal.ts(122,15): error TS2698: Spread types may only be created from object types.
src/routes/temporal.ts(124,9): error TS2698: Spread types may only be created from object types.
src/routes/temporal.ts(127,7): error TS2322: Type 'unknown' is not assignable to type 'string | undefined'.
src/routes/temporal.ts(190,7): error TS2322: Type '{}' is not assignable to type 'string'.
src/routes/temporal.ts(215,75): error TS2345: Argument of type 'unknown' is not assignable to parameter of type 'string | undefined'.
src/routes/temporal.ts(237,78): error TS2345: Argument of type 'unknown' is not assignable to parameter of type 'string | undefined'.
src/routes/union.ts(21,1): error TS6192: All imports in import declaration are unused.
src/routes/union.ts(196,41): error TS7030: Not all code paths return a value.
src/routes/union.ts(205,40): error TS2322: Type 'unknown' is not assignable to type 'number | undefined'.
src/routes/union.ts(205,57): error TS2322: Type 'unknown' is not assignable to type 'number | undefined'.
src/routes/union.ts(209,7): error TS2322: Type '{}' is not assignable to type 'string'.
src/routes/union.ts(210,7): error TS2322: Type '{}' is not assignable to type 'string'.
src/routes/union.ts(211,7): error TS2322: Type '{}' is not assignable to type 'string'.
src/routes/union.ts(212,7): error TS2322: Type '{}' is not assignable to type 'string'.
src/routes/union.ts(213,7): error TS2322: Type '{}' is not assignable to type 'string'.
src/routes/union.ts(214,27): error TS2769: No overload matches this call.
  Overload 1 of 4, '(value: string | number | Date): Date', gave the following error.
    Argument of type '{}' is not assignable to parameter of type 'string | number | Date'.
  Overload 2 of 4, '(value: string | number): Date', gave the following error.
    Argument of type '{}' is not assignable to parameter of type 'string | number'.
src/routes/union.ts(216,7): error TS2322: Type '{}' is not assignable to type 'number'.
src/routes/union.ts(217,7): error TS2322: Type '{}' is not assignable to type 'number'.
src/routes/union.ts(219,7): error TS2322: Type '{}' is not assignable to type 'number'.
src/routes/union.ts(238,44): error TS7030: Not all code paths return a value.
src/routes/union.ts(252,61): error TS7030: Not all code paths return a value.
src/routes/union.ts(302,56): error TS7030: Not all code paths return a value.
src/routes/union.ts(331,54): error TS7030: Not all code paths return a value.
src/routes/union.ts(360,73): error TS7030: Not all code paths return a value.
src/routes/upload.ts(23,30): error TS6133: 'deterministicInt' is declared but its value is never read.
src/routes/upload.ts(23,48): error TS6133: 'deterministicPercentage' is declared but its value is never read.
src/routes/upload.ts(23,73): error TS6133: 'deterministicPick' is declared but its value is never read.
src/routes/upload.ts(25,1): error TS6133: 'z' is declared but its value is never read.
src/routes/upload.ts(71,30): error TS6133: 'req' is declared but its value is never read.
src/routes/upload.ts(93,48): error TS7030: Not all code paths return a value.
src/routes/upload.ts(130,47): error TS7030: Not all code paths return a value.
src/routes/upload.ts(220,34): error TS7030: Not all code paths return a value.
src/routes/users.ts(19,1): error TS6133: 'logger' is declared but its value is never read.
src/routes/users.ts(122,65): error TS2769: No overload matches this call.
  Overload 1 of 2, '(s: string, hash: string): Promise<boolean>', gave the following error.
    Argument of type '{}' is not assignable to parameter of type 'string'.
  Overload 2 of 2, '(s: string, hash: string, callback?: ((err: Error | null, success: boolean) => void) | undefined, progressCallback?: ((percent: number) => void) | undefined): void', gave the following error.
    Argument of type '{}' is not assignable to parameter of type 'string'.
src/routes/vault.ts(108,7): error TS2322: Type 'string' is not assignable to type 'ArtifactType'.
src/routes/vault.ts(110,28): error TS2769: No overload matches this call.
  Overload 1 of 4, '(arrayBuffer: WithImplicitCoercion<ArrayBufferLike>, byteOffset?: number | undefined, length?: number | undefined): Buffer<ArrayBufferLike>', gave the following error.
    Argument of type '{}' is not assignable to parameter of type 'WithImplicitCoercion<ArrayBufferLike>'.
  Overload 2 of 4, '(string: WithImplicitCoercion<string>, encoding?: BufferEncoding | undefined): Buffer<ArrayBuffer>', gave the following error.
    Argument of type '{}' is not assignable to parameter of type 'WithImplicitCoercion<string>'.
src/routes/vault.ts(151,7): error TS2322: Type 'string | undefined' is not assignable to type 'string'.
  Type 'undefined' is not assignable to type 'string'.
src/routes/vault.ts(153,7): error TS2322: Type '{}' is not assignable to type 'string | Buffer<ArrayBufferLike>'.
src/routes/vault.ts(194,7): error TS2322: Type '{}' is not assignable to type 'string | Buffer<ArrayBufferLike>'.
src/routes/vault.ts(232,28): error TS2769: No overload matches this call.
  Overload 1 of 4, '(arrayBuffer: WithImplicitCoercion<ArrayBufferLike>, byteOffset?: number | undefined, length?: number | undefined): Buffer<ArrayBufferLike>', gave the following error.
    Argument of type '{}' is not assignable to parameter of type 'WithImplicitCoercion<ArrayBufferLike>'.
  Overload 2 of 4, '(string: WithImplicitCoercion<string>, encoding?: BufferEncoding | undefined): Buffer<ArrayBuffer>', gave the following error.
    Argument of type '{}' is not assignable to parameter of type 'WithImplicitCoercion<string>'.
src/routes/vault.ts(272,28): error TS2769: No overload matches this call.
  Overload 1 of 4, '(arrayBuffer: WithImplicitCoercion<ArrayBufferLike>, byteOffset?: number | undefined, length?: number | undefined): Buffer<ArrayBufferLike>', gave the following error.
    Argument of type '{}' is not assignable to parameter of type 'WithImplicitCoercion<ArrayBufferLike>'.
  Overload 2 of 4, '(string: WithImplicitCoercion<string>, encoding?: BufferEncoding | undefined): Buffer<ArrayBuffer>', gave the following error.
    Argument of type '{}' is not assignable to parameter of type 'WithImplicitCoercion<string>'.
src/routes/vault.ts(403,7): error TS2322: Type 'string' is not assignable to type 'ArtifactType | ArtifactType[] | undefined'.
src/routes/vault.ts(545,7): error TS2322: Type 'string' is not assignable to type '"json" | "pdf" | "zip"'.
src/routes/vertical-agents.ts(2,10): error TS2300: Duplicate identifier 'z'.
src/routes/vertical-agents.ts(4,7): error TS2451: Cannot redeclare block-scoped variable 'bodySchema0'.
src/routes/vertical-agents.ts(32,10): error TS2300: Duplicate identifier 'z'.
src/routes/vertical-agents.ts(34,7): error TS2451: Cannot redeclare block-scoped variable 'bodySchema0'.
src/routes/vertical-agents.ts(269,7): error TS2322: Type '{}' is not assignable to type 'string'.
src/routes/vertical-agents.ts(270,7): error TS2322: Type '{}' is not assignable to type 'string'.
src/routes/vertical-agents.ts(271,7): error TS2322: Type '{}' is not assignable to type 'string'.
src/routes/vertical-agents.ts(272,7): error TS2322: Type 'unknown' is not assignable to type 'string | undefined'.
src/routes/vertical-agents.ts(273,7): error TS2322: Type '{}' is not assignable to type 'number'.
src/routes/vertical-config.ts(215,7): error TS2345: Argument of type '{}' is not assignable to parameter of type 'string'.
src/routes/vertical-config.ts(265,7): error TS2345: Argument of type '{}' is not assignable to parameter of type 'string'.
src/routes/vertical-config.ts(301,7): error TS2345: Argument of type 'unknown' is not assignable to parameter of type 'string | undefined'.
src/routes/vertical-sentinels.ts(22,1): error TS6133: 'z' is declared but its value is never read.
src/routes/veto.ts(21,1): error TS6192: All imports in import declaration are unused.
src/routes/veto.ts(102,41): error TS7030: Not all code paths return a value.
src/routes/veto.ts(116,7): error TS2322: Type '{}' is not assignable to type 'string'.
src/routes/veto.ts(117,7): error TS2322: Type '{}' is not assignable to type 'string'.
src/routes/veto.ts(125,53): error TS2345: Argument of type 'unknown' is not assignable to parameter of type 'string | undefined'.
src/routes/veto.ts(161,44): error TS7030: Not all code paths return a value.
src/routes/veto.ts(175,54): error TS7030: Not all code paths return a value.
src/routes/visualization.ts(51,35): error TS7030: Not all code paths return a value.
src/routes/visualization.ts(61,5): error TS2345: Argument of type 'string[]' is not assignable to parameter of type '{ id: string; name: string; role: string; }[]'.
  Type 'string' is not assignable to type '{ id: string; name: string; role: string; }'.
src/routes/visualization.ts(72,33): error TS7030: Not all code paths return a value.
src/routes/visualization.ts(92,5): error TS2345: Argument of type 'string' is not assignable to parameter of type '"listening" | "idle" | "dissenting" | "speaking" | "thinking" | "agreeing"'.
src/routes/visualization.ts(118,72): error TS2345: Argument of type 'Record<string, unknown>' is not assignable to parameter of type 'Omit<Citation, "id" | "addedAt" | "addedBy">'.
  Type 'Record<string, unknown>' is missing the following properties from type 'Omit<Citation, "id" | "addedAt" | "addedBy">': type, reference
src/routes/visualization.ts(130,84): error TS2345: Argument of type 'string | undefined' is not assignable to parameter of type '"blocking" | "minor" | "significant" | undefined'.
  Type 'string' is not assignable to type '"blocking" | "minor" | "significant" | undefined'.
src/routes/visualization.ts(153,75): error TS2345: Argument of type 'Record<string, unknown>' is not assignable to parameter of type 'string'.
src/routes/visualization.ts(189,31): error TS7030: Not all code paths return a value.
src/routes/visualization.ts(236,88): error TS2345: Argument of type 'Record<string, unknown> | undefined' is not assignable to parameter of type 'ReplaySession'.
  Type 'undefined' is not assignable to type 'ReplaySession'.
src/routes/visualization.ts(238,83): error TS2345: Argument of type 'Record<string, unknown> | undefined' is not assignable to parameter of type 'ReplaySession'.
  Type 'undefined' is not assignable to type 'ReplaySession'.
src/routes/visualization.ts(260,40): error TS7030: Not all code paths return a value.
src/routes/visualization.ts(274,42): error TS7030: Not all code paths return a value.
src/routes/visualization.ts(281,63): error TS2345: Argument of type 'Record<string, unknown>' is not assignable to parameter of type 'ReplaySession'.
  Type 'Record<string, unknown>' is missing the following properties from type 'ReplaySession': sessionId, deliberationId, title, totalDuration, and 4 more.
src/routes/vox.ts(27,7): error TS6133: 'bodySchema1' is declared but its value is never read.
src/routes/vox.ts(56,40): error TS2345: Argument of type 'string | undefined' is not assignable to parameter of type 'string'.
  Type 'undefined' is not assignable to type 'string'.
src/routes/vox.ts(57,37): error TS2345: Argument of type 'string | undefined' is not assignable to parameter of type 'string'.
  Type 'undefined' is not assignable to type 'string'.
src/routes/vox.ts(96,72): error TS2345: Argument of type 'string | undefined' is not assignable to parameter of type 'string'.
  Type 'undefined' is not assignable to type 'string'.
src/routes/vox.ts(106,65): error TS2345: Argument of type 'string | undefined' is not assignable to parameter of type 'string'.
  Type 'undefined' is not assignable to type 'string'.
src/routes/vox.ts(153,57): error TS2345: Argument of type 'string | undefined' is not assignable to parameter of type 'string'.
  Type 'undefined' is not assignable to type 'string'.
src/routes/vox.ts(177,54): error TS2345: Argument of type 'string | undefined' is not assignable to parameter of type 'string'.
  Type 'undefined' is not assignable to type 'string'.
src/routes/vox.ts(201,61): error TS2345: Argument of type 'string | undefined' is not assignable to parameter of type 'string'.
  Type 'undefined' is not assignable to type 'string'.
src/routes/vox.ts(212,61): error TS2345: Argument of type 'string | undefined' is not assignable to parameter of type 'string'.
  Type 'undefined' is not assignable to type 'string'.
src/routes/vox.ts(227,58): error TS2345: Argument of type 'string | undefined' is not assignable to parameter of type 'string'.
  Type 'undefined' is not assignable to type 'string'.
src/routes/vox.ts(242,56): error TS2345: Argument of type 'string | undefined' is not assignable to parameter of type 'string'.
  Type 'undefined' is not assignable to type 'string'.
src/routes/vox.ts(256,59): error TS2345: Argument of type 'string | undefined' is not assignable to parameter of type 'string'.
  Type 'undefined' is not assignable to type 'string'.
src/routes/workflows.ts(587,3): error TS6133: 'parameters' is declared but its value is never read.
src/routes/workflows.ts(588,3): error TS6133: 'previousOutputs' is declared but its value is never read.
src/routes/zkp.ts(2,10): error TS2300: Duplicate identifier 'z'.
src/routes/zkp.ts(4,7): error TS2451: Cannot redeclare block-scoped variable 'bodySchema0'.
src/routes/zkp.ts(15,7): error TS2451: Cannot redeclare block-scoped variable 'bodySchema1'.
src/routes/zkp.ts(18,7): error TS2451: Cannot redeclare block-scoped variable 'bodySchema2'.
src/routes/zkp.ts(42,10): error TS2300: Duplicate identifier 'z'.
src/routes/zkp.ts(44,7): error TS2451: Cannot redeclare block-scoped variable 'bodySchema0'.
src/routes/zkp.ts(55,7): error TS2451: Cannot redeclare block-scoped variable 'bodySchema1'.
src/routes/zkp.ts(58,7): error TS2451: Cannot redeclare block-scoped variable 'bodySchema2'.
src/routes/zkp.ts(106,7): error TS2322: Type '{}' is not assignable to type 'string'.
src/routes/zkp.ts(107,7): error TS2322: Type 'unknown' is not assignable to type 'string | undefined'.
src/routes/zkp.ts(108,7): error TS2322: Type 'unknown' is not assignable to type 'string | undefined'.
src/routes/zkp.ts(109,7): error TS2322: Type 'unknown' is not assignable to type 'string | undefined'.
src/routes/zkp.ts(110,7): error TS2322: Type '{}' is not assignable to type 'string'.
src/routes/zkp.ts(111,7): error TS2322: Type 'unknown' is not assignable to type 'string | undefined'.
src/routes/zkp.ts(112,7): error TS2322: Type '{}' is not assignable to type 'Record<string, unknown>'.
  Index signature for type 'string' is missing in type '{}'.
src/routes/zkp.ts(113,7): error TS2322: Type '{}' is not assignable to type 'string'.
src/routes/zkp.ts(150,73): error TS2345: Argument of type '{}' is not assignable to parameter of type 'string'.
src/routes/zkp.ts(201,58): error TS2345: Argument of type '{}' is not assignable to parameter of type 'string'.
src/scripts/live-monitor.ts(22,48): error TS6133: 'deterministicPercentage' is declared but its value is never read.
src/scripts/live-monitor.ts(22,73): error TS6133: 'deterministicPick' is declared but its value is never read.
src/security/Honeypot.ts(386,15): error TS6133: 'id' is declared but its value is never read.
src/security/index.ts(221,12): error TS6133: 'req' is declared but its value is never read.
src/security/KeycloakAuth.ts(186,35): error TS7030: Not all code paths return a value.
src/security/KeycloakAuth.ts(229,44): error TS6133: 'res' is declared but its value is never read.
src/security/PolicyEngine.ts(25,1): error TS6133: 'path' is declared but its value is never read.
src/services/admin/AdminAIService.ts(19,1): error TS6133: 'config' is declared but its value is never read.
src/services/admin/AdminAIService.ts(21,1): error TS6133: 'tenantService' is declared but its value is never read.
src/services/admin/AdminAIService.ts(22,1): error TS6133: 'licenseService' is declared but its value is never read.
src/services/admin/AdminAIService.ts(26,36): error TS2307: Cannot find module '../utils/serviceRecords.js' or its corresponding type declarations.
src/services/admin/FeatureControlService.ts(22,36): error TS2307: Cannot find module '../utils/serviceRecords.js' or its corresponding type declarations.
src/services/admin/RDProjectService.ts(19,1): error TS6133: 'config' is declared but its value is never read.
src/services/admin/RDProjectService.ts(22,36): error TS2307: Cannot find module '../utils/serviceRecords.js' or its corresponding type declarations.
src/services/admin/SystemHealthService.ts(23,36): error TS2307: Cannot find module '../utils/serviceRecords.js' or its corresponding type declarations.
src/services/admin/SystemHealthService.ts(198,13): error TS6133: 'response' is declared but its value is never read.
src/services/admin/UserManagementService.ts(23,36): error TS2307: Cannot find module '../utils/serviceRecords.js' or its corresponding type declarations.
src/services/admin/UserManagementService.ts(100,11): error TS6133: 'pool' is declared but its value is never read.
src/services/aegis-svc-types.ts(74,7): error TS6133: 'THREAT_FEEDS' is declared but its value is never read.
src/services/apotheosis-types.ts(43,7): error TS6133: 'ADJUDICATION_CONFIG' is declared but its value is never read.
src/services/apotheosis-types.ts(50,7): error TS6133: 'SYSTEM_PROMPT' is declared but its value is never read.
src/services/apotheosis-types.ts(241,7): error TS6133: 'ATTACK_SCENARIOS' is declared but its value is never read.
src/services/backup/DatabaseBackupService.ts(44,36): error TS2307: Cannot find module '../utils/serviceRecords.js' or its corresponding type declarations.
src/services/CendiaAegisService.ts(758,20): error TS2304: Cannot find name 'THREAT_FEEDS'.
src/services/CendiaAegisService.ts(1457,30): error TS6133: 'alerts' is declared but its value is never read.
src/services/CendiaApotheosisService.ts(36,10): error TS2300: Duplicate identifier 'loadServiceRecords'.
src/services/CendiaApotheosisService.ts(36,36): error TS2307: Cannot find module '../utils/serviceRecords.js' or its corresponding type declarations.
src/services/CendiaApotheosisService.ts(46,132): error TS6196: 'TrainingModule' is declared but never used.
src/services/CendiaApotheosisService.ts(47,10): error TS2300: Duplicate identifier 'loadServiceRecords'.
src/services/CendiaApotheosisService.ts(47,36): error TS2307: Cannot find module '../utils/serviceRecords.js' or its corresponding type declarations.
src/services/CendiaApotheosisService.ts(185,25): error TS2304: Cannot find name 'ATTACK_SCENARIOS'.
src/services/CendiaApotheosisService.ts(311,51): error TS2304: Cannot find name 'ADJUDICATION_CONFIG'.
src/services/CendiaApotheosisService.ts(312,59): error TS2304: Cannot find name 'ADJUDICATION_CONFIG'.
src/services/CendiaApotheosisService.ts(313,45): error TS2304: Cannot find name 'ADJUDICATION_CONFIG'.
src/services/CendiaApotheosisService.ts(316,46): error TS2304: Cannot find name 'SYSTEM_PROMPT'.
src/services/CendiaApotheosisService.ts(354,40): error TS2304: Cannot find name 'SYSTEM_PROMPT'.
src/services/CendiaApotheosisService.ts(404,36): error TS2304: Cannot find name 'ADJUDICATION_CONFIG'.
src/services/CendiaApotheosisService.ts(407,13): error TS2304: Cannot find name 'ADJUDICATION_CONFIG'.
src/services/CendiaApotheosisService.ts(413,100): error TS2304: Cannot find name 'ADJUDICATION_CONFIG'.
src/services/CendiaApotheosisService.ts(449,5): error TS6133: 'organizationId' is declared but its value is never read.
src/services/CendiaApotheosisService.ts(500,5): error TS6133: 'organizationId' is declared but its value is never read.
src/services/CendiaApotheosisService.ts(535,5): error TS6133: 'organizationId' is declared but its value is never read.
src/services/CendiaApotheosisService.ts(570,5): error TS6133: 'organizationId' is declared but its value is never read.
src/services/CendiaApotheosisService.ts(613,5): error TS6133: 'config' is declared but its value is never read.
src/services/CendiaApotheosisService.ts(1406,28): error TS2304: Cannot find name 'ATTACK_SCENARIOS'.
src/services/CendiaApotheosisService.ts(1430,30): error TS2304: Cannot find name 'ATTACK_SCENARIOS'.
src/services/CendiaAuditService.ts(20,23): error TS6133: 'ServiceConfig' is declared but its value is never read.
src/services/CendiaCascadeService.ts(63,3): error TS6133: 'EdgeType' is declared but its value is never read.
src/services/CendiaCascadeService.ts(67,36): error TS2307: Cannot find module '../utils/serviceRecords.js' or its corresponding type declarations.
src/services/CendiaCascadeService.ts(304,11): error TS6133: 'lensAnalyses' is declared but its value is never read.
src/services/CendiaCascadeService.ts(451,5): error TS6133: 'changeSpec' is declared but its value is never read.
src/services/CendiaCascadeService.ts(585,65): error TS6133: 'changeSpec' is declared but its value is never read.
src/services/CendiaCascadeService.ts(600,5): error TS6133: 'changeSpec' is declared but its value is never read.
src/services/CendiaCascadeService.ts(766,5): error TS6133: 'changeSpec' is declared but its value is never read.
src/services/CendiaCascadeService.ts(804,5): error TS6133: 'changeSpec' is declared but its value is never read.
src/services/CendiaCascadeService.ts(805,5): error TS6133: 'consequences' is declared but its value is never read.
src/services/CendiaCrucibleService.ts(44,21): error TS6196: 'SimulationVariable' is declared but never used.
src/services/CendiaCrucibleService.ts(44,41): error TS6196: 'SimulationConstraint' is declared but never used.
src/services/CendiaCrucibleService.ts(44,63): error TS6196: 'VariableCorrelation' is declared but never used.
src/services/CendiaCrucibleService.ts(47,54): error TS6196: 'UniverseSummary' is declared but never used.
src/services/CendiaCrucibleService.ts(48,41): error TS6196: 'EmployeeMetrics' is declared but never used.
src/services/CendiaCrucibleService.ts(48,58): error TS6196: 'FinancialSnapshot' is declared but never used.
src/services/CendiaCrucibleService.ts(1089,51): error TS6133: 'config' is declared but its value is never read.
src/services/CendiaCrucibleService.ts(1110,5): error TS6133: 'category' is declared but its value is never read.
src/services/CendiaCrucibleService.ts(1112,5): error TS6133: 'scenario' is declared but its value is never read.
src/services/CendiaCrucibleService.ts(1118,17): error TS6133: 'kpi' is declared but its value is never read.
src/services/CendiaCrucibleService.ts(1208,17): error TS6133: 'generateOutcomeSummary' is declared but its value is never read.
src/services/CendiaCrucibleService.ts(1492,12): error TS6133: 'organization' is declared but its value is never read.
src/services/CendiaCrucibleService.ts(2101,11): error TS6133: 'config' is declared but its value is never read.
src/services/CendiaDissentService.ts(26,1): error TS6133: 'ollama' is declared but its value is never read.
src/services/CendiaDissentService.ts(29,36): error TS2307: Cannot find module '../utils/serviceRecords.js' or its corresponding type declarations.
src/services/CendiaDissentService.ts(649,29): error TS6133: 'organizationId' is declared but its value is never read.
src/services/CendiaDissentService.ts(694,5): error TS6133: 'notes' is declared but its value is never read.
src/services/CendiaDissentService.ts(773,51): error TS6133: 'response' is declared but its value is never read.
src/services/CendiaEternalService.ts(704,11): error TS6133: 'activatedSuccessors' is declared but its value is never read.
src/services/CendiaHorizonService.ts(45,3): error TS6133: 'EdgeType' is declared but its value is never read.
src/services/CendiaHorizonService.ts(52,201): error TS6196: 'ForkOption' is declared but never used.
src/services/CendiaHorizonService.ts(52,235): error TS6196: 'SimulationMetadata' is declared but never used.
src/services/CendiaHorizonService.ts(53,36): error TS2307: Cannot find module '../utils/serviceRecords.js' or its corresponding type declarations.
src/services/CendiaHorizonService.ts(144,49): error TS2304: Cannot find name 'ImpactCategory'.
src/services/CendiaHorizonService.ts(145,45): error TS2304: Cannot find name 'ImpactCategory'.
src/services/CendiaHorizonService.ts(146,26): error TS2304: Cannot find name 'ImpactCategory'.
src/services/CendiaHorizonService.ts(146,72): error TS2304: Cannot find name 'ImpactCategory'.
src/services/CendiaHorizonService.ts(147,28): error TS2304: Cannot find name 'ImpactCategory'.
src/services/CendiaHorizonService.ts(147,76): error TS2304: Cannot find name 'ImpactCategory'.
src/services/CendiaHorizonService.ts(148,27): error TS2304: Cannot find name 'ImpactCategory'.
src/services/CendiaHorizonService.ts(148,71): error TS2304: Cannot find name 'ImpactCategory'.
src/services/CendiaHorizonService.ts(149,24): error TS2304: Cannot find name 'ImpactCategory'.
src/services/CendiaHorizonService.ts(149,66): error TS2304: Cannot find name 'ImpactCategory'.
src/services/CendiaHorizonService.ts(151,33): error TS2304: Cannot find name 'ImpactCategory'.
src/services/CendiaHorizonService.ts(154,47): error TS2304: Cannot find name 'Severity'.
src/services/CendiaHorizonService.ts(155,36): error TS2304: Cannot find name 'Severity'.
src/services/CendiaHorizonService.ts(156,36): error TS2304: Cannot find name 'Severity'.
src/services/CendiaHorizonService.ts(157,36): error TS2304: Cannot find name 'Severity'.
src/services/CendiaHorizonService.ts(158,36): error TS2304: Cannot find name 'Severity'.
src/services/CendiaHorizonService.ts(159,12): error TS2304: Cannot find name 'Severity'.
src/services/CendiaHorizonService.ts(162,48): error TS2304: Cannot find name 'Likelihood'.
src/services/CendiaHorizonService.ts(163,35): error TS2304: Cannot find name 'Likelihood'.
src/services/CendiaHorizonService.ts(164,35): error TS2304: Cannot find name 'Likelihood'.
src/services/CendiaHorizonService.ts(165,35): error TS2304: Cannot find name 'Likelihood'.
src/services/CendiaHorizonService.ts(166,35): error TS2304: Cannot find name 'Likelihood'.
src/services/CendiaHorizonService.ts(167,12): error TS2304: Cannot find name 'Likelihood'.
src/services/CendiaHorizonService.ts(170,40): error TS2304: Cannot find name 'Severity'.
src/services/CendiaHorizonService.ts(170,62): error TS2304: Cannot find name 'Likelihood'.
src/services/CendiaHorizonService.ts(171,23): error TS2304: Cannot find name 'Severity'.
src/services/CendiaHorizonService.ts(171,46): error TS2304: Cannot find name 'Severity'.
src/services/CendiaHorizonService.ts(171,69): error TS2304: Cannot find name 'Severity'.
src/services/CendiaHorizonService.ts(171,88): error TS2304: Cannot find name 'Severity'.
src/services/CendiaHorizonService.ts(171,112): error TS2304: Cannot find name 'Severity'.
src/services/CendiaHorizonService.ts(171,132): error TS2304: Cannot find name 'Severity'.
src/services/CendiaHorizonService.ts(172,23): error TS2304: Cannot find name 'Likelihood'.
src/services/CendiaHorizonService.ts(172,48): error TS2304: Cannot find name 'Likelihood'.
src/services/CendiaHorizonService.ts(172,70): error TS2304: Cannot find name 'Likelihood'.
src/services/CendiaHorizonService.ts(172,96): error TS2304: Cannot find name 'Likelihood'.
src/services/CendiaHorizonService.ts(172,122): error TS2304: Cannot find name 'Likelihood'.
src/services/CendiaHorizonService.ts(172,146): error TS2304: Cannot find name 'Likelihood'.
src/services/CendiaHorizonService.ts(203,31): error TS2304: Cannot find name 'ImpactCategory'.
src/services/CendiaHorizonService.ts(204,8): error TS2304: Cannot find name 'ImpactCategory'.
src/services/CendiaHorizonService.ts(205,8): error TS2304: Cannot find name 'ImpactCategory'.
src/services/CendiaHorizonService.ts(206,8): error TS2304: Cannot find name 'ImpactCategory'.
src/services/CendiaHorizonService.ts(207,8): error TS2304: Cannot find name 'ImpactCategory'.
src/services/CendiaHorizonService.ts(208,8): error TS2304: Cannot find name 'ImpactCategory'.
src/services/CendiaHorizonService.ts(209,8): error TS2304: Cannot find name 'ImpactCategory'.
src/services/CendiaHorizonService.ts(210,8): error TS2304: Cannot find name 'ImpactCategory'.
src/services/CendiaHorizonService.ts(215,26): error TS2304: Cannot find name 'Severity'.
src/services/CendiaHorizonService.ts(228,61): error TS2304: Cannot find name 'Severity'.
src/services/CendiaHorizonService.ts(235,67): error TS2304: Cannot find name 'Severity'.
src/services/CendiaHorizonService.ts(236,63): error TS2304: Cannot find name 'Severity'.
src/services/CendiaHorizonService.ts(350,45): error TS2304: Cannot find name 'AGENT_PERSPECTIVES'.
src/services/CendiaHorizonService.ts(350,69): error TS7006: Parameter 'a' implicitly has an 'any' type.
src/services/CendiaHorizonService.ts(375,12): error TS2304: Cannot find name 'HISTORICAL_ECHOES'.
src/services/CendiaHorizonService.ts(375,35): error TS7006: Parameter 'echo' implicitly has an 'any' type.
src/services/CendiaHorizonService.ts(383,16): error TS7006: Parameter 'e' implicitly has an 'any' type.
src/services/CendiaHorizonService.ts(384,14): error TS7006: Parameter 'a' implicitly has an 'any' type.
src/services/CendiaHorizonService.ts(384,17): error TS7006: Parameter 'b' implicitly has an 'any' type.
src/services/CendiaHorizonService.ts(401,24): error TS2304: Cannot find name 'UNIVERSE_TEMPLATES'.
src/services/CendiaHorizonService.ts(401,47): error TS2304: Cannot find name 'UNIVERSE_TEMPLATES'.
src/services/CendiaHorizonService.ts(421,22): error TS2304: Cannot find name 'UNIVERSE_TEMPLATES'.
src/services/CendiaHorizonService.ts(423,5): error TS6133: 'context' is declared but its value is never read.
src/services/CendiaHorizonService.ts(510,43): error TS6133: 'question' is declared but its value is never read.
src/services/CendiaHorizonService.ts(596,38): error TS6133: 'eventType' is declared but its value is never read.
src/services/CendiaHorizonService.ts(617,26): error TS2304: Cannot find name 'AGENT_PERSPECTIVES'.
src/services/CendiaHorizonService.ts(639,5): error TS6133: 'impact' is declared but its value is never read.
src/services/CendiaHorizonService.ts(963,23): error TS2304: Cannot find name 'UNIVERSE_TEMPLATES'.
src/services/CendiaHorizonService.ts(964,38): error TS7006: Parameter 'template' implicitly has an 'any' type.
src/services/CendiaHorizonService.ts(964,48): error TS7006: Parameter 'i' implicitly has an 'any' type.
src/services/CendiaHorizonService.ts(1035,31): error TS6133: 'organizationId' is declared but its value is never read.
src/services/CendiaHorizonService.ts(1299,40): error TS6133: 'organizationId' is declared but its value is never read.
src/services/CendiaNarrativesService.ts(22,36): error TS2307: Cannot find module '../utils/serviceRecords.js' or its corresponding type declarations.
src/services/CendiaOmniTranslateService.ts(158,102): error TS6196: 'DocumentTranslationRequest' is declared but never used.
src/services/CendiaOmniTranslateService.ts(158,130): error TS6196: 'GlossaryTerm' is declared but never used.
src/services/CendiaOmniTranslateService.ts(158,144): error TS6196: 'TranslationMemoryEntry' is declared but never used.
src/services/CendiaOmniTranslateService.ts(193,27): error TS2304: Cannot find name 'TRANSLATION_MODELS'.
src/services/CendiaOmniTranslateService.ts(204,14): error TS2304: Cannot find name 'TRANSLATION_MODELS'.
src/services/CendiaOmniTranslateService.ts(219,71): error TS2304: Cannot find name 'TRANSLATION_MODELS'.
src/services/CendiaOmniTranslateService.ts(223,78): error TS2304: Cannot find name 'TRANSLATION_MODELS'.
src/services/CendiaOmniTranslateService.ts(231,52): error TS2304: Cannot find name 'TRANSLATION_MODELS'.
src/services/CendiaOmniTranslateService.ts(237,38): error TS2304: Cannot find name 'TRANSLATION_MODELS'.
src/services/CendiaOmniTranslateService.ts(249,44): error TS2304: Cannot find name 'TRANSLATION_MODELS'.
src/services/CendiaOmniTranslateService.ts(251,76): error TS2304: Cannot find name 'TRANSLATION_MODELS'.
src/services/CendiaOmniTranslateService.ts(256,63): error TS2304: Cannot find name 'TRANSLATION_MODELS'.
src/services/CendiaOmniTranslateService.ts(265,9): error TS2304: Cannot find name 'TIER1_LANGUAGES'.
src/services/CendiaOmniTranslateService.ts(265,40): error TS2304: Cannot find name 'TIER1_LANGUAGES'.
src/services/CendiaOmniTranslateService.ts(266,14): error TS2304: Cannot find name 'TRANSLATION_MODELS'.
src/services/CendiaOmniTranslateService.ts(270,12): error TS2304: Cannot find name 'TRANSLATION_MODELS'.
src/services/CendiaOmniTranslateService.ts(277,13): error TS2304: Cannot find name 'TIER1_LANGUAGES'.
src/services/CendiaOmniTranslateService.ts(277,43): error TS2304: Cannot find name 'TIER2_LANGUAGES'.
src/services/CendiaOmniTranslateService.ts(298,67): error TS2537: Type '{ readonly en: { readonly name: "English"; readonly nativeName: "English"; readonly rtl: false; readonly region: "global"; }; readonly es: { readonly name: "Spanish"; readonly nativeName: "Espa├▒ol"; readonly rtl: false; readonly region: "europe"; }; ... 92 more ...; readonly fj: { ...; }; }' has no matching index signature for type 'number'.
src/services/CendiaOmniTranslateService.ts(298,67): error TS2537: Type '{ readonly en: { readonly name: "English"; readonly nativeName: "English"; readonly rtl: false; readonly region: "global"; }; readonly es: { readonly name: "Spanish"; readonly nativeName: "Espa├▒ol"; readonly rtl: false; readonly region: "europe"; }; ... 92 more ...; readonly fj: { ...; }; }' has no matching index signature for type 'string'.
src/services/CendiaOmniTranslateService.ts(298,67): error TS2538: Type 'symbol' cannot be used as an index type.
src/services/CendiaOmniTranslateService.ts(327,10): error TS7053: Element implicitly has an 'any' type because expression of type 'string | number | symbol' can't be used to index type '{ readonly en: { readonly name: "English"; readonly nativeName: "English"; readonly rtl: false; readonly region: "global"; }; readonly es: { readonly name: "Spanish"; readonly nativeName: "Espa├▒ol"; readonly rtl: false; readonly region: "europe"; }; ... 92 more ...; readonly fj: { ...; }; }'.
  No index signature with a parameter of type 'string' was found on type '{ readonly en: { readonly name: "English"; readonly nativeName: "English"; readonly rtl: false; readonly region: "global"; }; readonly es: { readonly name: "Spanish"; readonly nativeName: "Espa├▒ol"; readonly rtl: false; readonly region: "europe"; }; ... 92 more ...; readonly fj: { ...; }; }'.
src/services/CendiaOmniTranslateService.ts(328,55): error TS2731: Implicit conversion of a 'symbol' to a 'string' will fail at runtime. Consider wrapping this expression in 'String(...)'.
src/services/CendiaOmniTranslateService.ts(353,79): error TS2345: Argument of type 'string | number | symbol' is not assignable to parameter of type 'string'.
  Type 'number' is not assignable to type 'string'.
src/services/CendiaOmniTranslateService.ts(412,76): error TS2731: Implicit conversion of a 'symbol' to a 'string' will fail at runtime. Consider wrapping this expression in 'String(...)'.
src/services/CendiaOmniTranslateService.ts(412,96): error TS2731: Implicit conversion of a 'symbol' to a 'string' will fail at runtime. Consider wrapping this expression in 'String(...)'.
src/services/CendiaOmniTranslateService.ts(455,70): error TS2304: Cannot find name 'TRANSLATION_MODELS'.
src/services/CendiaOmniTranslateService.ts(459,11): error TS7053: Element implicitly has an 'any' type because expression of type 'string | number | symbol' can't be used to index type '{ readonly en: { readonly name: "English"; readonly nativeName: "English"; readonly rtl: false; readonly region: "global"; }; readonly es: { readonly name: "Spanish"; readonly nativeName: "Espa├▒ol"; readonly rtl: false; readonly region: "europe"; }; ... 92 more ...; readonly fj: { ...; }; }'.
  No index signature with a parameter of type 'string' was found on type '{ readonly en: { readonly name: "English"; readonly nativeName: "English"; readonly rtl: false; readonly region: "global"; }; readonly es: { readonly name: "Spanish"; readonly nativeName: "Espa├▒ol"; readonly rtl: false; readonly region: "europe"; }; ... 92 more ...; readonly fj: { ...; }; }'.
src/services/CendiaOmniTranslateService.ts(487,24): error TS7053: Element implicitly has an 'any' type because expression of type 'string | number | symbol' can't be used to index type '{ readonly en: { readonly name: "English"; readonly nativeName: "English"; readonly rtl: false; readonly region: "global"; }; readonly es: { readonly name: "Spanish"; readonly nativeName: "Espa├▒ol"; readonly rtl: false; readonly region: "europe"; }; ... 92 more ...; readonly fj: { ...; }; }'.
  No index signature with a parameter of type 'string' was found on type '{ readonly en: { readonly name: "English"; readonly nativeName: "English"; readonly rtl: false; readonly region: "global"; }; readonly es: { readonly name: "Spanish"; readonly nativeName: "Espa├▒ol"; readonly rtl: false; readonly region: "europe"; }; ... 92 more ...; readonly fj: { ...; }; }'.
src/services/CendiaOmniTranslateService.ts(488,24): error TS7053: Element implicitly has an 'any' type because expression of type 'string | number | symbol' can't be used to index type '{ readonly en: { readonly name: "English"; readonly nativeName: "English"; readonly rtl: false; readonly region: "global"; }; readonly es: { readonly name: "Spanish"; readonly nativeName: "Espa├▒ol"; readonly rtl: false; readonly region: "europe"; }; ... 92 more ...; readonly fj: { ...; }; }'.
  No index signature with a parameter of type 'string' was found on type '{ readonly en: { readonly name: "English"; readonly nativeName: "English"; readonly rtl: false; readonly region: "global"; }; readonly es: { readonly name: "Spanish"; readonly nativeName: "Espa├▒ol"; readonly rtl: false; readonly region: "europe"; }; ... 92 more ...; readonly fj: { ...; }; }'.
src/services/CendiaOmniTranslateService.ts(521,64): error TS2731: Implicit conversion of a 'symbol' to a 'string' will fail at runtime. Consider wrapping this expression in 'String(...)'.
src/services/CendiaOmniTranslateService.ts(521,84): error TS2731: Implicit conversion of a 'symbol' to a 'string' will fail at runtime. Consider wrapping this expression in 'String(...)'.
src/services/CendiaOmniTranslateService.ts(542,5): error TS6133: 'sourceLanguage' is declared but its value is never read.
src/services/CendiaOmniTranslateService.ts(545,24): error TS7053: Element implicitly has an 'any' type because expression of type 'string | number | symbol' can't be used to index type '{ readonly en: { readonly name: "English"; readonly nativeName: "English"; readonly rtl: false; readonly region: "global"; }; readonly es: { readonly name: "Spanish"; readonly nativeName: "Espa├▒ol"; readonly rtl: false; readonly region: "europe"; }; ... 92 more ...; readonly fj: { ...; }; }'.
  No index signature with a parameter of type 'string' was found on type '{ readonly en: { readonly name: "English"; readonly nativeName: "English"; readonly rtl: false; readonly region: "global"; }; readonly es: { readonly name: "Spanish"; readonly nativeName: "Espa├▒ol"; readonly rtl: false; readonly region: "europe"; }; ... 92 more ...; readonly fj: { ...; }; }'.
src/services/CendiaOmniTranslateService.ts(793,39): error TS2538: Type 'symbol' cannot be used as an index type.
src/services/CendiaOmniTranslateService.ts(832,48): error TS2538: Type 'symbol' cannot be used as an index type.
src/services/CendiaOmniTranslateService.ts(869,11): error TS2322: Type 'string | number | symbol' is not assignable to type 'string'.
  Type 'number' is not assignable to type 'string'.
src/services/CendiaOmniTranslateService.ts(871,11): error TS2322: Type 'string | number | symbol' is not assignable to type 'string'.
  Type 'number' is not assignable to type 'string'.
src/services/CendiaOrbitService.ts(37,36): error TS2307: Cannot find module '../utils/serviceRecords.js' or its corresponding type declarations.
src/services/CendiaOrbitService.ts(222,25): error TS6133: 'neo4jDriver' is declared but its value is never read.
src/services/CendiaPanopticonService.ts(39,36): error TS6196: 'Obligation' is declared but never used.
src/services/CendiaPanopticonService.ts(58,12): error TS2304: Cannot find name 'REGULATORY_FRAMEWORKS'.
src/services/CendiaPanopticonService.ts(65,12): error TS2304: Cannot find name 'REGULATORY_FRAMEWORKS'.
src/services/CendiaPanopticonService.ts(65,41): error TS7006: Parameter 'f' implicitly has an 'any' type.
src/services/CendiaPanopticonService.ts(74,12): error TS2304: Cannot find name 'REGULATORY_FRAMEWORKS'.
src/services/CendiaPanopticonService.ts(74,41): error TS7006: Parameter 'f' implicitly has an 'any' type.
src/services/CendiaPanopticonService.ts(88,23): error TS2304: Cannot find name 'REGULATORY_FRAMEWORKS'.
src/services/CendiaPanopticonService.ts(88,50): error TS7006: Parameter 'f' implicitly has an 'any' type.
src/services/CendiaPanopticonService.ts(175,5): error TS6133: 'parsedContent' is declared but its value is never read.
src/services/CendiaPanopticonService.ts(589,24): error TS2304: Cannot find name 'RegulatoryRadarEvent'.
src/services/CendiaPanopticonService.ts(632,30): error TS2304: Cannot find name 'REGULATORY_FRAMEWORKS'.
src/services/CendiaPanopticonService.ts(633,15): error TS7006: Parameter 'f' implicitly has an 'any' type.
src/services/CendiaPanopticonService.ts(634,12): error TS7006: Parameter 'f' implicitly has an 'any' type.
src/services/CendiaPanopticonService.ts(708,27): error TS2304: Cannot find name 'RegulatoryRadarEvent'.
src/services/CendiaPanopticonService.ts(709,35): error TS2304: Cannot find name 'RegulatoryRadarEvent'.
src/services/CendiaPanopticonService.ts(710,35): error TS2304: Cannot find name 'RegulatoryRadarEvent'.
src/services/CendiaPanopticonService.ts(729,11): error TS2304: Cannot find name 'DEFAULT_AI_SUMMARY'.
src/services/CendiaPanopticonService.ts(733,11): error TS2304: Cannot find name 'DEFAULT_AI_ACTIONS'.
src/services/CendiaPanopticonService.ts(736,58): error TS2304: Cannot find name 'DEFAULT_RADAR_EVENTS'.
src/services/CendiaPanopticonService.ts(743,17): error TS2304: Cannot find name 'DEFAULT_RADAR_EVENTS'.
src/services/CendiaPanopticonService.ts(744,18): error TS2304: Cannot find name 'DEFAULT_AI_SUMMARY'.
src/services/CendiaPanopticonService.ts(745,18): error TS2304: Cannot find name 'DEFAULT_AI_ACTIONS'.
src/services/CendiaPanopticonService.ts(800,34): error TS2304: Cannot find name 'REGULATORY_FRAMEWORKS'.
src/services/CendiaPanopticonService.ts(800,60): error TS7006: Parameter 'f' implicitly has an 'any' type.
src/services/CendiaPredictService.ts(46,15): error TS6196: 'DecisionOutcome' is declared but never used.
src/services/CendiaPredictService.ts(49,36): error TS2307: Cannot find module '../utils/serviceRecords.js' or its corresponding type declarations.
src/services/CendiaPredictService.ts(693,5): error TS6133: 'confidence' is declared but its value is never read.
src/services/CendiaPredictService.ts(1007,5): error TS6133: 'request' is declared but its value is never read.
src/services/CendiaRecallService.ts(36,36): error TS2307: Cannot find module '../utils/serviceRecords.js' or its corresponding type declarations.
src/services/CendiaResponsibilityService.ts(27,36): error TS2307: Cannot find module '../utils/serviceRecords.js' or its corresponding type declarations.
src/services/CendiaResponsibilityService.ts(834,26): error TS6133: 'organizationId' is declared but its value is never read.
src/services/CendiaRewindService.ts(44,32): error TS6196: 'LessonLearned' is declared but never used.
src/services/CendiaRewindService.ts(45,36): error TS2307: Cannot find module '../utils/serviceRecords.js' or its corresponding type declarations.
src/services/CendiaRewindService.ts(473,5): error TS6133: 'original' is declared but its value is never read.
src/services/CendiaRewindService.ts(494,5): error TS6133: 'original' is declared but its value is never read.
src/services/CendiaRewindService.ts(749,5): error TS6133: 'alternatives' is declared but its value is never read.
src/services/CendiaRewindService.ts(818,21): error TS6133: 'organizationId' is declared but its value is never read.
src/services/CendiaSentryService.ts(29,112): error TS6196: 'PIIMatch' is declared but never used.
src/services/CendiaSentryService.ts(29,122): error TS6196: 'BiasIndicator' is declared but never used.
src/services/CendiaSentryService.ts(313,18): error TS6133: 'match' is declared but its value is never read.
src/services/CendiaSentryService.ts(358,11): error TS6133: 'lowerContent' is declared but its value is never read.
src/services/CendiaSentryService.ts(407,5): error TS6133: 'context' is declared but its value is never read.
src/services/CendiaSentryService.ts(464,5): error TS6133: 'context' is declared but its value is never read.
src/services/CendiaSentryService.ts(529,5): error TS6133: 'context' is declared but its value is never read.
src/services/CendiaVoxService.ts(672,11): error TS6133: 'impacts' is declared but its value is never read.
src/services/ChronosAIService.ts(25,1): error TS6133: 'prisma' is declared but its value is never read.
src/services/ChronosAIService.ts(85,5): error TS6133: 'organizationId' is declared but its value is never read.
src/services/ChronosAIService.ts(145,5): error TS6133: 'organizationId' is declared but its value is never read.
src/services/ChronosAIService.ts(206,5): error TS6133: 'organizationId' is declared but its value is never read.
src/services/ChronosAIService.ts(265,5): error TS6133: 'organizationId' is declared but its value is never read.
src/services/ChronosAIService.ts(322,5): error TS6133: 'organizationId' is declared but its value is never read.
src/services/collapse/agents/AdversarialAbuseAgent.ts(70,13): error TS6133: 'context' is declared but its value is never read.
src/services/collapse/agents/EconomicInstabilityAgent.ts(28,50): error TS6133: 'PolicyContext' is declared but its value is never read.
src/services/collapse/agents/EconomicInstabilityAgent.ts(74,46): error TS6133: 'simulationHorizonMonths' is declared but its value is never read.
src/services/collapse/agents/MinorityHarmAgent.ts(29,50): error TS6133: 'PolicyContext' is declared but its value is never read.
src/services/collapse/agents/MinorityHarmAgent.ts(61,13): error TS6133: 'context' is declared but its value is never read.
src/services/collapse/agents/SystemicRiskAgent.ts(65,13): error TS6133: 'context' is declared but its value is never read.
src/services/collapse/agents/TemporalDecayAgent.ts(71,13): error TS6133: 'context' is declared but its value is never read.
src/services/collapse/CollapseOrchestrator.ts(44,3): error TS6133: 'PolicyContextData' is declared but its value is never read.
src/services/collapse/CollapseOrchestrator.ts(196,5): error TS6133: 'decisionText' is declared but its value is never read.
src/services/collapse/CollapseOrchestrator.ts(256,5): error TS6133: 'decisionId' is declared but its value is never read.
src/services/command/CendiaCommandPlatinumService.ts(33,36): error TS2307: Cannot find module '../utils/serviceRecords.js' or its corresponding type declarations.
src/services/command/CendiaCommandPlatinumService.ts(543,5): error TS6133: 'context' is declared but its value is never read.
src/services/command/CendiaCommandService.ts(28,36): error TS2307: Cannot find module '../utils/serviceRecords.js' or its corresponding type declarations.
src/services/compliance/ComplianceEnforcer.ts(21,38): error TS6133: 'ALL_FRAMEWORKS' is declared but its value is never read.
src/services/compliance/ComplianceEnforcer.ts(21,54): error TS6133: 'ComplianceFramework' is declared but its value is never read.
src/services/compliance/ComplianceService.ts(29,36): error TS2307: Cannot find module '../utils/serviceRecords.js' or its corresponding type declarations.
src/services/compliance/ComplianceService.ts(473,29): error TS6133: 'assessments' is declared but its value is never read.
src/services/compliance/ComplianceService.ts(501,27): error TS6133: 'assessments' is declared but its value is never read.
src/services/compliance/ComplianceService.ts(517,20): error TS6133: 'orgId' is declared but its value is never read.
src/services/compliance/ComplianceService.ts(579,26): error TS6133: 'assessments' is declared but its value is never read.
src/services/compliance/ComplianceService.ts(602,24): error TS6133: 'assessments' is declared but its value is never read.
src/services/compliance/ComplianceService.ts(643,23): error TS6133: 'assessments' is declared but its value is never read.
src/services/compliance/ComplianceService.ts(666,25): error TS6133: 'assessments' is declared but its value is never read.
src/services/compliance/ContinuousComplianceMonitorService.ts(212,11): error TS6133: 'monitoringActive' is declared but its value is never read.
src/services/compliance/ContinuousComplianceMonitorService.ts(479,29): error TS6133: 'prev' is declared but its value is never read.
src/services/compliance/RegulatorySandboxService.ts(30,36): error TS2307: Cannot find module '../utils/serviceRecords.js' or its corresponding type declarations.
src/services/connectors/index.ts(392,13): error TS6133: 'data' is declared but its value is never read.
src/services/connectors/index.ts(422,32): error TS6133: 'credentials' is declared but its value is never read.
src/services/connectors/index.ts(837,24): error TS6133: 'config' is declared but its value is never read.
src/services/connectors/index.ts(936,32): error TS6133: 'credentials' is declared but its value is never read.
src/services/connectors/index.ts(1133,24): error TS6133: 'config' is declared but its value is never read.
src/services/core/BaseService.ts(25,20): error TS6133: 'errors' is declared but its value is never read.
src/services/core/BaseService.ts(256,52): error TS6133: 'serviceName' is declared but its value is never read.
src/services/core/CendiaBrandService.ts(22,1): error TS6133: 'aiModelSelector' is declared but its value is never read.
src/services/core/CendiaBrandService.ts(23,36): error TS2307: Cannot find module '../utils/serviceRecords.js' or its corresponding type declarations.
src/services/core/CendiaFoundryService.ts(23,36): error TS2307: Cannot find module '../utils/serviceRecords.js' or its corresponding type declarations.
src/services/core/CendiaRevenueService.ts(23,36): error TS2307: Cannot find module '../utils/serviceRecords.js' or its corresponding type declarations.
src/services/core/CendiaRevenueService.ts(725,11): error TS6133: 'planOrder' is declared but its value is never read.
src/services/core/CendiaSupportService.ts(23,36): error TS2307: Cannot find module '../utils/serviceRecords.js' or its corresponding type declarations.
src/services/core/CendiaSupportService.ts(394,35): error TS6133: 'resolution' is declared but its value is never read.
src/services/core/CendiaWatchService.ts(23,10): error TS2300: Duplicate identifier 'loadServiceRecords'.
src/services/core/CendiaWatchService.ts(23,36): error TS2307: Cannot find module '../utils/serviceRecords.js' or its corresponding type declarations.
src/services/core/CendiaWatchService.ts(30,10): error TS2300: Duplicate identifier 'loadServiceRecords'.
src/services/core/CendiaWatchService.ts(30,36): error TS2307: Cannot find module '../utils/serviceRecords.js' or its corresponding type declarations.
src/services/core/CendiaWatchService.ts(35,33): error TS2304: Cannot find name 'DEFAULT_CONFIG'.
src/services/core/CendiaWatchService.ts(1110,11): error TS6133: 'sevenDaysAgo' is declared but its value is never read.
src/services/core/watch-types.ts(65,7): error TS6133: 'DEFAULT_CONFIG' is declared but its value is never read.
src/services/cortex/PillarAggregator.ts(23,36): error TS2307: Cannot find module '../utils/serviceRecords.js' or its corresponding type declarations.
src/services/council/AdversarialRedTeamService.ts(27,36): error TS2307: Cannot find module '../utils/serviceRecords.js' or its corresponding type declarations.
src/services/council/CouncilDecisionPacketService.ts(24,36): error TS2307: Cannot find module '../utils/serviceRecords.js' or its corresponding type declarations.
src/services/council/CouncilService.ts(37,36): error TS2307: Cannot find module '../utils/serviceRecords.js' or its corresponding type declarations.
src/services/council/CouncilService.ts(704,13): error TS6133: 'streamResult' is declared but its value is never read.
src/services/council/CouncilService.ts(1006,45): error TS6133: 'deliberationId' is declared but its value is never read.
src/services/council/CouncilService.ts(1079,5): error TS6133: 'deliberationId' is declared but its value is never read.
src/services/council/CouncilService.ts(1127,5): error TS6133: 'query' is declared but its value is never read.
src/services/council/CouncilWebSocket.ts(24,36): error TS2307: Cannot find module '../utils/serviceRecords.js' or its corresponding type declarations.
src/services/council/PromptVersioningService.ts(342,11): error TS6133: 'extractVariables' is declared but its value is never read.
src/services/crucible/EnterpriseRedTeamService.ts(33,10): error TS2300: Duplicate identifier 'loadServiceRecords'.
src/services/crucible/EnterpriseRedTeamService.ts(33,36): error TS2307: Cannot find module '../utils/serviceRecords.js' or its corresponding type declarations.
src/services/crucible/EnterpriseRedTeamService.ts(37,10): error TS2300: Duplicate identifier 'loadServiceRecords'.
src/services/crucible/EnterpriseRedTeamService.ts(37,36): error TS2307: Cannot find module '../utils/serviceRecords.js' or its corresponding type declarations.
src/services/crucible/EnterpriseRedTeamService.ts(582,11): error TS6133: '_categories' is declared but its value is never read.
src/services/crucible/MonteCarloEngine.ts(27,3): error TS6133: 'SimulationVariable' is declared but its value is never read.
src/services/crucible/MonteCarloEngine.ts(153,32): error TS6133: 'config' is declared but its value is never read.
src/services/crucible/MonteCarloEngine.ts(241,5): error TS6133: 'digitalTwin' is declared but its value is never read.
src/services/crucible/MonteCarloEngine.ts(269,5): error TS6133: 'digitalTwin' is declared but its value is never read.
src/services/crucible/MonteCarloEngine.ts(296,5): error TS6133: 'digitalTwin' is declared but its value is never read.
src/services/crucible/MonteCarloEngine.ts(419,5): error TS6133: 'kpiProjections' is declared but its value is never read.
src/services/crucible/RuntimeSecurityService.ts(33,36): error TS2307: Cannot find module '../utils/serviceRecords.js' or its corresponding type declarations.
src/services/crucible/RuntimeSecurityService.ts(154,17): error TS6133: 'event' is declared but its value is never read.
src/services/crucible/RuntimeSecurityService.ts(339,51): error TS6133: 'metadata' is declared but its value is never read.
src/services/dcii/CognitiveBiasMitigationService.ts(41,36): error TS2307: Cannot find module '../utils/serviceRecords.js' or its corresponding type declarations.
src/services/dcii/CognitiveBiasMitigationService.ts(225,17): error TS6133: 'ensureDbLoaded' is declared but its value is never read.
src/services/dcii/CrossJurisdictionConflictService.ts(38,36): error TS2307: Cannot find module '../utils/serviceRecords.js' or its corresponding type declarations.
src/services/dcii/CrossJurisdictionConflictService.ts(410,5): error TS6133: 'assessedBy' is declared but its value is never read.
src/services/dcii/DecisionSimilarityService.ts(38,36): error TS2307: Cannot find module '../utils/serviceRecords.js' or its corresponding type declarations.
src/services/dcii/DecisionSimilarityService.ts(339,80): error TS2322: Type 'unknown' is not assignable to type 'JsonNull | InputJsonValue'.
src/services/dcii/DecisionSimilarityService.ts(714,65): error TS6133: 'request' is declared but its value is never read.
src/services/dcii/iiss-types.ts(160,7): error TS6133: 'DIMENSION_DEFINITIONS' is declared but its value is never read.
src/services/dcii/iiss-types.ts(293,10): error TS6133: 'getScoreBand' is declared but its value is never read.
src/services/dcii/iiss-types.ts(301,10): error TS6133: 'getCertificationLevel' is declared but its value is never read.
src/services/dcii/iiss-types.ts(309,10): error TS6133: 'getBandColor' is declared but its value is never read.
src/services/dcii/iiss-types.ts(323,7): error TS6133: 'INDUSTRY_BENCHMARKS' is declared but its value is never read.
src/services/dcii/IISSService.ts(50,10): error TS2300: Duplicate identifier 'loadServiceRecords'.
src/services/dcii/IISSService.ts(50,36): error TS2307: Cannot find module '../utils/serviceRecords.js' or its corresponding type declarations.
src/services/dcii/IISSService.ts(56,25): error TS6196: 'CertificationLevel' is declared but never used.
src/services/dcii/IISSService.ts(56,45): error TS6196: 'AssessmentStatus' is declared but never used.
src/services/dcii/IISSService.ts(56,189): error TS6196: 'AssessmentAuditEntry' is declared but never used.
src/services/dcii/IISSService.ts(57,10): error TS2300: Duplicate identifier 'loadServiceRecords'.
src/services/dcii/IISSService.ts(57,36): error TS2307: Cannot find module '../utils/serviceRecords.js' or its corresponding type declarations.
src/services/dcii/IISSService.ts(66,11): error TS6133: 'dbReady' is declared but its value is never read.
src/services/dcii/IISSService.ts(192,18): error TS2304: Cannot find name 'getScoreBand'.
src/services/dcii/IISSService.ts(193,32): error TS2304: Cannot find name 'getCertificationLevel'.
src/services/dcii/IISSService.ts(264,12): error TS2304: Cannot find name 'DIMENSION_DEFINITIONS'.
src/services/dcii/IISSService.ts(264,38): error TS7006: Parameter 'def' implicitly has an 'any' type.
src/services/dcii/IISSService.ts(265,56): error TS7006: Parameter 'ctrl' implicitly has an 'any' type.
src/services/dcii/IISSService.ts(310,27): error TS6133: 'organizationId' is declared but its value is never read.
src/services/dcii/IISSService.ts(402,26): error TS6133: 'organizationId' is declared but its value is never read.
src/services/dcii/IISSService.ts(402,50): error TS6133: 'primitive' is declared but its value is never read.
src/services/dcii/IISSService.ts(510,64): error TS6133: 'overallScore' is declared but its value is never read.
src/services/dcii/IISSService.ts(551,51): error TS6133: 'band' is declared but its value is never read.
src/services/dcii/IISSService.ts(679,27): error TS2304: Cannot find name 'INDUSTRY_BENCHMARKS'.
src/services/dcii/IISSService.ts(680,52): error TS7006: Parameter 's' implicitly has an 'any' type.
src/services/dcii/IISSService.ts(680,55): error TS7006: Parameter 'b' implicitly has an 'any' type.
src/services/dcii/IISSService.ts(727,14): error TS2304: Cannot find name 'INDUSTRY_BENCHMARKS'.
src/services/dcii/IISSService.ts(727,41): error TS7006: Parameter 'b' implicitly has an 'any' type.
src/services/dcii/IISSService.ts(729,12): error TS2304: Cannot find name 'INDUSTRY_BENCHMARKS'.
src/services/dcii/IISSService.ts(733,12): error TS2304: Cannot find name 'DIMENSION_DEFINITIONS'.
src/services/dcii/IISSService.ts(733,38): error TS7006: Parameter 'd' implicitly has an 'any' type.
src/services/dcii/IISSService.ts(739,32): error TS7006: Parameter 'c' implicitly has an 'any' type.
src/services/dcii/IISSService.ts(745,64): error TS2304: Cannot find name 'getBandColor'.
src/services/dcii/IISSService.ts(746,68): error TS2304: Cannot find name 'getBandColor'.
src/services/dcii/IISSService.ts(747,68): error TS2304: Cannot find name 'getBandColor'.
src/services/dcii/IISSService.ts(748,67): error TS2304: Cannot find name 'getBandColor'.
src/services/dcii/IISSService.ts(749,70): error TS2304: Cannot find name 'getBandColor'.
src/services/dcii/NLPBiasDetectionService.ts(400,11): error TS6133: 'lowerText' is declared but its value is never read.
src/services/dcii/SyntheticMediaAuthService.ts(49,36): error TS2307: Cannot find module '../utils/serviceRecords.js' or its corresponding type declarations.
src/services/dcii/SyntheticMediaAuthService.ts(478,11): error TS6133: 'isVideo' is declared but its value is never read.
src/services/dcii/SyntheticMediaAuthService.ts(761,31): error TS6133: 'analyses' is declared but its value is never read.
src/services/dcii/SyntheticMediaAuthService.ts(908,11): error TS2353: Object literal may only specify known properties, and 'source' does not exist in type 'ProvenanceRecord'.
src/services/dcii/TimestampAuthorityService.ts(37,36): error TS2307: Cannot find module '../utils/serviceRecords.js' or its corresponding type declarations.
src/services/dcii/TimestampAuthorityService.ts(526,11): error TS6133: 'expectedInternalSig' is declared but its value is never read.
src/services/DecisionService.ts(27,36): error TS2307: Cannot find module '../utils/serviceRecords.js' or its corresponding type declarations.
src/services/DeliberationService.ts(25,36): error TS2307: Cannot find module '../utils/serviceRecords.js' or its corresponding type declarations.
src/services/DeliberationService.ts(115,11): error TS6133: 'socketServer' is declared but its value is never read.
src/services/document/pdf-types.ts(1,6): error TS6196: 'PDFDoc' is declared but never used.
src/services/document/pdf-types.ts(1,35): error TS2304: Cannot find name 'PDFDocument'.
src/services/document/pdf-types.ts(2,1): error TS6133: 'fs' is declared but its value is never read.
src/services/document/pdf-types.ts(3,1): error TS6133: 'path' is declared but its value is never read.
src/services/document/pdf-types.ts(4,1): error TS6133: 'crypto' is declared but its value is never read.
src/services/document/pdf-types.ts(5,1): error TS6133: 'logger' is declared but its value is never read.
src/services/document/PDFGeneratorService.ts(36,10): error TS2304: Cannot find name 'fs'.
src/services/document/PDFGeneratorService.ts(37,7): error TS2304: Cannot find name 'fs'.
src/services/document/PDFGeneratorService.ts(38,7): error TS2304: Cannot find name 'logger'.
src/services/document/PDFGeneratorService.ts(124,31): error TS2339: Property 'createHash' does not exist on type 'Crypto'.
src/services/document/PDFGeneratorService.ts(148,32): error TS2304: Cannot find name 'PDFDoc'.
src/services/document/PDFGeneratorService.ts(178,27): error TS2304: Cannot find name 'PDFDoc'.
src/services/document/PDFGeneratorService.ts(191,29): error TS2304: Cannot find name 'PDFDoc'.
src/services/document/PDFGeneratorService.ts(200,25): error TS2304: Cannot find name 'PDFDoc'.
src/services/document/PDFGeneratorService.ts(269,24): error TS2304: Cannot find name 'PDFDoc'.
src/services/document/PDFGeneratorService.ts(280,34): error TS2304: Cannot find name 'PDFDoc'.
src/services/document/PDFGeneratorService.ts(309,27): error TS2304: Cannot find name 'PDFDoc'.
src/services/document/PDFGeneratorService.ts(317,26): error TS2304: Cannot find name 'PDFDoc'.
src/services/document/PDFGeneratorService.ts(329,26): error TS2304: Cannot find name 'PDFDoc'.
src/services/document/PDFGeneratorService.ts(351,29): error TS2304: Cannot find name 'PDFDoc'.
src/services/document/PDFGeneratorService.ts(1065,31): error TS2339: Property 'createHash' does not exist on type 'Crypto'.
src/services/document/PDFGeneratorService.ts(1087,36): error TS2304: Cannot find name 'PDFDoc'.
src/services/document/PDFGeneratorService.ts(1540,22): error TS2304: Cannot find name 'path'.
src/services/document/PDFGeneratorService.ts(1542,11): error TS2304: Cannot find name 'fs'.
src/services/document/PDFGeneratorService.ts(1543,5): error TS2304: Cannot find name 'logger'.
src/services/document/TikaService.ts(23,1): error TS6133: 'FormData' is declared but its value is never read.
src/services/document/TikaService.ts(118,5): error TS6133: 'fileName' is declared but its value is never read.
src/services/DruidEventStream.ts(27,36): error TS2307: Cannot find module '../utils/serviceRecords.js' or its corresponding type declarations.
src/services/echoService.ts(23,36): error TS2307: Cannot find module '../utils/serviceRecords.js' or its corresponding type declarations.
src/services/echoService.ts(466,11): error TS6133: 'deliberation' is declared but its value is never read.
src/services/echoService.ts(508,11): error TS6133: 'deliberation' is declared but its value is never read.
src/services/echoService.ts(607,5): error TS6133: 'outcomeData' is declared but its value is never read.
src/services/echoService.ts(1135,17): error TS6133: 'sourceConfig' is declared but its value is never read.
src/services/email.ts(20,1): error TS6133: 'config' is declared but its value is never read.
src/services/EnhancedLLMService.ts(21,17): error TS6133: 'pubsub' is declared but its value is never read.
src/services/EnhancedLLMService.ts(24,36): error TS2307: Cannot find module '../utils/serviceRecords.js' or its corresponding type declarations.
src/services/EnhancedLLMService.ts(512,22): error TS6133: 'query' is declared but its value is never read.
src/services/EnhancedLLMService.ts(708,11): error TS6133: 'startTime' is declared but its value is never read.
src/services/enterprise/CendiaAcademyService.ts(414,49): error TS6133: 'difficulty' is declared but its value is never read.
src/services/enterprise/CendiaAcademyService.ts(911,11): error TS6133: 'thirtyDays' is declared but its value is never read.
src/services/enterprise/CendiaFactoryService.ts(849,54): error TS6133: 'p' is declared but its value is never read.
src/services/enterprise/CendiaFactoryService.ts(1004,53): error TS6133: 'b' is declared but its value is never read.
src/services/enterprise/CendiaGuardianService.ts(521,5): error TS6133: 'engagement' is declared but its value is never read.
src/services/enterprise/CendiaHabitatService.ts(901,11): error TS6133: 'buildings' is declared but its value is never read.
src/services/enterprise/CendiaNexusService.ts(826,94): error TS6133: 'signature' is declared but its value is never read.
src/services/enterprise/CendiaRegentService.ts(22,36): error TS2307: Cannot find module '../utils/serviceRecords.js' or its corresponding type declarations.
src/services/enterprise/CendiaResonanceService.ts(29,38): error TS6196: 'Audience' is declared but never used.
src/services/enterprise/CendiaResonanceService.ts(29,65): error TS6196: 'MessageSentiment' is declared but never used.
src/services/enterprise/CendiaResonanceService.ts(29,83): error TS6196: 'CommunicationChannel' is declared but never used.
src/services/enterprise/CendiaResonanceService.ts(29,105): error TS6196: 'CampaignMilestone' is declared but never used.
src/services/enterprise/CendiaResonanceService.ts(29,155): error TS6196: 'BeliefDriver' is declared but never used.
src/services/enterprise/CendiaResonanceService.ts(29,182): error TS6196: 'LeakSignature' is declared but never used.
src/services/enterprise/CendiaResonanceService.ts(29,213): error TS6196: 'CrisisStakeholder' is declared but never used.
src/services/enterprise/CendiaResonanceService.ts(29,232): error TS6196: 'CrisisEvent' is declared but never used.
src/services/enterprise/CendiaResonanceService.ts(29,277): error TS6196: 'SocialMonitoring' is declared but never used.
src/services/enterprise/CendiaResonanceService.ts(29,295): error TS6196: 'InternalCrisisComms' is declared but never used.
src/services/enterprise/CendiaResonanceService.ts(29,335): error TS6196: 'NarrativeRecommendation' is declared but never used.
src/services/enterprise/CendiaResonanceService.ts(312,84): error TS6133: 'description' is declared but its value is never read.
src/services/enterprise/CendiaTransitService.ts(29,27): error TS6196: 'RiskCategory' is declared but never used.
src/services/enterprise/CendiaTransitService.ts(29,187): error TS6196: 'CommunicationProtocol' is declared but never used.
src/services/enterprise/CendiaTransitService.ts(29,235): error TS6196: 'ExtractionRoute' is declared but never used.
src/services/enterprise/CendiaTransitService.ts(29,252): error TS6196: 'SecurityPersonnel' is declared but never used.
src/services/enterprise/CendiaTransitService.ts(29,271): error TS6196: 'EmergencyContact' is declared but never used.
src/services/enterprise/CendiaTransitService.ts(29,305): error TS6196: 'IncidentEvent' is declared but never used.
src/services/enterprise/CendiaTransitService.ts(285,66): error TS6133: 'request' is declared but its value is never read.
src/services/enterprise/CendiaTransitService.ts(334,60): error TS6133: 'request' is declared but its value is never read.
src/services/enterprise/SSOService.ts(351,41): error TS6133: 'code' is declared but its value is never read.
src/services/enterprise/VerticalConfigService.ts(24,36): error TS2307: Cannot find module '../utils/serviceRecords.js' or its corresponding type declarations.
src/services/evidence/ComplianceDashboardService.ts(28,37): error TS6133: 'LedgerEntry' is declared but its value is never read.
src/services/evidence/ComplianceDashboardService.ts(29,36): error TS2307: Cannot find module '../utils/serviceRecords.js' or its corresponding type declarations.
src/services/evidence/ComplianceDashboardService.ts(788,58): error TS6133: 'framework' is declared but its value is never read.
src/services/evidence/EvidenceExportService.ts(31,50): error TS6133: 'TestSuiteSummary' is declared but its value is never read.
src/services/evidence/EvidenceExportService.ts(32,35): error TS6133: 'SignedReport' is declared but its value is never read.
src/services/evidence/EvidenceExportService.ts(33,38): error TS6133: 'ComplianceScore' is declared but its value is never read.
src/services/evidence/EvidenceExportService.ts(33,55): error TS6133: 'GapAnalysis' is declared but its value is never read.
src/services/evidence/EvidenceExportService.ts(34,36): error TS2307: Cannot find module '../utils/serviceRecords.js' or its corresponding type declarations.
src/services/evidence/EvidenceExportService.ts(438,5): error TS6133: 'request' is declared but its value is never read.
src/services/evidence/EvidenceExportService.ts(510,5): error TS6133: 'request' is declared but its value is never read.
src/services/evidence/EvidenceExportService.ts(808,35): error TS6133: 'request' is declared but its value is never read.
src/services/evidence/EvidenceExportService.ts(846,5): error TS6133: 'request' is declared but its value is never read.
src/services/evidence/EvidenceVaultService.ts(33,36): error TS2307: Cannot find module '../utils/serviceRecords.js' or its corresponding type declarations.
src/services/evidence/RegulatorsReceiptService.ts(432,42): error TS6133: 'deliberationId' is declared but its value is never read.
src/services/evidence/RegulatorsReceiptService.ts(523,35): error TS6133: 'deliberationId' is declared but its value is never read.
src/services/evidence/RegulatorsReceiptService.ts(646,11): error TS6133: 'orgId' is declared but its value is never read.
src/services/evidence/SignedTestReportService.ts(32,36): error TS2307: Cannot find module '../utils/serviceRecords.js' or its corresponding type declarations.
src/services/evidence/TestEvidenceLedgerService.ts(34,36): error TS2307: Cannot find module '../utils/serviceRecords.js' or its corresponding type declarations.
src/services/evidence/TestEvidenceLedgerService.ts(757,39): error TS6133: 'hash' is declared but its value is never read.
src/services/gateway/CendiaGatewayService.ts(27,64): error TS6133: 'PIIType' is declared but its value is never read.
src/services/gateway/CendiaGatewayService.ts(36,126): error TS6196: 'GovernanceReceipt' is declared but never used.
src/services/gateway/CendiaGatewayService.ts(49,21): error TS2304: Cannot find name 'AggregateCounters'.
src/services/gateway/CendiaGatewayService.ts(49,41): error TS2304: Cannot find name 'emptyCounters'.
src/services/gateway/CendiaGatewayService.ts(64,28): error TS2304: Cannot find name 'DEFAULT_PROVIDERS'.
src/services/gateway/CendiaGatewayService.ts(71,67): error TS2304: Cannot find name 'FLUSH_INTERVAL_MS'.
src/services/gateway/CendiaGatewayService.ts(73,71): error TS2304: Cannot find name 'RING_BUFFER_SIZE'.
src/services/gateway/CendiaGatewayService.ts(73,99): error TS2304: Cannot find name 'FLUSH_INTERVAL_MS'.
src/services/gateway/CendiaGatewayService.ts(73,124): error TS2304: Cannot find name 'FLUSH_BATCH_SIZE'.
src/services/gateway/CendiaGatewayService.ts(299,5): error TS6133: 'providerId' is declared but its value is never read.
src/services/gateway/CendiaGatewayService.ts(495,29): error TS6133: 'provider' is declared but its value is never read.
src/services/gateway/CendiaGatewayService.ts(516,31): error TS6133: 'provider' is declared but its value is never read.
src/services/gateway/CendiaGatewayService.ts(539,24): error TS6133: 'provider' is declared but its value is never read.
src/services/gateway/CendiaGatewayService.ts(549,29): error TS6133: 'provider' is declared but its value is never read.
src/services/gateway/CendiaGatewayService.ts(573,21): error TS2304: Cannot find name 'MODEL_PRICING'.
src/services/gateway/CendiaGatewayService.ts(718,27): error TS2304: Cannot find name 'hashData'.
src/services/gateway/CendiaGatewayService.ts(719,23): error TS2304: Cannot find name 'signData'.
src/services/gateway/CendiaGatewayService.ts(744,34): error TS2304: Cannot find name 'RING_BUFFER_SIZE'.
src/services/gateway/CendiaGatewayService.ts(753,47): error TS2304: Cannot find name 'RING_BUFFER_SIZE'.
src/services/gateway/CendiaGatewayService.ts(761,36): error TS2304: Cannot find name 'MERKLE_LEAF_LIMIT'.
src/services/gateway/CendiaGatewayService.ts(770,37): error TS2304: Cannot find name 'FLUSH_BATCH_SIZE'.
src/services/gateway/CendiaGatewayService.ts(829,47): error TS2304: Cannot find name 'FLUSH_BATCH_SIZE'.
src/services/gateway/CendiaGatewayService.ts(869,38): error TS2304: Cannot find name 'RING_BUFFER_SIZE'.
src/services/gateway/CendiaGatewayService.ts(929,26): error TS2304: Cannot find name 'hashData'.
src/services/gateway/CendiaGatewayService.ts(936,31): error TS2304: Cannot find name 'signData'.
src/services/gateway/CendiaGatewayService.ts(963,9): error TS2322: Type '{ type: string; count: unknown; action: string; }[]' is not assignable to type '{ type: string; count: number; action: string; }[]'.
  Type '{ type: string; count: unknown; action: string; }' is not assignable to type '{ type: string; count: number; action: string; }'.
    Types of property 'count' are incompatible.
      Type 'unknown' is not assignable to type 'number'.
src/services/gateway/CendiaGatewayService.ts(1013,22): error TS2304: Cannot find name 'hashData'.
src/services/gateway/CendiaGatewayService.ts(1043,7): error TS2322: Type '{ type: string; count: unknown; }[]' is not assignable to type '{ type: string; count: number; }[]'.
  Type '{ type: string; count: unknown; }' is not assignable to type '{ type: string; count: number; }'.
    Types of property 'count' are incompatible.
      Type 'unknown' is not assignable to type 'number'.
src/services/gateway/CendiaGatewayService.ts(1045,25): error TS18046: 'b.count' is of type 'unknown'.
src/services/gateway/CendiaGatewayService.ts(1045,35): error TS18046: 'a.count' is of type 'unknown'.
src/services/gateway/gateway-svc-types.ts(18,18): error TS2304: Cannot find name 'PIIType'.
src/services/gateway/gateway-svc-types.ts(19,19): error TS2304: Cannot find name 'PIIType'.
src/services/gateway/gateway-svc-types.ts(56,12): error TS2304: Cannot find name 'PIIScanResult'.
src/services/gateway/gateway-svc-types.ts(167,7): error TS6133: 'DEFAULT_PROVIDERS' is declared but its value is never read.
src/services/gateway/gateway-svc-types.ts(261,7): error TS6133: 'MODEL_PRICING' is declared but its value is never read.
src/services/gateway/gateway-svc-types.ts(304,74): error TS2339: Property 'randomBytes' does not exist on type 'Crypto'.
src/services/gateway/gateway-svc-types.ts(306,10): error TS6133: 'signData' is declared but its value is never read.
src/services/gateway/gateway-svc-types.ts(307,17): error TS2339: Property 'createHmac' does not exist on type 'Crypto'.
src/services/gateway/gateway-svc-types.ts(310,10): error TS6133: 'hashData' is declared but its value is never read.
src/services/gateway/gateway-svc-types.ts(311,17): error TS2339: Property 'createHash' does not exist on type 'Crypto'.
src/services/gateway/gateway-svc-types.ts(319,7): error TS6133: 'RING_BUFFER_SIZE' is declared but its value is never read.
src/services/gateway/gateway-svc-types.ts(322,7): error TS6133: 'FLUSH_BATCH_SIZE' is declared but its value is never read.
src/services/gateway/gateway-svc-types.ts(323,7): error TS6133: 'FLUSH_INTERVAL_MS' is declared but its value is never read.
src/services/gateway/gateway-svc-types.ts(327,7): error TS6133: 'MERKLE_LEAF_LIMIT' is declared but its value is never read.
src/services/gateway/gateway-svc-types.ts(349,10): error TS6133: 'emptyCounters' is declared but its value is never read.
src/services/gateway/ModelRouter.ts(348,24): error TS6133: 'provider' is declared but its value is never read.
src/services/gateway/PIIDetector.ts(121,7): error TS6133: 'NAME_TITLES' is declared but its value is never read.
src/services/gateway/RateLimiter.ts(203,11): error TS6133: 'effectiveMax' is declared but its value is never read.
src/services/gnosisService.ts(27,36): error TS2307: Cannot find module '../utils/serviceRecords.js' or its corresponding type declarations.
src/services/gnosisService.ts(487,5): error TS6133: 'userId' is declared but its value is never read.
src/services/gnosisService.ts(683,58): error TS6133: 'orgId' is declared but its value is never read.
src/services/gnosisService.ts(818,5): error TS6133: 'userId' is declared but its value is never read.
src/services/gnosisService.ts(855,5): error TS6133: 'questions' is declared but its value is never read.
src/services/gnosisService.ts(856,5): error TS6133: 'answers' is declared but its value is never read.
src/services/governance/AIConstitutionalCourtService.ts(32,36): error TS2307: Cannot find module '../utils/serviceRecords.js' or its corresponding type declarations.
src/services/gpu/ConfidentialComputeService.ts(138,11): error TS6133: 'evidenceDir' is declared but its value is never read.
src/services/horizon-types.ts(219,13): error TS2304: Cannot find name 'NodeType'.
src/services/horizon-types.ts(284,10): error TS2304: Cannot find name 'NodeType'.
src/services/horizon-types.ts(284,20): error TS2304: Cannot find name 'EdgeType'.
src/services/horizon-types.ts(284,30): error TS2304: Cannot find name 'OrbitNode'.
src/services/horizon-types.ts(284,41): error TS2304: Cannot find name 'OrbitEdge'.
src/services/horizon-types.ts(291,7): error TS6133: 'HISTORICAL_ECHOES' is declared but its value is never read.
src/services/horizon-types.ts(410,7): error TS6133: 'AGENT_PERSPECTIVES' is declared but its value is never read.
src/services/horizon-types.ts(424,7): error TS6133: 'UNIVERSE_TEMPLATES' is declared but its value is never read.
src/services/HRIntegrationService.ts(20,1): error TS6133: 'config' is declared but its value is never read.
src/services/HRIntegrationService.ts(492,15): error TS6133: 'balance' is declared but its value is never read.
src/services/i18n/TranslationService.ts(31,7): error TS6133: 'CACHE_TTL' is declared but its value is never read.
src/services/insurance/AIInsuranceService.ts(31,36): error TS2307: Cannot find module '../utils/serviceRecords.js' or its corresponding type declarations.
src/services/insurance/AIInsuranceService.ts(721,25): error TS6133: 'coverageType' is declared but its value is never read.
src/services/kafka/KafkaService.ts(34,24): error TS6133: 'getAllTopicNames' is declared but its value is never read.
src/services/kafka/KafkaService.ts(34,47): error TS6133: 'TopicConfig' is declared but its value is never read.
src/services/legal/CendiaBridgeService.ts(533,34): error TS6133: 'filters' is declared but its value is never read.
src/services/legal/CendiaBridgeService.ts(562,56): error TS6133: 'filters' is declared but its value is never read.
src/services/legal/CendiaVetoService.ts(32,36): error TS2307: Cannot find module '../utils/serviceRecords.js' or its corresponding type declarations.
src/services/legal/LegalResearchService.ts(32,36): error TS2307: Cannot find module '../utils/serviceRecords.js' or its corresponding type declarations.
src/services/licensing.service.ts(31,36): error TS2307: Cannot find module '../utils/serviceRecords.js' or its corresponding type declarations.
src/services/llm/EmbeddingService.ts(32,36): error TS2307: Cannot find module '../utils/serviceRecords.js' or its corresponding type declarations.
src/services/MarketSalaryService.ts(108,11): error TS6133: 'apiKey' is declared but its value is never read.
src/services/metrics/ROIMetricsService.ts(22,36): error TS2307: Cannot find module '../utils/serviceRecords.js' or its corresponding type declarations.
src/services/NotificationService.ts(248,19): error TS6133: 'keys' is declared but its value is never read.
src/services/omnitranslate-types.ts(3,50): error TS2304: Cannot find name 'OMNITRANSLATE_LANGUAGES'.
src/services/omnitranslate-types.ts(86,7): error TS6133: 'TRANSLATION_MODELS' is declared but its value is never read.
src/services/omnitranslate-types.ts(98,7): error TS6133: 'TIER1_LANGUAGES' is declared but its value is never read.
src/services/omnitranslate-types.ts(103,7): error TS6133: 'TIER2_LANGUAGES' is declared but its value is never read.
src/services/opa/OPAService.ts(327,13): error TS6133: 'reasons' is declared but its value is never read.
src/services/panopticon-svc-types.ts(66,7): error TS6133: 'DEFAULT_RADAR_EVENTS' is declared but its value is never read.
src/services/panopticon-svc-types.ts(113,7): error TS6133: 'DEFAULT_AI_SUMMARY' is declared but its value is never read.
src/services/panopticon-svc-types.ts(118,7): error TS6133: 'DEFAULT_AI_ACTIONS' is declared but its value is never read.
src/services/PantheonMemoryService.ts(22,36): error TS2307: Cannot find module '../utils/serviceRecords.js' or its corresponding type declarations.
src/services/pillars/AgentsService.ts(22,36): error TS2307: Cannot find module '../utils/serviceRecords.js' or its corresponding type declarations.
src/services/pillars/AgentsService.ts(255,11): error TS6133: 'totalQueries' is declared but its value is never read.
src/services/pillars/FlowService.ts(22,36): error TS2307: Cannot find module '../utils/serviceRecords.js' or its corresponding type declarations.
src/services/pillars/FlowService.ts(23,7): error TS6133: 'prisma' is declared but its value is never read.
src/services/pillars/HealthService.ts(121,11): error TS6133: 'healthCheck' is declared but its value is never read.
src/services/pillars/index.ts(60,9): error TS6133: 'hasMetrics' is declared but its value is never read.
src/services/pillars/index.ts(61,9): error TS6133: 'hasAgents' is declared but its value is never read.
src/services/pillars/LineageService.ts(604,11): error TS6133: 'graph' is declared but its value is never read.
src/services/pillars/PredictService.ts(106,11): error TS6133: 'ollamaEndpoint' is declared but its value is never read.
src/services/pillars/PredictService.ts(207,11): error TS6133: 'inputHash' is declared but its value is never read.
src/services/pillars/PredictService.ts(316,21): error TS6133: 'forecastId' is declared but its value is never read.
src/services/PostDeliberationService.ts(23,36): error TS2307: Cannot find module '../utils/serviceRecords.js' or its corresponding type declarations.
src/services/queue.service.ts(25,36): error TS2307: Cannot find module '../utils/serviceRecords.js' or its corresponding type declarations.
src/services/queue.service.ts(206,17): error TS6133: 'type' is declared but its value is never read.
src/services/queue/AgentQueueService.ts(28,36): error TS2307: Cannot find module '../utils/serviceRecords.js' or its corresponding type declarations.
src/services/queue/AgentQueueService.ts(217,17): error TS6133: 'name' is declared but its value is never read.
src/services/queue/AgentQueueService.ts(485,17): error TS6133: 'name' is declared but its value is never read.
src/services/redteamService.ts(26,36): error TS2307: Cannot find module '../utils/serviceRecords.js' or its corresponding type declarations.
src/services/redteamService.ts(184,13): error TS6133: 'org' is declared but its value is never read.
src/services/redteamService.ts(560,5): error TS6133: 'organizationId' is declared but its value is never read.
src/services/redteamService.ts(649,5): error TS6133: 'policies' is declared but its value is never read.
src/services/redteamService.ts(650,5): error TS6133: 'agents' is declared but its value is never read.
src/services/redteamService.ts(668,11): error TS6133: 'agents' is declared but its value is never read.
src/services/redteamService.ts(756,34): error TS6133: 'patch' is declared but its value is never read.
src/services/redteamService.ts(756,46): error TS6133: 'orgId' is declared but its value is never read.
src/services/redteamService.ts(761,34): error TS6133: 'patch' is declared but its value is never read.
src/services/redteamService.ts(761,46): error TS6133: 'orgId' is declared but its value is never read.
src/services/redteamService.ts(765,38): error TS6133: 'patch' is declared but its value is never read.
src/services/redteamService.ts(765,50): error TS6133: 'orgId' is declared but its value is never read.
src/services/redteamService.ts(769,38): error TS6133: 'patch' is declared but its value is never read.
src/services/redteamService.ts(769,50): error TS6133: 'orgId' is declared but its value is never read.
src/services/redteamService.ts(773,36): error TS6133: 'patch' is declared but its value is never read.
src/services/redteamService.ts(773,48): error TS6133: 'orgId' is declared but its value is never read.
src/services/SampleDataService.ts(19,30): error TS6133: 'deterministicInt' is declared but its value is never read.
src/services/SampleDataService.ts(19,48): error TS6133: 'deterministicPercentage' is declared but its value is never read.
src/services/SampleDataService.ts(19,73): error TS6133: 'deterministicPick' is declared but its value is never read.
src/services/scge/EventInjectionService.ts(32,36): error TS2307: Cannot find module '../utils/serviceRecords.js' or its corresponding type declarations.
src/services/scge/PolicyInjectionService.ts(35,36): error TS2307: Cannot find module '../utils/serviceRecords.js' or its corresponding type declarations.
src/services/scge/SCGEOrchestrator.ts(47,1): error TS6133: 'logger' is declared but its value is never read.
src/services/scge/StressorLibraryService.ts(34,1): error TS6133: 'logger' is declared but its value is never read.
src/services/scge/SyntheticPopulationService.ts(39,1): error TS6133: 'logger' is declared but its value is never read.
src/services/scge/SyntheticPopulationService.ts(157,3): error TS6133: 'segment' is declared but its value is never read.
src/services/scheduler/EnterpriseSchedulerService.ts(23,36): error TS2307: Cannot find module '../utils/serviceRecords.js' or its corresponding type declarations.
src/services/scheduling/CarbonAwareSchedulerService.ts(29,36): error TS2307: Cannot find module '../utils/serviceRecords.js' or its corresponding type declarations.
src/services/schema/SchemaMapper.ts(35,36): error TS2307: Cannot find module '../utils/serviceRecords.js' or its corresponding type declarations.
src/services/security/groth16/Groth16ProofService.ts(49,36): error TS2307: Cannot find module '../utils/serviceRecords.js' or its corresponding type declarations.
src/services/security/groth16/Groth16ProofService.ts(396,11): error TS6133: 'writeField' is declared but its value is never read.
src/services/security/ImmutableAuditLedger.ts(63,7): error TS6133: 'HASH_ALGORITHM' is declared but its value is never read.
src/services/security/ImmutableAuditLedger.ts(66,7): error TS6133: 'HMAC_ALGORITHM' is declared but its value is never read.
src/services/security/ImmutableAuditLedger.ts(250,11): error TS6133: 'lastVerifiedAt' is declared but its value is never read.
src/services/security/ImmutableAuditLedger.ts(256,20): error TS6133: 'initializedAt' is declared but its value is never read.
src/services/security/KeyManagementService.ts(25,36): error TS2307: Cannot find module '../utils/serviceRecords.js' or its corresponding type declarations.
src/services/security/KeyManagementService.ts(411,11): error TS6133: 'keyName' is declared but its value is never read.
src/services/security/KeyManagementService.ts(530,74): error TS6133: 'keyId' is declared but its value is never read.
src/services/security/KeyManagementService.ts(647,56): error TS6133: 'keyId' is declared but its value is never read.
src/services/security/KeyManagementService.ts(789,62): error TS6133: 'keyId' is declared but its value is never read.
src/services/security/KeyManagementService.ts(884,47): error TS6133: 'options' is declared but its value is never read.
src/services/security/MFAService.ts(26,11): error TS6196: 'UserWithMFA' is declared but never used.
src/services/security/PostQuantumKMSService.ts(44,36): error TS2307: Cannot find module '../utils/serviceRecords.js' or its corresponding type declarations.
src/services/security/PostQuantumKMSService.ts(511,24): error TS6133: 'rsaPub' is declared but its value is never read.
src/services/security/SIEMIntegration.ts(31,36): error TS2307: Cannot find module '../utils/serviceRecords.js' or its corresponding type declarations.
src/services/security/ZeroKnowledgeProofService.ts(49,36): error TS2307: Cannot find module '../utils/serviceRecords.js' or its corresponding type declarations.
src/services/sgas/AdversarialAgentsService.ts(61,36): error TS2307: Cannot find module '../utils/serviceRecords.js' or its corresponding type declarations.
src/services/sgas/AdversarialAgentsService.ts(617,5): error TS6133: 'proposal' is declared but its value is never read.
src/services/sgas/AdversarialAgentsService.ts(666,5): error TS6133: 'proposal' is declared but its value is never read.
src/services/sgas/DecisionAgentsService.ts(27,1): error TS6133: 'crypto' is declared but its value is never read.
src/services/sgas/DecisionAgentsService.ts(43,3): error TS6133: 'ExecutionMetadata' is declared but its value is never read.
src/services/sgas/DecisionAgentsService.ts(44,3): error TS6133: 'ResourceUsage' is declared but its value is never read.
src/services/sgas/DecisionAgentsService.ts(49,3): error TS6133: 'BoundedLLMConfig' is declared but its value is never read.
src/services/sgas/DecisionAgentsService.ts(56,36): error TS2307: Cannot find module '../utils/serviceRecords.js' or its corresponding type declarations.
src/services/sgas/DecisionAgentsService.ts(530,5): error TS6133: 'guardrail' is declared but its value is never read.
src/services/sgas/DecisionAgentsService.ts(541,5): error TS6133: 'guardrail' is declared but its value is never read.
src/services/sgas/DecisionAgentsService.ts(794,5): error TS6133: 'objective' is declared but its value is never read.
src/services/sgas/InstitutionalAgentsService.ts(52,3): error TS6133: 'ExecutionMetadata' is declared but its value is never read.
src/services/sgas/InstitutionalAgentsService.ts(58,36): error TS2307: Cannot find module '../utils/serviceRecords.js' or its corresponding type declarations.
src/services/sgas/InstitutionalAgentsService.ts(841,5): error TS6133: 'agent' is declared but its value is never read.
src/services/sgas/InstitutionalAgentsService.ts(959,5): error TS6133: 'agent' is declared but its value is never read.
src/services/sgas/InstitutionalAgentsService.ts(998,5): error TS6133: 'violations' is declared but its value is never read.
src/services/sgas/MetaGovernanceAgentsService.ts(51,3): error TS6133: 'RiskFactor' is declared but its value is never read.
src/services/sgas/MetaGovernanceAgentsService.ts(52,3): error TS6133: 'RiskComparison' is declared but its value is never read.
src/services/sgas/MetaGovernanceAgentsService.ts(60,36): error TS2307: Cannot find module '../../utils/serviceRecords.js' or its corresponding type declarations.
src/services/sgas/MetaGovernanceAgentsService.ts(469,5): error TS6133: 'timeRange' is declared but its value is never read.
src/services/sgas/MetaGovernanceAgentsService.ts(470,5): error TS6133: 'rng' is declared but its value is never read.
src/services/sgas/MetaGovernanceAgentsService.ts(581,42): error TS6133: 'evidence' is declared but its value is never read.
src/services/sgas/MetaGovernanceAgentsService.ts(618,5): error TS6133: 'agent' is declared but its value is never read.
src/services/sgas/MetaGovernanceAgentsService.ts(751,5): error TS6133: 'agent' is declared but its value is never read.
src/services/sgas/MetaGovernanceAgentsService.ts(805,5): error TS6133: 'rng' is declared but its value is never read.
src/services/sgas/MetaGovernanceAgentsService.ts(861,5): error TS6133: 'agent' is declared but its value is never read.
src/services/sgas/ObserverAgentsService.ts(48,3): error TS6133: 'ReplayVerification' is declared but its value is never read.
src/services/sgas/ObserverAgentsService.ts(49,3): error TS6133: 'ReplayDifference' is declared but its value is never read.
src/services/sgas/ObserverAgentsService.ts(63,36): error TS2307: Cannot find module '../utils/serviceRecords.js' or its corresponding type declarations.
src/services/sgas/ObserverAgentsService.ts(547,5): error TS6133: 'adversarialOutputs' is declared but its value is never read.
src/services/sgas/ObserverAgentsService.ts(650,31): error TS6133: 'outputs' is declared but its value is never read.
src/services/sgas/ObserverAgentsService.ts(713,35): error TS6133: 'metricId' is declared but its value is never read.
src/services/sovereign/CanaryTripwireService.ts(29,30): error TS6133: 'deterministicInt' is declared but its value is never read.
src/services/sovereign/CanaryTripwireService.ts(29,48): error TS6133: 'deterministicPercentage' is declared but its value is never read.
src/services/sovereign/CanaryTripwireService.ts(29,73): error TS6133: 'deterministicPick' is declared but its value is never read.
src/services/sovereign/CanaryTripwireService.ts(30,36): error TS2307: Cannot find module '../utils/serviceRecords.js' or its corresponding type declarations.
src/services/sovereign/CanaryTripwireService.ts(626,42): error TS6133: 'alert' is declared but its value is never read.
src/services/sovereign/CendiaBlackBoxService.ts(25,36): error TS2307: Cannot find module '../utils/serviceRecords.js' or its corresponding type declarations.
src/services/sovereign/CendiaBlackBoxService.ts(145,11): error TS6133: 'db' is declared but its value is never read.
src/services/sovereign/CendiaBlackBoxService.ts(207,17): error TS6133: 'persistRecord' is declared but its value is never read.
src/services/sovereign/CendiaGlassService.ts(23,36): error TS2307: Cannot find module '../utils/serviceRecords.js' or its corresponding type declarations.
src/services/sovereign/CendiaKeyService.ts(23,36): error TS2307: Cannot find module '../utils/serviceRecords.js' or its corresponding type declarations.
src/services/sovereign/CendiaKeyService.ts(100,7): error TS6133: 'KEY_STATUS_TO_ENUM' is declared but its value is never read.
src/services/sovereign/CendiaKeyService.ts(551,69): error TS6133: 'publicKey' is declared but its value is never read.
src/services/sovereign/CendiaLegacyService.ts(23,36): error TS2307: Cannot find module '../utils/serviceRecords.js' or its corresponding type declarations.
src/services/sovereign/CendiaMeshService.ts(23,36): error TS2307: Cannot find module '../utils/serviceRecords.js' or its corresponding type declarations.
src/services/sovereign/CendiaMirageService.ts(23,36): error TS2307: Cannot find module '../utils/serviceRecords.js' or its corresponding type declarations.
src/services/sovereign/CendiaMirrorService.ts(23,36): error TS2307: Cannot find module '../utils/serviceRecords.js' or its corresponding type declarations.
src/services/sovereign/CendiaOracleService.ts(24,36): error TS2307: Cannot find module '../utils/serviceRecords.js' or its corresponding type declarations.
src/services/sovereign/CendiaVaultService.ts(23,36): error TS2307: Cannot find module '../utils/serviceRecords.js' or its corresponding type declarations.
src/services/sovereign/CendiaWitnessService.ts(25,36): error TS2307: Cannot find module '../utils/serviceRecords.js' or its corresponding type declarations.
src/services/sovereign/CendiaWitnessService.ts(313,42): error TS6133: 'releasedBy' is declared but its value is never read.
src/services/sovereign/DataDiodeService.ts(30,36): error TS2307: Cannot find module '../utils/serviceRecords.js' or its corresponding type declarations.
src/services/sovereign/DataDiodeService.ts(158,11): error TS6196: 'ParsedGribData' is declared but never used.
src/services/sovereign/DecisionDNAService.ts(524,36): error TS6133: 'deliberationId' is declared but its value is never read.
src/services/sovereign/DecisionDNAService.ts(563,39): error TS6133: 'deliberationId' is declared but its value is never read.
src/services/sovereign/DeterministicReplayService.ts(29,30): error TS6133: 'deterministicInt' is declared but its value is never read.
src/services/sovereign/DeterministicReplayService.ts(29,48): error TS6133: 'deterministicPercentage' is declared but its value is never read.
src/services/sovereign/DeterministicReplayService.ts(29,73): error TS6133: 'deterministicPick' is declared but its value is never read.
src/services/sovereign/LocalRLHFService.ts(27,1): error TS6133: 'prisma' is declared but its value is never read.
src/services/sovereign/LocalRLHFService.ts(29,36): error TS2307: Cannot find module '../utils/serviceRecords.js' or its corresponding type declarations.
src/services/sovereign/PortableInstanceService.ts(27,1): error TS6133: 'zlib' is declared but its value is never read.
src/services/sovereign/PortableInstanceService.ts(681,34): error TS6133: 'config' is declared but its value is never read.
src/services/sovereign/QRAirGapBridgeService.ts(177,7): error TS6133: 'ALPHANUMERIC_CHARS' is declared but its value is never read.
src/services/sovereign/QRAirGapBridgeService.ts(179,10): error TS6133: 'toBase45' is declared but its value is never read.
src/services/sovereign/QRAirGapBridgeService.ts(200,10): error TS6133: 'fromBase45' is declared but its value is never read.
src/services/sovereign/QRAirGapBridgeService.ts(763,17): error TS6133: 'id' is declared but its value is never read.
src/services/sovereign/ShadowCouncilService.ts(309,17): error TS6133: 'id' is declared but its value is never read.
src/services/sovereign/ShadowCouncilService.ts(445,5): error TS6133: 'question' is declared but its value is never read.
src/services/sovereign/ShadowCouncilService.ts(446,5): error TS6133: 'context' is declared but its value is never read.
src/services/sovereign/TimeLockService.ts(49,32): error TS6133: 'loadServiceRecords' is declared but its value is never read.
src/services/sovereign/TimeLockService.ts(596,15): error TS6133: 'iteration' is declared but its value is never read.
src/services/sovereign/TPMAttestationService.ts(28,32): error TS6133: 'loadServiceRecords' is declared but its value is never read.
src/services/sovereign/TPMAttestationService.ts(232,19): error TS6133: 'algorithm' is declared but its value is never read.
src/services/sports/SportsKnowledgeBase.ts(28,36): error TS2307: Cannot find module '../utils/serviceRecords.js' or its corresponding type declarations.
src/services/StatementOfFactsService.ts(22,36): error TS2307: Cannot find module '../utils/serviceRecords.js' or its corresponding type declarations.
src/services/StatementOfFactsService.ts(741,17): error TS6133: 'agentId' is declared but its value is never read.
src/services/storage/AnalyticsRouter.ts(24,24): error TS6133: 'DRUID_DATASOURCES' is declared but its value is never read.
src/services/storage/AnalyticsRouter.ts(25,29): error TS6133: 'CLICKHOUSE_TABLES' is declared but its value is never read.
src/services/storage/VectorService.ts(35,7): error TS6133: 'CURRENT_DIMENSION' is declared but its value is never read.
src/services/strategic/CendiaGraphService.ts(24,36): error TS2307: Cannot find module '../utils/serviceRecords.js' or its corresponding type declarations.
src/services/strategic/CendiaGraphService.ts(374,11): error TS6133: 'riskEntities' is declared but its value is never read.
src/services/strategic/CendiaGraphService.ts(436,49): error TS6133: 'target' is declared but its value is never read.
src/services/strategic/CendiaIngestService.ts(27,36): error TS2307: Cannot find module '../utils/serviceRecords.js' or its corresponding type declarations.
src/services/strategic/LogicGateService.ts(24,36): error TS2307: Cannot find module '../utils/serviceRecords.js' or its corresponding type declarations.
src/services/strategic/LogicGateService.ts(89,11): error TS6133: 'taskQueue' is declared but its value is never read.
src/services/strategic/SynthesisEngineService.ts(24,36): error TS2307: Cannot find module '../utils/serviceRecords.js' or its corresponding type declarations.
src/services/strategic/SynthesisEngineService.ts(397,5): error TS6133: 'question' is declared but its value is never read.
src/services/strategic/UnionService.ts(24,36): error TS2307: Cannot find module '../utils/serviceRecords.js' or its corresponding type declarations.
src/services/strategic/UnionService.ts(166,50): error TS6133: 'i' is declared but its value is never read.
src/services/strategic/WarGamesService.ts(24,36): error TS2307: Cannot find module '../utils/serviceRecords.js' or its corresponding type declarations.
src/services/vault/OpenBaoService.ts(41,1): error TS6133: 'crypto' is declared but its value is never read.
src/services/vault/OpenBaoService.ts(212,17): error TS6133: 'id' is declared but its value is never read.
src/services/VerticalAgentsService.ts(28,36): error TS2307: Cannot find module '../utils/serviceRecords.js' or its corresponding type declarations.
src/services/verticals/aerospace/AerospaceVerticalExpanded.ts(28,18): error TS6133: 'DataSource' is declared but its value is never read.
src/services/verticals/aerospace/AerospaceVerticalExpanded.ts(219,53): error TS6133: 'frameworkId' is declared but its value is never read.
src/services/verticals/agriculture/AgricultureVerticalExpanded.ts(28,18): error TS6133: 'DataSource' is declared but its value is never read.
src/services/verticals/automotive/AutomotiveVerticalExpanded.ts(28,18): error TS6133: 'DataSource' is declared but its value is never read.
src/services/verticals/automotive/AutomotiveVerticalExpanded.ts(435,27): error TS6133: 'step' is declared but its value is never read.
src/services/verticals/automotive/AutomotiveVerticalExpanded.ts(435,47): error TS6133: 'input' is declared but its value is never read.
src/services/verticals/construction/ConstructionVerticalExpanded.ts(28,18): error TS6133: 'DataSource' is declared but its value is never read.
src/services/verticals/construction/ConstructionVerticalExpanded.ts(357,56): error TS6133: 'frameworkId' is declared but its value is never read.
src/services/verticals/education/EducationVertical.ts(28,18): error TS6133: 'DataSource' is declared but its value is never read.
src/services/verticals/energy/EnergyDecisionSchemasExpanded.ts(27,3): error TS6133: 'TransmissionUpgradeDecision' is declared but its value is never read.
src/services/verticals/energy/EnergyDecisionSchemasExpanded.ts(28,3): error TS6133: 'FuelProcurementDecision' is declared but its value is never read.
src/services/verticals/energy/EnergyDecisionSchemasExpanded.ts(29,3): error TS6133: 'EnvironmentalComplianceDecision' is declared but its value is never read.
src/services/verticals/energy/EnergyDecisionSchemasExpanded.ts(30,3): error TS6133: 'AssetRetirementDecision' is declared but its value is never read.
src/services/verticals/energy/EnergyVertical.ts(55,72): error TS6133: 'EXPANDED_JURISDICTION_MAP' is declared but its value is never read.
src/services/verticals/energy/EnergyVertical.ts(67,1): error TS6192: All imports in import declaration are unused.
src/services/verticals/eu-banking/Basel3Engine.ts(30,1): error TS6133: 'logger' is declared but its value is never read.
src/services/verticals/eu-banking/Basel3Engine.ts(934,43): error TS6133: 'totalReq' is declared but its value is never read.
src/services/verticals/eu-banking/EUAIActEngine.ts(1030,29): error TS6133: 'system' is declared but its value is never read.
src/services/verticals/government/GovernmentVertical.ts(48,72): error TS6133: 'EXPANDED_JURISDICTION_MAP' is declared but its value is never read.
src/services/verticals/healthcare/HealthcareVertical.ts(28,32): error TS6133: 'loadServiceRecords' is declared but its value is never read.
src/services/verticals/healthcare/HealthcareVertical.ts(58,72): error TS6133: 'EXPANDED_JURISDICTION_MAP' is declared but its value is never read.
src/services/verticals/hospitality/HospitalityVerticalExpanded.ts(28,18): error TS6133: 'DataSource' is declared but its value is never read.
src/services/verticals/hospitality/HospitalityVerticalExpanded.ts(353,55): error TS6133: 'frameworkId' is declared but its value is never read.
src/services/verticals/insurance/InsuranceComplianceExpanded.ts(21,31): error TS6133: 'ComplianceControl' is declared but its value is never read.
src/services/verticals/insurance/InsuranceVertical.ts(55,52): error TS6133: 'EXPANDED_INSURANCE_COMPLIANCE_MAPPINGS' is declared but its value is never read.
src/services/verticals/insurance/InsuranceVertical.ts(55,92): error TS6133: 'EXPANDED_INSURANCE_JURISDICTION_MAP' is declared but its value is never read.
src/services/verticals/insurance/InsuranceVertical.ts(65,3): error TS6133: 'ExpandedInsuranceDecision' is declared but its value is never read.
src/services/verticals/insurance/InsuranceVertical.ts(312,5): error TS6133: 'decision' is declared but its value is never read.
src/services/verticals/legal/LegalDecisionSchemas.ts(30,3): error TS6133: 'EmploymentDisputeDecision' is declared but its value is never read.
src/services/verticals/legal/LegalDecisionSchemas.ts(31,3): error TS6133: 'IPProtectionDecision' is declared but its value is never read.
src/services/verticals/legal/LegalDecisionSchemas.ts(32,3): error TS6133: 'DataPrivacyComplianceDecision' is declared but its value is never read.
src/services/verticals/legal/LegalDecisionSchemas.ts(34,3): error TS6133: 'ExpertEngagementDecision' is declared but its value is never read.
src/services/verticals/legal/LegalVertical.ts(40,3): error TS6133: 'BaseDecision' is declared but its value is never read.
src/services/verticals/legal/LegalVertical.ts(41,3): error TS6133: 'ValidationResult' is declared but its value is never read.
src/services/verticals/legal/LegalVertical.ts(42,3): error TS6133: 'DefensibleArtifact' is declared but its value is never read.
src/services/verticals/legal/LegalVertical.ts(59,3): error TS6133: 'PrivilegeLevel' is declared but its value is never read.
src/services/verticals/legal/LegalVertical.ts(67,3): error TS6133: 'EmploymentDisputeDecision' is declared but its value is never read.
src/services/verticals/legal/LegalVertical.ts(68,3): error TS6133: 'IPProtectionDecision' is declared but its value is never read.
src/services/verticals/legal/LegalVertical.ts(69,3): error TS6133: 'DataPrivacyComplianceDecision' is declared but its value is never read.
src/services/verticals/legal/LegalVertical.ts(71,3): error TS6133: 'ExpertEngagementDecision' is declared but its value is never read.
src/services/verticals/legal/LegalVertical.ts(211,34): error TS6133: 'query' is declared but its value is never read.
src/services/verticals/legal/LegalVertical.ts(504,22): error TS6133: 'context' is declared but its value is never read.
src/services/verticals/manufacturing/ManufacturingVertical.ts(54,72): error TS6133: 'EXPANDED_JURISDICTION_MAP' is declared but its value is never read.
src/services/verticals/manufacturing/ManufacturingVertical.ts(66,1): error TS6192: All imports in import declaration are unused.
src/services/verticals/media/MediaVerticalExpanded.ts(28,18): error TS6133: 'DataSource' is declared but its value is never read.
src/services/verticals/media/MediaVerticalExpanded.ts(209,49): error TS6133: 'frameworkId' is declared but its value is never read.
src/services/verticals/meta/VerticalSentinelService.ts(32,32): error TS6133: 'loadServiceRecords' is declared but its value is never read.
src/services/verticals/meta/VerticalSentinelService.ts(33,1): error TS6133: 'logger' is declared but its value is never read.
src/services/verticals/pharmaceutical/PharmaceuticalVerticalExpanded.ts(28,18): error TS6133: 'DataSource' is declared but its value is never read.
src/services/verticals/pharmaceutical/PharmaceuticalVerticalExpanded.ts(359,58): error TS6133: 'frameworkId' is declared but its value is never read.
src/services/verticals/realestate/RealEstateVertical.ts(28,18): error TS6133: 'DataSource' is declared but its value is never read.
src/services/verticals/retail/RetailVerticalExpanded.ts(30,18): error TS6133: 'DataSource' is declared but its value is never read.
src/services/verticals/sports/SportsVerticalExpanded.ts(28,18): error TS6133: 'DataSource' is declared but its value is never read.
src/services/verticals/sports/SportsVerticalExpanded.ts(218,50): error TS6133: 'frameworkId' is declared but its value is never read.
src/services/verticals/technology/TechnologyVertical.ts(27,3): error TS6133: 'DataSource' is declared but its value is never read.
src/services/verticals/technology/TechnologyVertical.ts(403,34): error TS6133: 'query' is declared but its value is never read.
src/services/verticals/telecom/TelecomVerticalExpanded.ts(28,18): error TS6133: 'DataSource' is declared but its value is never read.
src/services/verticals/telecom/TelecomVerticalExpanded.ts(208,51): error TS6133: 'frameworkId' is declared but its value is never read.
src/services/verticals/transportation/TransportationVerticalExpanded.ts(28,18): error TS6133: 'DataSource' is declared but its value is never read.
src/services/verticals/transportation/TransportationVerticalExpanded.ts(215,58): error TS6133: 'frameworkId' is declared but its value is never read.
src/services/visualization/DecisionReplayTheaterService.ts(26,36): error TS2307: Cannot find module '../utils/serviceRecords.js' or its corresponding type declarations.
src/services/visualization/DeliberationVisualizationService.ts(29,36): error TS2307: Cannot find module '../utils/serviceRecords.js' or its corresponding type declarations.
src/services/webhook.service.ts(24,36): error TS2307: Cannot find module '../utils/serviceRecords.js' or its corresponding type declarations.
src/utils/servicePersistence.ts(24,36): error TS2307: Cannot find module '../utils/serviceRecords.js' or its corresponding type declarations.
